Archive member included to satisfy reference by file (symbol)

/opt/st/stm32cubeide_1.9.0/plugins/com.st.stm32cube.ide.mcu.externaltools.gnu-tools-for-stm32.10.3-2021.10.linux64_1.0.0.202111181127/tools/bin/../lib/gcc/arm-none-eabi/10.3.1/../../../../arm-none-eabi/lib/thumb/v7e-m+fp/hard/libc_nano.a(lib_a-errno.o)
                              ./Core/Src/syscalls.o (__errno)
/opt/st/stm32cubeide_1.9.0/plugins/com.st.stm32cube.ide.mcu.externaltools.gnu-tools-for-stm32.10.3-2021.10.linux64_1.0.0.202111181127/tools/bin/../lib/gcc/arm-none-eabi/10.3.1/../../../../arm-none-eabi/lib/thumb/v7e-m+fp/hard/libc_nano.a(lib_a-exit.o)
                              /opt/st/stm32cubeide_1.9.0/plugins/com.st.stm32cube.ide.mcu.externaltools.gnu-tools-for-stm32.10.3-2021.10.linux64_1.0.0.202111181127/tools/bin/../lib/gcc/arm-none-eabi/10.3.1/../../../../arm-none-eabi/lib/thumb/v7e-m+fp/hard/crt0.o (exit)
/opt/st/stm32cubeide_1.9.0/plugins/com.st.stm32cube.ide.mcu.externaltools.gnu-tools-for-stm32.10.3-2021.10.linux64_1.0.0.202111181127/tools/bin/../lib/gcc/arm-none-eabi/10.3.1/../../../../arm-none-eabi/lib/thumb/v7e-m+fp/hard/libc_nano.a(lib_a-impure.o)
                              /opt/st/stm32cubeide_1.9.0/plugins/com.st.stm32cube.ide.mcu.externaltools.gnu-tools-for-stm32.10.3-2021.10.linux64_1.0.0.202111181127/tools/bin/../lib/gcc/arm-none-eabi/10.3.1/../../../../arm-none-eabi/lib/thumb/v7e-m+fp/hard/libc_nano.a(lib_a-exit.o) (_global_impure_ptr)
/opt/st/stm32cubeide_1.9.0/plugins/com.st.stm32cube.ide.mcu.externaltools.gnu-tools-for-stm32.10.3-2021.10.linux64_1.0.0.202111181127/tools/bin/../lib/gcc/arm-none-eabi/10.3.1/../../../../arm-none-eabi/lib/thumb/v7e-m+fp/hard/libc_nano.a(lib_a-init.o)
                              /opt/st/stm32cubeide_1.9.0/plugins/com.st.stm32cube.ide.mcu.externaltools.gnu-tools-for-stm32.10.3-2021.10.linux64_1.0.0.202111181127/tools/bin/../lib/gcc/arm-none-eabi/10.3.1/../../../../arm-none-eabi/lib/thumb/v7e-m+fp/hard/crt0.o (__libc_init_array)
/opt/st/stm32cubeide_1.9.0/plugins/com.st.stm32cube.ide.mcu.externaltools.gnu-tools-for-stm32.10.3-2021.10.linux64_1.0.0.202111181127/tools/bin/../lib/gcc/arm-none-eabi/10.3.1/../../../../arm-none-eabi/lib/thumb/v7e-m+fp/hard/libc_nano.a(lib_a-memset.o)
                              /opt/st/stm32cubeide_1.9.0/plugins/com.st.stm32cube.ide.mcu.externaltools.gnu-tools-for-stm32.10.3-2021.10.linux64_1.0.0.202111181127/tools/bin/../lib/gcc/arm-none-eabi/10.3.1/../../../../arm-none-eabi/lib/thumb/v7e-m+fp/hard/crt0.o (memset)
/opt/st/stm32cubeide_1.9.0/plugins/com.st.stm32cube.ide.mcu.externaltools.gnu-tools-for-stm32.10.3-2021.10.linux64_1.0.0.202111181127/tools/bin/../lib/gcc/arm-none-eabi/10.3.1/thumb/v7e-m+fp/hard/libgcc.a(_aeabi_uldivmod.o)
                              ./Drivers/STM32F4xx_HAL_Driver/Src/stm32f4xx_hal_rcc.o (__aeabi_uldivmod)
/opt/st/stm32cubeide_1.9.0/plugins/com.st.stm32cube.ide.mcu.externaltools.gnu-tools-for-stm32.10.3-2021.10.linux64_1.0.0.202111181127/tools/bin/../lib/gcc/arm-none-eabi/10.3.1/thumb/v7e-m+fp/hard/libgcc.a(_udivmoddi4.o)
                              /opt/st/stm32cubeide_1.9.0/plugins/com.st.stm32cube.ide.mcu.externaltools.gnu-tools-for-stm32.10.3-2021.10.linux64_1.0.0.202111181127/tools/bin/../lib/gcc/arm-none-eabi/10.3.1/thumb/v7e-m+fp/hard/libgcc.a(_aeabi_uldivmod.o) (__udivmoddi4)
/opt/st/stm32cubeide_1.9.0/plugins/com.st.stm32cube.ide.mcu.externaltools.gnu-tools-for-stm32.10.3-2021.10.linux64_1.0.0.202111181127/tools/bin/../lib/gcc/arm-none-eabi/10.3.1/thumb/v7e-m+fp/hard/libgcc.a(_dvmd_tls.o)
                              /opt/st/stm32cubeide_1.9.0/plugins/com.st.stm32cube.ide.mcu.externaltools.gnu-tools-for-stm32.10.3-2021.10.linux64_1.0.0.202111181127/tools/bin/../lib/gcc/arm-none-eabi/10.3.1/thumb/v7e-m+fp/hard/libgcc.a(_aeabi_uldivmod.o) (__aeabi_ldiv0)

Discarded input sections

 .text          0x0000000000000000        0x0 /opt/st/stm32cubeide_1.9.0/plugins/com.st.stm32cube.ide.mcu.externaltools.gnu-tools-for-stm32.10.3-2021.10.linux64_1.0.0.202111181127/tools/bin/../lib/gcc/arm-none-eabi/10.3.1/thumb/v7e-m+fp/hard/crti.o
 .data          0x0000000000000000        0x0 /opt/st/stm32cubeide_1.9.0/plugins/com.st.stm32cube.ide.mcu.externaltools.gnu-tools-for-stm32.10.3-2021.10.linux64_1.0.0.202111181127/tools/bin/../lib/gcc/arm-none-eabi/10.3.1/thumb/v7e-m+fp/hard/crti.o
 .bss           0x0000000000000000        0x0 /opt/st/stm32cubeide_1.9.0/plugins/com.st.stm32cube.ide.mcu.externaltools.gnu-tools-for-stm32.10.3-2021.10.linux64_1.0.0.202111181127/tools/bin/../lib/gcc/arm-none-eabi/10.3.1/thumb/v7e-m+fp/hard/crti.o
 .data          0x0000000000000000        0x4 /opt/st/stm32cubeide_1.9.0/plugins/com.st.stm32cube.ide.mcu.externaltools.gnu-tools-for-stm32.10.3-2021.10.linux64_1.0.0.202111181127/tools/bin/../lib/gcc/arm-none-eabi/10.3.1/thumb/v7e-m+fp/hard/crtbegin.o
[...]
Memory Configuration

Name             Origin             Length             Attributes
CCMRAM           0x0000000010000000 0x0000000000010000 xrw
RAM              0x0000000020000000 0x0000000000030000 xrw
FLASH            0x0000000008000000 0x0000000000200000 xr
*default*        0x0000000000000000 0xffffffffffffffff

Linker script and memory map

LOAD /opt/st/stm32cubeide_1.9.0/plugins/com.st.stm32cube.ide.mcu.externaltools.gnu-tools-for-stm32.10.3-2021.10.linux64_1.0.0.202111181127/tools/bin/../lib/gcc/arm-none-eabi/10.3.1/thumb/v7e-m+fp/hard/crti.o
LOAD /opt/st/stm32cubeide_1.9.0/plugins/com.st.stm32cube.ide.mcu.externaltools.gnu-tools-for-stm32.10.3-2021.10.linux64_1.0.0.202111181127/tools/bin/../lib/gcc/arm-none-eabi/10.3.1/thumb/v7e-m+fp/hard/crtbegin.o
LOAD /opt/st/stm32cubeide_1.9.0/plugins/com.st.stm32cube.ide.mcu.externaltools.gnu-tools-for-stm32.10.3-2021.10.linux64_1.0.0.202111181127/tools/bin/../lib/gcc/arm-none-eabi/10.3.1/../../../../arm-none-eabi/lib/thumb/v7e-m+fp/hard/crt0.o
LOAD ./Core/Src/gpio.o
LOAD ./Core/Src/lcd16x2.o
LOAD ./Core/Src/main.o
LOAD ./Core/Src/stm32f4xx_hal_msp.o
LOAD ./Core/Src/stm32f4xx_it.o
LOAD ./Core/Src/syscalls.o
LOAD ./Core/Src/sysmem.o
LOAD ./Core/Src/system_stm32f4xx.o
LOAD ./Core/Src/tim.o
LOAD ./Core/Src/usart.o
LOAD ./Core/Startup/startup_stm32f429zitx.o
LOAD ./Drivers/STM32F4xx_HAL_Driver/Src/stm32f4xx_hal.o
LOAD ./Drivers/STM32F4xx_HAL_Driver/Src/stm32f4xx_hal_cortex.o
LOAD ./Drivers/STM32F4xx_HAL_Driver/Src/stm32f4xx_hal_dma.o
LOAD ./Drivers/STM32F4xx_HAL_Driver/Src/stm32f4xx_hal_dma_ex.o
LOAD ./Drivers/STM32F4xx_HAL_Driver/Src/stm32f4xx_hal_exti.o
LOAD ./Drivers/STM32F4xx_HAL_Driver/Src/stm32f4xx_hal_flash.o
LOAD ./Drivers/STM32F4xx_HAL_Driver/Src/stm32f4xx_hal_flash_ex.o
LOAD ./Drivers/STM32F4xx_HAL_Driver/Src/stm32f4xx_hal_flash_ramfunc.o
LOAD ./Drivers/STM32F4xx_HAL_Driver/Src/stm32f4xx_hal_gpio.o
LOAD ./Drivers/STM32F4xx_HAL_Driver/Src/stm32f4xx_hal_pwr.o
LOAD ./Drivers/STM32F4xx_HAL_Driver/Src/stm32f4xx_hal_pwr_ex.o
LOAD ./Drivers/STM32F4xx_HAL_Driver/Src/stm32f4xx_hal_rcc.o
LOAD ./Drivers/STM32F4xx_HAL_Driver/Src/stm32f4xx_hal_rcc_ex.o
LOAD ./Drivers/STM32F4xx_HAL_Driver/Src/stm32f4xx_hal_tim.o
LOAD ./Drivers/STM32F4xx_HAL_Driver/Src/stm32f4xx_hal_tim_ex.o
LOAD ./Drivers/STM32F4xx_HAL_Driver/Src/stm32f4xx_hal_uart.o
START GROUP
LOAD /opt/st/stm32cubeide_1.9.0/plugins/com.st.stm32cube.ide.mcu.externaltools.gnu-tools-for-stm32.10.3-2021.10.linux64_1.0.0.202111181127/tools/bin/../lib/gcc/arm-none-eabi/10.3.1/../../../../arm-none-eabi/lib/thumb/v7e-m+fp/hard/libc_nano.a
LOAD /opt/st/stm32cubeide_1.9.0/plugins/com.st.stm32cube.ide.mcu.externaltools.gnu-tools-for-stm32.10.3-2021.10.linux64_1.0.0.202111181127/tools/bin/../lib/gcc/arm-none-eabi/10.3.1/../../../../arm-none-eabi/lib/thumb/v7e-m+fp/hard/libm.a
END GROUP
START GROUP
LOAD /opt/st/stm32cubeide_1.9.0/plugins/com.st.stm32cube.ide.mcu.externaltools.gnu-tools-for-stm32.10.3-2021.10.linux64_1.0.0.202111181127/tools/bin/../lib/gcc/arm-none-eabi/10.3.1/thumb/v7e-m+fp/hard/libgcc.a
LOAD /opt/st/stm32cubeide_1.9.0/plugins/com.st.stm32cube.ide.mcu.externaltools.gnu-tools-for-stm32.10.3-2021.10.linux64_1.0.0.202111181127/tools/bin/../lib/gcc/arm-none-eabi/10.3.1/../../../../arm-none-eabi/lib/thumb/v7e-m+fp/hard/libc_nano.a
END GROUP
START GROUP
LOAD /opt/st/stm32cubeide_1.9.0/plugins/com.st.stm32cube.ide.mcu.externaltools.gnu-tools-for-stm32.10.3-2021.10.linux64_1.0.0.202111181127/tools/bin/../lib/gcc/arm-none-eabi/10.3.1/thumb/v7e-m+fp/hard/libgcc.a
LOAD /opt/st/stm32cubeide_1.9.0/plugins/com.st.stm32cube.ide.mcu.externaltools.gnu-tools-for-stm32.10.3-2021.10.linux64_1.0.0.202111181127/tools/bin/../lib/gcc/arm-none-eabi/10.3.1/../../../../arm-none-eabi/lib/thumb/v7e-m+fp/hard/libc_nano.a
LOAD /opt/st/stm32cubeide_1.9.0/plugins/com.st.stm32cube.ide.mcu.externaltools.gnu-tools-for-stm32.10.3-2021.10.linux64_1.0.0.202111181127/tools/bin/../lib/gcc/arm-none-eabi/10.3.1/../../../../arm-none-eabi/lib/thumb/v7e-m+fp/hard/libnosys.a
END GROUP
START GROUP
LOAD /opt/st/stm32cubeide_1.9.0/plugins/com.st.stm32cube.ide.mcu.externaltools.gnu-tools-for-stm32.10.3-2021.10.linux64_1.0.0.202111181127/tools/bin/../lib/gcc/arm-none-eabi/10.3.1/thumb/v7e-m+fp/hard/libgcc.a
LOAD /opt/st/stm32cubeide_1.9.0/plugins/com.st.stm32cube.ide.mcu.externaltools.gnu-tools-for-stm32.10.3-2021.10.linux64_1.0.0.202111181127/tools/bin/../lib/gcc/arm-none-eabi/10.3.1/../../../../arm-none-eabi/lib/thumb/v7e-m+fp/hard/libc_nano.a
LOAD /opt/st/stm32cubeide_1.9.0/plugins/com.st.stm32cube.ide.mcu.externaltools.gnu-tools-for-stm32.10.3-2021.10.linux64_1.0.0.202111181127/tools/bin/../lib/gcc/arm-none-eabi/10.3.1/../../../../arm-none-eabi/lib/thumb/v7e-m+fp/hard/libnosys.a
END GROUP
LOAD /opt/st/stm32cubeide_1.9.0/plugins/com.st.stm32cube.ide.mcu.externaltools.gnu-tools-for-stm32.10.3-2021.10.linux64_1.0.0.202111181127/tools/bin/../lib/gcc/arm-none-eabi/10.3.1/thumb/v7e-m+fp/hard/crtend.o
LOAD /opt/st/stm32cubeide_1.9.0/plugins/com.st.stm32cube.ide.mcu.externaltools.gnu-tools-for-stm32.10.3-2021.10.linux64_1.0.0.202111181127/tools/bin/../lib/gcc/arm-none-eabi/10.3.1/thumb/v7e-m+fp/hard/crtn.o
                0x0000000020030000                _estack = (ORIGIN (RAM) + LENGTH (RAM))
                0x0000000000000200                _Min_Heap_Size = 0x200
                0x0000000000000400                _Min_Stack_Size = 0x400

.isr_vector     0x0000000008000000      0x1ac
                0x0000000008000000                . = ALIGN (0x4)
 *(.isr_vector)
 .isr_vector    0x0000000008000000      0x1ac ./Core/Startup/startup_stm32f429zitx.o
                0x0000000008000000                g_pfnVectors
                0x00000000080001ac                . = ALIGN (0x4)

.text           0x00000000080001ac     0x4208
                0x00000000080001ac                . = ALIGN (0x4)
 *(.text)
 .text          0x00000000080001ac       0x40 /opt/st/stm32cubeide_1.9.0/plugins/com.st.stm32cube.ide.mcu.externaltools.gnu-tools-for-stm32.10.3-2021.10.linux64_1.0.0.202111181127/tools/bin/../lib/gcc/arm-none-eabi/10.3.1/thumb/v7e-m+fp/hard/crtbegin.o
 .text          0x00000000080001ec       0x30 /opt/st/stm32cubeide_1.9.0/plugins/com.st.stm32cube.ide.mcu.externaltools.gnu-tools-for-stm32.10.3-2021.10.linux64_1.0.0.202111181127/tools/bin/../lib/gcc/arm-none-eabi/10.3.1/thumb/v7e-m+fp/hard/libgcc.a(_aeabi_uldivmod.o)
                0x00000000080001ec                __aeabi_uldivmod
 .text          0x000000000800021c      0x2d0 /opt/st/stm32cubeide_1.9.0/plugins/com.st.stm32cube.ide.mcu.externaltools.gnu-tools-for-stm32.10.3-2021.10.linux64_1.0.0.202111181127/tools/bin/../lib/gcc/arm-none-eabi/10.3.1/thumb/v7e-m+fp/hard/libgcc.a(_udivmoddi4.o)
                0x000000000800021c                __udivmoddi4
 .text          0x00000000080004ec        0x4 /opt/st/stm32cubeide_1.9.0/plugins/com.st.stm32cube.ide.mcu.externaltools.gnu-tools-for-stm32.10.3-2021.10.linux64_1.0.0.202111181127/tools/bin/../lib/gcc/arm-none-eabi/10.3.1/thumb/v7e-m+fp/hard/libgcc.a(_dvmd_tls.o)
                0x00000000080004ec                __aeabi_ldiv0
                0x00000000080004ec                __aeabi_idiv0
 *(.text*)
 .text.MX_GPIO_Init
                0x00000000080004f0      0x1b8 ./Core/Src/gpio.o
                0x00000000080004f0                MX_GPIO_Init
 .text.send_to_lcd
                0x00000000080006a8       0x48 ./Core/Src/lcd16x2.o
                0x00000000080006a8                send_to_lcd
 .text.lcd_cmd  0x00000000080006f0       0x3c ./Core/Src/lcd16x2.o
                0x00000000080006f0                lcd_cmd
 .text.lcd_data
                0x000000000800072c       0x3c ./Core/Src/lcd16x2.o
                0x000000000800072c                lcd_data
 .text.lcd_write_string
                0x0000000008000768       0x38 ./Core/Src/lcd16x2.o
                0x0000000008000768                lcd_write_string
 .text.lcd_init
                0x00000000080007a0       0x4a ./Core/Src/lcd16x2.o
                0x00000000080007a0                lcd_init
 .text.lcd_set_pos
                0x00000000080007ea       0x34 ./Core/Src/lcd16x2.o
                0x00000000080007ea                lcd_set_pos
 .text.lcd_clear
                0x000000000800081e        0xe ./Core/Src/lcd16x2.o
                0x000000000800081e                lcd_clear
 .text.main     0x000000000800082c       0xf8 ./Core/Src/main.o
                0x000000000800082c                main
 .text.SystemClock_Config
                0x0000000008000924       0xd8 ./Core/Src/main.o
                0x0000000008000924                SystemClock_Config
 .text.uart_RX2_task
                0x00000000080009fc       0xa4 ./Core/Src/main.o
                0x00000000080009fc                uart_RX2_task
 .text.uart_RX1_task
                0x0000000008000aa0       0xd4 ./Core/Src/main.o
                0x0000000008000aa0                uart_RX1_task
 .text.segment_display_task
                0x0000000008000b74       0x7c ./Core/Src/main.o
                0x0000000008000b74                segment_display_task
 .text.lcd_display_task
                0x0000000008000bf0       0xe4 ./Core/Src/main.o
                0x0000000008000bf0                lcd_display_task
 .text.m_send_to_lcd
                0x0000000008000cd4       0xa4 ./Core/Src/main.o
                0x0000000008000cd4                m_send_to_lcd
 .text.task_timer
                0x0000000008000d78       0xc4 ./Core/Src/main.o
                0x0000000008000d78                task_timer
 .text.key_read_task
                0x0000000008000e3c       0xd8 ./Core/Src/main.o
                0x0000000008000e3c                key_read_task
 .text.main_task
                0x0000000008000f14       0xf0 ./Core/Src/main.o
                0x0000000008000f14                main_task
 .text.TX1_delay_update
                0x0000000008001004       0x28 ./Core/Src/main.o
                0x0000000008001004                TX1_delay_update
 .text.TX2_delay_update
                0x000000000800102c       0x28 ./Core/Src/main.o
                0x000000000800102c                TX2_delay_update
 .text.Set_Trasnmitter_TX1
                0x0000000008001054       0x18 ./Core/Src/main.o
                0x0000000008001054                Set_Trasnmitter_TX1
 .text.Set_Receiver_TX1
                0x000000000800106c       0x18 ./Core/Src/main.o
                0x000000000800106c                Set_Receiver_TX1
 .text.Set_Trasnmitter_TX2
                0x0000000008001084       0x18 ./Core/Src/main.o
                0x0000000008001084                Set_Trasnmitter_TX2
 .text.Set_Receiver_TX2
                0x000000000800109c       0x18 ./Core/Src/main.o
                0x000000000800109c                Set_Receiver_TX2
 .text.uart_TX1_task
                0x00000000080010b4       0x40 ./Core/Src/main.o
                0x00000000080010b4                uart_TX1_task
 .text.uart_TX2_task
                0x00000000080010f4       0x40 ./Core/Src/main.o
                0x00000000080010f4                uart_TX2_task
 .text.setEvent
                0x0000000008001134       0x44 ./Core/Src/main.o
                0x0000000008001134                setEvent
 .text.getEvent
                0x0000000008001178       0x44 ./Core/Src/main.o
                0x0000000008001178                getEvent
 .text.seven_segment_driver
                0x00000000080011bc       0x50 ./Core/Src/main.o
                0x00000000080011bc                seven_segment_driver
 .text.HAL_TIM_PeriodElapsedCallback
                0x000000000800120c       0x44 ./Core/Src/main.o
                0x000000000800120c                HAL_TIM_PeriodElapsedCallback
 .text.HAL_UART_RxCpltCallback
                0x0000000008001250       0x98 ./Core/Src/main.o
                0x0000000008001250                HAL_UART_RxCpltCallback
 .text.Error_Handler
                0x00000000080012e8        0xa ./Core/Src/main.o
                0x00000000080012e8                Error_Handler
 *fill*         0x00000000080012f2        0x2 
 .text.HAL_MspInit
                0x00000000080012f4       0x50 ./Core/Src/stm32f4xx_hal_msp.o
                0x00000000080012f4                HAL_MspInit
 .text.NMI_Handler
                0x0000000008001344        0x6 ./Core/Src/stm32f4xx_it.o
                0x0000000008001344                NMI_Handler
 .text.HardFault_Handler
                0x000000000800134a        0x6 ./Core/Src/stm32f4xx_it.o
                0x000000000800134a                HardFault_Handler
 .text.MemManage_Handler
                0x0000000008001350        0x6 ./Core/Src/stm32f4xx_it.o
                0x0000000008001350                MemManage_Handler
 .text.BusFault_Handler
                0x0000000008001356        0x6 ./Core/Src/stm32f4xx_it.o
                0x0000000008001356                BusFault_Handler
 .text.UsageFault_Handler
                0x000000000800135c        0x6 ./Core/Src/stm32f4xx_it.o
                0x000000000800135c                UsageFault_Handler
 .text.SVC_Handler
                0x0000000008001362        0xe ./Core/Src/stm32f4xx_it.o
                0x0000000008001362                SVC_Handler
 .text.DebugMon_Handler
                0x0000000008001370        0xe ./Core/Src/stm32f4xx_it.o
                0x0000000008001370                DebugMon_Handler
 .text.PendSV_Handler
                0x000000000800137e        0xe ./Core/Src/stm32f4xx_it.o
                0x000000000800137e                PendSV_Handler
 .text.SysTick_Handler
                0x000000000800138c        0xc ./Core/Src/stm32f4xx_it.o
                0x000000000800138c                SysTick_Handler
 .text.TIM3_IRQHandler
                0x0000000008001398       0x14 ./Core/Src/stm32f4xx_it.o
                0x0000000008001398                TIM3_IRQHandler
 .text.TIM4_IRQHandler
                0x00000000080013ac       0x14 ./Core/Src/stm32f4xx_it.o
                0x00000000080013ac                TIM4_IRQHandler
 .text.UART4_IRQHandler
                0x00000000080013c0       0x14 ./Core/Src/stm32f4xx_it.o
                0x00000000080013c0                UART4_IRQHandler
 .text.UART5_IRQHandler
                0x00000000080013d4       0x14 ./Core/Src/stm32f4xx_it.o
                0x00000000080013d4                UART5_IRQHandler
 .text.SystemInit
                0x00000000080013e8       0x24 ./Core/Src/system_stm32f4xx.o
                0x00000000080013e8                SystemInit
 .text.MX_TIM3_Init
                0x000000000800140c       0x9c ./Core/Src/tim.o
                0x000000000800140c                MX_TIM3_Init
 .text.MX_TIM4_Init
                0x00000000080014a8       0x9c ./Core/Src/tim.o
                0x00000000080014a8                MX_TIM4_Init
 .text.HAL_TIM_Base_MspInit
                0x0000000008001544       0x8c ./Core/Src/tim.o
                0x0000000008001544                HAL_TIM_Base_MspInit
 .text.MX_UART4_Init
                0x00000000080015d0       0x54 ./Core/Src/usart.o
                0x00000000080015d0                MX_UART4_Init
 .text.MX_UART5_Init
                0x0000000008001624       0x54 ./Core/Src/usart.o
                0x0000000008001624                MX_UART5_Init
 .text.HAL_UART_MspInit
                0x0000000008001678      0x15c ./Core/Src/usart.o
                0x0000000008001678                HAL_UART_MspInit
 .text.Reset_Handler
                0x00000000080017d4       0x50 ./Core/Startup/startup_stm32f429zitx.o
                0x00000000080017d4                Reset_Handler
 .text.Default_Handler
                0x0000000008001824        0x2 ./Core/Startup/startup_stm32f429zitx.o
                0x0000000008001824                RTC_Alarm_IRQHandler
                0x0000000008001824                HASH_RNG_IRQHandler
                0x0000000008001824                EXTI2_IRQHandler
                0x0000000008001824                TIM8_CC_IRQHandler
                0x0000000008001824                UART8_IRQHandler
                0x0000000008001824                SPI4_IRQHandler
                0x0000000008001824                TIM1_CC_IRQHandler
                0x0000000008001824                DMA2_Stream5_IRQHandler
                0x0000000008001824                DMA1_Stream5_IRQHandler
                0x0000000008001824                PVD_IRQHandler
                0x0000000008001824                SDIO_IRQHandler
                0x0000000008001824                TAMP_STAMP_IRQHandler
                0x0000000008001824                CAN2_RX1_IRQHandler
                0x0000000008001824                EXTI3_IRQHandler
                0x0000000008001824                TIM8_TRG_COM_TIM14_IRQHandler
                0x0000000008001824                TIM1_UP_TIM10_IRQHandler
                0x0000000008001824                TIM8_UP_TIM13_IRQHandler
                0x0000000008001824                I2C3_ER_IRQHandler
                0x0000000008001824                EXTI0_IRQHandler
                0x0000000008001824                I2C2_EV_IRQHandler
                0x0000000008001824                DMA1_Stream2_IRQHandler
                0x0000000008001824                CAN1_RX0_IRQHandler
                0x0000000008001824                FPU_IRQHandler
                0x0000000008001824                OTG_HS_WKUP_IRQHandler
                0x0000000008001824                LTDC_ER_IRQHandler
                0x0000000008001824                CAN2_SCE_IRQHandler
                0x0000000008001824                DMA2_Stream2_IRQHandler
                0x0000000008001824                SPI1_IRQHandler
                0x0000000008001824                TIM6_DAC_IRQHandler
                0x0000000008001824                TIM1_BRK_TIM9_IRQHandler
                0x0000000008001824                DCMI_IRQHandler
                0x0000000008001824                CAN2_RX0_IRQHandler
                0x0000000008001824                DMA2_Stream3_IRQHandler
                0x0000000008001824                USART6_IRQHandler
                0x0000000008001824                USART3_IRQHandler
                0x0000000008001824                CAN1_RX1_IRQHandler
                0x0000000008001824                DMA2_Stream0_IRQHandler
                0x0000000008001824                I2C1_EV_IRQHandler
                0x0000000008001824                DMA1_Stream6_IRQHandler
                0x0000000008001824                DMA1_Stream1_IRQHandler
                0x0000000008001824                RCC_IRQHandler
                0x0000000008001824                TIM8_BRK_TIM12_IRQHandler
                0x0000000008001824                Default_Handler
                0x0000000008001824                EXTI15_10_IRQHandler
                0x0000000008001824                ADC_IRQHandler
                0x0000000008001824                DMA1_Stream7_IRQHandler
                0x0000000008001824                SPI5_IRQHandler
                0x0000000008001824                TIM7_IRQHandler
                0x0000000008001824                CAN2_TX_IRQHandler
                0x0000000008001824                TIM5_IRQHandler
                0x0000000008001824                DMA2_Stream7_IRQHandler
                0x0000000008001824                I2C3_EV_IRQHandler
                0x0000000008001824                EXTI9_5_IRQHandler
                0x0000000008001824                RTC_WKUP_IRQHandler
                0x0000000008001824                LTDC_IRQHandler
                0x0000000008001824                ETH_WKUP_IRQHandler
                0x0000000008001824                SPI2_IRQHandler
                0x0000000008001824                OTG_HS_EP1_IN_IRQHandler
                0x0000000008001824                DMA1_Stream0_IRQHandler
                0x0000000008001824                CAN1_TX_IRQHandler
                0x0000000008001824                EXTI4_IRQHandler
                0x0000000008001824                ETH_IRQHandler
                0x0000000008001824                OTG_HS_EP1_OUT_IRQHandler
                0x0000000008001824                WWDG_IRQHandler
                0x0000000008001824                SPI6_IRQHandler
                0x0000000008001824                TIM2_IRQHandler
                0x0000000008001824                OTG_FS_WKUP_IRQHandler
                0x0000000008001824                TIM1_TRG_COM_TIM11_IRQHandler
                0x0000000008001824                OTG_HS_IRQHandler
                0x0000000008001824                DMA2D_IRQHandler
                0x0000000008001824                EXTI1_IRQHandler
                0x0000000008001824                UART7_IRQHandler
                0x0000000008001824                USART2_IRQHandler
                0x0000000008001824                I2C2_ER_IRQHandler
                0x0000000008001824                DMA2_Stream1_IRQHandler
                0x0000000008001824                CAN1_SCE_IRQHandler
                0x0000000008001824                FLASH_IRQHandler
                0x0000000008001824                DMA2_Stream4_IRQHandler
                0x0000000008001824                USART1_IRQHandler
                0x0000000008001824                OTG_FS_IRQHandler
                0x0000000008001824                SPI3_IRQHandler
                0x0000000008001824                DMA1_Stream4_IRQHandler
                0x0000000008001824                I2C1_ER_IRQHandler
                0x0000000008001824                FMC_IRQHandler
                0x0000000008001824                DMA2_Stream6_IRQHandler
                0x0000000008001824                SAI1_IRQHandler
                0x0000000008001824                DMA1_Stream3_IRQHandler
 *fill*         0x0000000008001826        0x2 
 .text.HAL_Init
                0x0000000008001828       0x44 ./Drivers/STM32F4xx_HAL_Driver/Src/stm32f4xx_hal.o
                0x0000000008001828                HAL_Init
 .text.HAL_InitTick
                0x000000000800186c       0x60 ./Drivers/STM32F4xx_HAL_Driver/Src/stm32f4xx_hal.o
                0x000000000800186c                HAL_InitTick
 .text.HAL_IncTick
                0x00000000080018cc       0x28 ./Drivers/STM32F4xx_HAL_Driver/Src/stm32f4xx_hal.o
                0x00000000080018cc                HAL_IncTick
 .text.HAL_GetTick
                0x00000000080018f4       0x18 ./Drivers/STM32F4xx_HAL_Driver/Src/stm32f4xx_hal.o
                0x00000000080018f4                HAL_GetTick
 .text.HAL_Delay
                0x000000000800190c       0x48 ./Drivers/STM32F4xx_HAL_Driver/Src/stm32f4xx_hal.o
                0x000000000800190c                HAL_Delay
 .text.__NVIC_SetPriorityGrouping
                0x0000000008001954       0x48 ./Drivers/STM32F4xx_HAL_Driver/Src/stm32f4xx_hal_cortex.o
 .text.__NVIC_GetPriorityGrouping
                0x000000000800199c       0x1c ./Drivers/STM32F4xx_HAL_Driver/Src/stm32f4xx_hal_cortex.o
 .text.__NVIC_EnableIRQ
                0x00000000080019b8       0x3c ./Drivers/STM32F4xx_HAL_Driver/Src/stm32f4xx_hal_cortex.o
 .text.__NVIC_SetPriority
                0x00000000080019f4       0x54 ./Drivers/STM32F4xx_HAL_Driver/Src/stm32f4xx_hal_cortex.o
 .text.NVIC_EncodePriority
                0x0000000008001a48       0x66 ./Drivers/STM32F4xx_HAL_Driver/Src/stm32f4xx_hal_cortex.o
 *fill*         0x0000000008001aae        0x2 
 .text.SysTick_Config
                0x0000000008001ab0       0x44 ./Drivers/STM32F4xx_HAL_Driver/Src/stm32f4xx_hal_cortex.o
 .text.HAL_NVIC_SetPriorityGrouping
                0x0000000008001af4       0x16 ./Drivers/STM32F4xx_HAL_Driver/Src/stm32f4xx_hal_cortex.o
                0x0000000008001af4                HAL_NVIC_SetPriorityGrouping
 .text.HAL_NVIC_SetPriority
                0x0000000008001b0a       0x38 ./Drivers/STM32F4xx_HAL_Driver/Src/stm32f4xx_hal_cortex.o
                0x0000000008001b0a                HAL_NVIC_SetPriority
 .text.HAL_NVIC_EnableIRQ
                0x0000000008001b42       0x1c ./Drivers/STM32F4xx_HAL_Driver/Src/stm32f4xx_hal_cortex.o
                0x0000000008001b42                HAL_NVIC_EnableIRQ
 .text.HAL_SYSTICK_Config
                0x0000000008001b5e       0x18 ./Drivers/STM32F4xx_HAL_Driver/Src/stm32f4xx_hal_cortex.o
                0x0000000008001b5e                HAL_SYSTICK_Config
 .text.HAL_DMA_Abort
                0x0000000008001b76       0xe0 ./Drivers/STM32F4xx_HAL_Driver/Src/stm32f4xx_hal_dma.o
                0x0000000008001b76                HAL_DMA_Abort
 .text.HAL_DMA_Abort_IT
                0x0000000008001c56       0x44 ./Drivers/STM32F4xx_HAL_Driver/Src/stm32f4xx_hal_dma.o
                0x0000000008001c56                HAL_DMA_Abort_IT
 *fill*         0x0000000008001c9a        0x2 
 .text.HAL_GPIO_Init
                0x0000000008001c9c      0x358 ./Drivers/STM32F4xx_HAL_Driver/Src/stm32f4xx_hal_gpio.o
                0x0000000008001c9c                HAL_GPIO_Init
 .text.HAL_GPIO_WritePin
                0x0000000008001ff4       0x32 ./Drivers/STM32F4xx_HAL_Driver/Src/stm32f4xx_hal_gpio.o
                0x0000000008001ff4                HAL_GPIO_WritePin
 *fill*         0x0000000008002026        0x2 
 .text.HAL_RCC_OscConfig
                0x0000000008002028      0x4f0 ./Drivers/STM32F4xx_HAL_Driver/Src/stm32f4xx_hal_rcc.o
                0x0000000008002028                HAL_RCC_OscConfig
 .text.HAL_RCC_ClockConfig
                0x0000000008002518      0x1cc ./Drivers/STM32F4xx_HAL_Driver/Src/stm32f4xx_hal_rcc.o
                0x0000000008002518                HAL_RCC_ClockConfig
 .text.HAL_RCC_GetSysClockFreq
                0x00000000080026e4      0x20c ./Drivers/STM32F4xx_HAL_Driver/Src/stm32f4xx_hal_rcc.o
                0x00000000080026e4                HAL_RCC_GetSysClockFreq
 .text.HAL_RCC_GetHCLKFreq
                0x00000000080028f0       0x18 ./Drivers/STM32F4xx_HAL_Driver/Src/stm32f4xx_hal_rcc.o
                0x00000000080028f0                HAL_RCC_GetHCLKFreq
 .text.HAL_RCC_GetPCLK1Freq
                0x0000000008002908       0x28 ./Drivers/STM32F4xx_HAL_Driver/Src/stm32f4xx_hal_rcc.o
                0x0000000008002908                HAL_RCC_GetPCLK1Freq
 .text.HAL_RCC_GetPCLK2Freq
                0x0000000008002930       0x28 ./Drivers/STM32F4xx_HAL_Driver/Src/stm32f4xx_hal_rcc.o
                0x0000000008002930                HAL_RCC_GetPCLK2Freq
 .text.HAL_TIM_Base_Init
                0x0000000008002958       0x9e ./Drivers/STM32F4xx_HAL_Driver/Src/stm32f4xx_hal_tim.o
                0x0000000008002958                HAL_TIM_Base_Init
 *fill*         0x00000000080029f6        0x2 
 .text.HAL_TIM_Base_Start_IT
                0x00000000080029f8       0xe0 ./Drivers/STM32F4xx_HAL_Driver/Src/stm32f4xx_hal_tim.o
                0x00000000080029f8                HAL_TIM_Base_Start_IT
 .text.HAL_TIM_IRQHandler
                0x0000000008002ad8      0x210 ./Drivers/STM32F4xx_HAL_Driver/Src/stm32f4xx_hal_tim.o
                0x0000000008002ad8                HAL_TIM_IRQHandler
 .text.HAL_TIM_ConfigClockSource
                0x0000000008002ce8      0x18e ./Drivers/STM32F4xx_HAL_Driver/Src/stm32f4xx_hal_tim.o
                0x0000000008002ce8                HAL_TIM_ConfigClockSource
 .text.HAL_TIM_OC_DelayElapsedCallback
                0x0000000008002e76       0x14 ./Drivers/STM32F4xx_HAL_Driver/Src/stm32f4xx_hal_tim.o
                0x0000000008002e76                HAL_TIM_OC_DelayElapsedCallback
 .text.HAL_TIM_IC_CaptureCallback
                0x0000000008002e8a       0x14 ./Drivers/STM32F4xx_HAL_Driver/Src/stm32f4xx_hal_tim.o
                0x0000000008002e8a                HAL_TIM_IC_CaptureCallback
 .text.HAL_TIM_PWM_PulseFinishedCallback
                0x0000000008002e9e       0x14 ./Drivers/STM32F4xx_HAL_Driver/Src/stm32f4xx_hal_tim.o
                0x0000000008002e9e                HAL_TIM_PWM_PulseFinishedCallback
 .text.HAL_TIM_TriggerCallback
                0x0000000008002eb2       0x14 ./Drivers/STM32F4xx_HAL_Driver/Src/stm32f4xx_hal_tim.o
                0x0000000008002eb2                HAL_TIM_TriggerCallback
 *fill*         0x0000000008002ec6        0x2 
 .text.TIM_Base_SetConfig
                0x0000000008002ec8      0x140 ./Drivers/STM32F4xx_HAL_Driver/Src/stm32f4xx_hal_tim.o
                0x0000000008002ec8                TIM_Base_SetConfig
 .text.TIM_TI1_ConfigInputStage
                0x0000000008003008       0x5e ./Drivers/STM32F4xx_HAL_Driver/Src/stm32f4xx_hal_tim.o
 .text.TIM_TI2_ConfigInputStage
                0x0000000008003066       0x60 ./Drivers/STM32F4xx_HAL_Driver/Src/stm32f4xx_hal_tim.o
 .text.TIM_ITRx_SetConfig
                0x00000000080030c6       0x36 ./Drivers/STM32F4xx_HAL_Driver/Src/stm32f4xx_hal_tim.o
 .text.TIM_ETR_SetConfig
                0x00000000080030fc       0x40 ./Drivers/STM32F4xx_HAL_Driver/Src/stm32f4xx_hal_tim.o
                0x00000000080030fc                TIM_ETR_SetConfig
 .text.HAL_TIMEx_MasterConfigSynchronization
                0x000000000800313c       0xf8 ./Drivers/STM32F4xx_HAL_Driver/Src/stm32f4xx_hal_tim_ex.o
                0x000000000800313c                HAL_TIMEx_MasterConfigSynchronization
 .text.HAL_TIMEx_CommutCallback
                0x0000000008003234       0x14 ./Drivers/STM32F4xx_HAL_Driver/Src/stm32f4xx_hal_tim_ex.o
                0x0000000008003234                HAL_TIMEx_CommutCallback
 .text.HAL_TIMEx_BreakCallback
                0x0000000008003248       0x14 ./Drivers/STM32F4xx_HAL_Driver/Src/stm32f4xx_hal_tim_ex.o
                0x0000000008003248                HAL_TIMEx_BreakCallback
 .text.HAL_UART_Init
                0x000000000800325c       0x9a ./Drivers/STM32F4xx_HAL_Driver/Src/stm32f4xx_hal_uart.o
                0x000000000800325c                HAL_UART_Init
 .text.HAL_UART_Transmit
                0x00000000080032f6      0x124 ./Drivers/STM32F4xx_HAL_Driver/Src/stm32f4xx_hal_uart.o
                0x00000000080032f6                HAL_UART_Transmit
 .text.HAL_UART_Receive_IT
                0x000000000800341a       0x60 ./Drivers/STM32F4xx_HAL_Driver/Src/stm32f4xx_hal_uart.o
                0x000000000800341a                HAL_UART_Receive_IT
 *fill*         0x000000000800347a        0x2 
 .text.HAL_UART_IRQHandler
                0x000000000800347c      0x51c ./Drivers/STM32F4xx_HAL_Driver/Src/stm32f4xx_hal_uart.o
                0x000000000800347c                HAL_UART_IRQHandler
 .text.HAL_UART_TxCpltCallback
                0x0000000008003998       0x14 ./Drivers/STM32F4xx_HAL_Driver/Src/stm32f4xx_hal_uart.o
                0x0000000008003998                HAL_UART_TxCpltCallback
 .text.HAL_UART_ErrorCallback
                0x00000000080039ac       0x14 ./Drivers/STM32F4xx_HAL_Driver/Src/stm32f4xx_hal_uart.o
                0x00000000080039ac                HAL_UART_ErrorCallback
 .text.HAL_UARTEx_RxEventCallback
                0x00000000080039c0       0x18 ./Drivers/STM32F4xx_HAL_Driver/Src/stm32f4xx_hal_uart.o
                0x00000000080039c0                HAL_UARTEx_RxEventCallback
 .text.UART_WaitOnFlagUntilTimeout
                0x00000000080039d8       0xdc ./Drivers/STM32F4xx_HAL_Driver/Src/stm32f4xx_hal_uart.o
 .text.UART_Start_Receive_IT
                0x0000000008003ab4       0x74 ./Drivers/STM32F4xx_HAL_Driver/Src/stm32f4xx_hal_uart.o
                0x0000000008003ab4                UART_Start_Receive_IT
 .text.UART_EndRxTransfer
                0x0000000008003b28       0xc6 ./Drivers/STM32F4xx_HAL_Driver/Src/stm32f4xx_hal_uart.o
 .text.UART_DMAAbortOnError
                0x0000000008003bee       0x28 ./Drivers/STM32F4xx_HAL_Driver/Src/stm32f4xx_hal_uart.o
 .text.UART_Transmit_IT
                0x0000000008003c16       0xa0 ./Drivers/STM32F4xx_HAL_Driver/Src/stm32f4xx_hal_uart.o
 .text.UART_EndTransmit_IT
                0x0000000008003cb6       0x30 ./Drivers/STM32F4xx_HAL_Driver/Src/stm32f4xx_hal_uart.o
 .text.UART_Receive_IT
                0x0000000008003ce6      0x176 ./Drivers/STM32F4xx_HAL_Driver/Src/stm32f4xx_hal_uart.o
 .text.UART_SetConfig
                0x0000000008003e5c      0x4e8 ./Drivers/STM32F4xx_HAL_Driver/Src/stm32f4xx_hal_uart.o
 .text.__libc_init_array
                0x0000000008004344       0x48 /opt/st/stm32cubeide_1.9.0/plugins/com.st.stm32cube.ide.mcu.externaltools.gnu-tools-for-stm32.10.3-2021.10.linux64_1.0.0.202111181127/tools/bin/../lib/gcc/arm-none-eabi/10.3.1/../../../../arm-none-eabi/lib/thumb/v7e-m+fp/hard/libc_nano.a(lib_a-init.o)
                0x0000000008004344                __libc_init_array
 .text.memset   0x000000000800438c       0x10 /opt/st/stm32cubeide_1.9.0/plugins/com.st.stm32cube.ide.mcu.externaltools.gnu-tools-for-stm32.10.3-2021.10.linux64_1.0.0.202111181127/tools/bin/../lib/gcc/arm-none-eabi/10.3.1/../../../../arm-none-eabi/lib/thumb/v7e-m+fp/hard/libc_nano.a(lib_a-memset.o)
                0x000000000800438c                memset
 *(.glue_7)
 .glue_7        0x000000000800439c        0x0 linker stubs
 *(.glue_7t)
 .glue_7t       0x000000000800439c        0x0 linker stubs
 *(.eh_frame)
 .eh_frame      0x000000000800439c        0x0 /opt/st/stm32cubeide_1.9.0/plugins/com.st.stm32cube.ide.mcu.externaltools.gnu-tools-for-stm32.10.3-2021.10.linux64_1.0.0.202111181127/tools/bin/../lib/gcc/arm-none-eabi/10.3.1/thumb/v7e-m+fp/hard/crtbegin.o
 *(.init)
 .init          0x000000000800439c        0x4 /opt/st/stm32cubeide_1.9.0/plugins/com.st.stm32cube.ide.mcu.externaltools.gnu-tools-for-stm32.10.3-2021.10.linux64_1.0.0.202111181127/tools/bin/../lib/gcc/arm-none-eabi/10.3.1/thumb/v7e-m+fp/hard/crti.o
                0x000000000800439c                _init
 .init          0x00000000080043a0        0x8 /opt/st/stm32cubeide_1.9.0/plugins/com.st.stm32cube.ide.mcu.externaltools.gnu-tools-for-stm32.10.3-2021.10.linux64_1.0.0.202111181127/tools/bin/../lib/gcc/arm-none-eabi/10.3.1/thumb/v7e-m+fp/hard/crtn.o
 *(.fini)
 .fini          0x00000000080043a8        0x4 /opt/st/stm32cubeide_1.9.0/plugins/com.st.stm32cube.ide.mcu.externaltools.gnu-tools-for-stm32.10.3-2021.10.linux64_1.0.0.202111181127/tools/bin/../lib/gcc/arm-none-eabi/10.3.1/thumb/v7e-m+fp/hard/crti.o
                0x00000000080043a8                _fini
 .fini          0x00000000080043ac        0x8 /opt/st/stm32cubeide_1.9.0/plugins/com.st.stm32cube.ide.mcu.externaltools.gnu-tools-for-stm32.10.3-2021.10.linux64_1.0.0.202111181127/tools/bin/../lib/gcc/arm-none-eabi/10.3.1/thumb/v7e-m+fp/hard/crtn.o
                0x00000000080043b4                . = ALIGN (0x4)
                0x00000000080043b4                _etext = .

.vfp11_veneer   0x00000000080043b4        0x0
 .vfp11_veneer  0x00000000080043b4        0x0 linker stubs

.v4_bx          0x00000000080043b4        0x0
 .v4_bx         0x00000000080043b4        0x0 linker stubs

.iplt           0x00000000080043b4        0x0
 .iplt          0x00000000080043b4        0x0 /opt/st/stm32cubeide_1.9.0/plugins/com.st.stm32cube.ide.mcu.externaltools.gnu-tools-for-stm32.10.3-2021.10.linux64_1.0.0.202111181127/tools/bin/../lib/gcc/arm-none-eabi/10.3.1/thumb/v7e-m+fp/hard/crtbegin.o

.rodata         0x00000000080043b4       0x2c
                0x00000000080043b4                . = ALIGN (0x4)
 *(.rodata)
 .rodata        0x00000000080043b4       0x14 ./Core/Src/main.o
 *(.rodata*)
 .rodata.AHBPrescTable
                0x00000000080043c8       0x10 ./Core/Src/system_stm32f4xx.o
                0x00000000080043c8                AHBPrescTable
 .rodata.APBPrescTable
                0x00000000080043d8        0x8 ./Core/Src/system_stm32f4xx.o
                0x00000000080043d8                APBPrescTable
                0x00000000080043e0                . = ALIGN (0x4)

.ARM.extab      0x00000000080043e0        0x0
                0x00000000080043e0                . = ALIGN (0x4)
 *(.ARM.extab* .gnu.linkonce.armextab.*)
                0x00000000080043e0                . = ALIGN (0x4)

.ARM            0x00000000080043e0        0x8
                0x00000000080043e0                . = ALIGN (0x4)
                0x00000000080043e0                __exidx_start = .
 *(.ARM.exidx*)
 .ARM.exidx     0x00000000080043e0        0x8 /opt/st/stm32cubeide_1.9.0/plugins/com.st.stm32cube.ide.mcu.externaltools.gnu-tools-for-stm32.10.3-2021.10.linux64_1.0.0.202111181127/tools/bin/../lib/gcc/arm-none-eabi/10.3.1/thumb/v7e-m+fp/hard/libgcc.a(_udivmoddi4.o)
                0x00000000080043e8                __exidx_end = .
                0x00000000080043e8                . = ALIGN (0x4)

.rel.dyn        0x00000000080043e8        0x0
 .rel.iplt      0x00000000080043e8        0x0 /opt/st/stm32cubeide_1.9.0/plugins/com.st.stm32cube.ide.mcu.externaltools.gnu-tools-for-stm32.10.3-2021.10.linux64_1.0.0.202111181127/tools/bin/../lib/gcc/arm-none-eabi/10.3.1/thumb/v7e-m+fp/hard/crtbegin.o

.preinit_array  0x00000000080043e8        0x0
                0x00000000080043e8                . = ALIGN (0x4)
                0x00000000080043e8                PROVIDE (__preinit_array_start = .)
 *(.preinit_array*)
                0x00000000080043e8                PROVIDE (__preinit_array_end = .)
                0x00000000080043e8                . = ALIGN (0x4)

.init_array     0x00000000080043e8        0x4
                0x00000000080043e8                . = ALIGN (0x4)
                0x00000000080043e8                PROVIDE (__init_array_start = .)
 *(SORT_BY_NAME(.init_array.*))
 *(.init_array*)
 .init_array    0x00000000080043e8        0x4 /opt/st/stm32cubeide_1.9.0/plugins/com.st.stm32cube.ide.mcu.externaltools.gnu-tools-for-stm32.10.3-2021.10.linux64_1.0.0.202111181127/tools/bin/../lib/gcc/arm-none-eabi/10.3.1/thumb/v7e-m+fp/hard/crtbegin.o
                0x00000000080043ec                PROVIDE (__init_array_end = .)
                0x00000000080043ec                . = ALIGN (0x4)

.fini_array     0x00000000080043ec        0x4
                0x00000000080043ec                . = ALIGN (0x4)
                [!provide]                        PROVIDE (__fini_array_start = .)
 *(SORT_BY_NAME(.fini_array.*))
 *(.fini_array*)
 .fini_array    0x00000000080043ec        0x4 /opt/st/stm32cubeide_1.9.0/plugins/com.st.stm32cube.ide.mcu.externaltools.gnu-tools-for-stm32.10.3-2021.10.linux64_1.0.0.202111181127/tools/bin/../lib/gcc/arm-none-eabi/10.3.1/thumb/v7e-m+fp/hard/crtbegin.o
                [!provide]                        PROVIDE (__fini_array_end = .)
                0x00000000080043f0                . = ALIGN (0x4)
                0x00000000080043f0                _sidata = LOADADDR (.data)

.data           0x0000000020000000       0x4c load address 0x00000000080043f0
                0x0000000020000000                . = ALIGN (0x4)
                0x0000000020000000                _sdata = .
 *(.data)
 *(.data*)
 .data.flag_digit_1
                0x0000000020000000        0x1 ./Core/Src/main.o
                0x0000000020000000                flag_digit_1
 *fill*         0x0000000020000001        0x3 
 .data.tx2_buffer
                0x0000000020000004        0xa ./Core/Src/main.o
                0x0000000020000004                tx2_buffer
 *fill*         0x000000002000000e        0x2 
 .data.tx1_buffer
                0x0000000020000010        0x6 ./Core/Src/main.o
                0x0000000020000010                tx1_buffer
 .data.TX1_delay_val
                0x0000000020000016        0x1 ./Core/Src/main.o
                0x0000000020000016                TX1_delay_val
 .data.TX2_delay_val
                0x0000000020000017        0x1 ./Core/Src/main.o
                0x0000000020000017                TX2_delay_val
 .data.seven_segment_table
                0x0000000020000018       0x11 ./Core/Src/main.o
                0x0000000020000018                seven_segment_table
 *fill*         0x0000000020000029        0x3 
 .data.digit_table
                0x000000002000002c       0x11 ./Core/Src/main.o
                0x000000002000002c                digit_table
 *fill*         0x000000002000003d        0x3 
 .data.SystemCoreClock
                0x0000000020000040        0x4 ./Core/Src/system_stm32f4xx.o
                0x0000000020000040                SystemCoreClock
 .data.uwTickPrio
                0x0000000020000044        0x4 ./Drivers/STM32F4xx_HAL_Driver/Src/stm32f4xx_hal.o
                0x0000000020000044                uwTickPrio
 .data.uwTickFreq
                0x0000000020000048        0x1 ./Drivers/STM32F4xx_HAL_Driver/Src/stm32f4xx_hal.o
                0x0000000020000048                uwTickFreq
 *(.RamFunc)
 *(.RamFunc*)
                0x000000002000004c                . = ALIGN (0x4)
 *fill*         0x0000000020000049        0x3 
                0x000000002000004c                _edata = .
                0x000000000800443c                _siccmram = LOADADDR (.ccmram)

.igot.plt       0x000000002000004c        0x0 load address 0x000000000800443c
 .igot.plt      0x000000002000004c        0x0 /opt/st/stm32cubeide_1.9.0/plugins/com.st.stm32cube.ide.mcu.externaltools.gnu-tools-for-stm32.10.3-2021.10.linux64_1.0.0.202111181127/tools/bin/../lib/gcc/arm-none-eabi/10.3.1/thumb/v7e-m+fp/hard/crtbegin.o

.ccmram         0x0000000010000000        0x0 load address 0x000000000800443c
                0x0000000010000000                . = ALIGN (0x4)
                0x0000000010000000                _sccmram = .
 *(.ccmram)
 *(.ccmram*)
                0x0000000010000000                . = ALIGN (0x4)
                0x0000000010000000                _eccmram = .
                0x0000000010000000                . = ALIGN (0x4)

.bss            0x000000002000004c      0x218
                0x000000002000004c                _sbss = .
                0x000000002000004c                __bss_start__ = _sbss
 *(.bss)
 .bss           0x000000002000004c       0x1c /opt/st/stm32cubeide_1.9.0/plugins/com.st.stm32cube.ide.mcu.externaltools.gnu-tools-for-stm32.10.3-2021.10.linux64_1.0.0.202111181127/tools/bin/../lib/gcc/arm-none-eabi/10.3.1/thumb/v7e-m+fp/hard/crtbegin.o
 *(.bss*)
 .bss.f_timer_100us
                0x0000000020000068        0x1 ./Core/Src/main.o
                0x0000000020000068                f_timer_100us
 .bss.f_timer_10ms
                0x0000000020000069        0x1 ./Core/Src/main.o
                0x0000000020000069                f_timer_10ms
 .bss.f_timer_20ms
                0x000000002000006a        0x1 ./Core/Src/main.o
                0x000000002000006a                f_timer_20ms
 .bss.f_timer_30ms
                0x000000002000006b        0x1 ./Core/Src/main.o
                0x000000002000006b                f_timer_30ms
 .bss.p_tx1     0x000000002000006c        0x1 ./Core/Src/main.o
                0x000000002000006c                p_tx1
 .bss.p_tx2     0x000000002000006d        0x1 ./Core/Src/main.o
                0x000000002000006d                p_tx2
 *fill*         0x000000002000006e        0x2 
 .bss.rx_buffer1
                0x0000000020000070       0x40 ./Core/Src/main.o
                0x0000000020000070                rx_buffer1
 .bss.rx_buffer2
                0x00000000200000b0       0x40 ./Core/Src/main.o
                0x00000000200000b0                rx_buffer2
 .bss.bufferEvent
                0x00000000200000f0       0x40 ./Core/Src/main.o
                0x00000000200000f0                bufferEvent
 .bss.d_timer_30ms
                0x0000000020000130        0x1 ./Core/Src/main.o
                0x0000000020000130                d_timer_30ms
 .bss.d_timer_20ms
                0x0000000020000131        0x1 ./Core/Src/main.o
                0x0000000020000131                d_timer_20ms
 .bss.d_timer_TX1
                0x0000000020000132        0x1 ./Core/Src/main.o
                0x0000000020000132                d_timer_TX1
 .bss.d_timer_TX2
                0x0000000020000133        0x1 ./Core/Src/main.o
                0x0000000020000133                d_timer_TX2
 .bss.key1_data
                0x0000000020000134        0x1 ./Core/Src/main.o
                0x0000000020000134                key1_data
 .bss.key2_data
                0x0000000020000135        0x1 ./Core/Src/main.o
                0x0000000020000135                key2_data
 .bss.state     0x0000000020000136        0x1 ./Core/Src/main.o
                0x0000000020000136                state
 .bss.event     0x0000000020000137        0x1 ./Core/Src/main.o
                0x0000000020000137                event
 .bss.e_rp      0x0000000020000138        0x1 ./Core/Src/main.o
                0x0000000020000138                e_rp
 .bss.e_wp      0x0000000020000139        0x1 ./Core/Src/main.o
                0x0000000020000139                e_wp
 .bss.rx1_rp    0x000000002000013a        0x1 ./Core/Src/main.o
                0x000000002000013a                rx1_rp
 .bss.rx1_wp    0x000000002000013b        0x1 ./Core/Src/main.o
                0x000000002000013b                rx1_wp
 .bss.rx2_rp    0x000000002000013c        0x1 ./Core/Src/main.o
                0x000000002000013c                rx2_rp
 .bss.rx2_wp    0x000000002000013d        0x1 ./Core/Src/main.o
                0x000000002000013d                rx2_wp
 .bss.digit1    0x000000002000013e        0x1 ./Core/Src/main.o
                0x000000002000013e                digit1
 .bss.digit2    0x000000002000013f        0x1 ./Core/Src/main.o
                0x000000002000013f                digit2
 .bss.is_EN     0x0000000020000140        0x1 ./Core/Src/main.o
                0x0000000020000140                is_EN
 .bss.lcd_digit1_f
                0x0000000020000141        0x1 ./Core/Src/main.o
                0x0000000020000141                lcd_digit1_f
 .bss.cmd       0x0000000020000142        0x1 ./Core/Src/main.o
                0x0000000020000142                cmd
 .bss.data      0x0000000020000143        0x1 ./Core/Src/main.o
                0x0000000020000143                data
 .bss.lcd_process
                0x0000000020000144        0x1 ./Core/Src/main.o
                0x0000000020000144                lcd_process
 *fill*         0x0000000020000145        0x3 
 .bss.htim3     0x0000000020000148       0x48 ./Core/Src/tim.o
                0x0000000020000148                htim3
 .bss.htim4     0x0000000020000190       0x48 ./Core/Src/tim.o
                0x0000000020000190                htim4
 .bss.huart4    0x00000000200001d8       0x44 ./Core/Src/usart.o
                0x00000000200001d8                huart4
 .bss.huart5    0x000000002000021c       0x44 ./Core/Src/usart.o
                0x000000002000021c                huart5
 .bss.uwTick    0x0000000020000260        0x4 ./Drivers/STM32F4xx_HAL_Driver/Src/stm32f4xx_hal.o
                0x0000000020000260                uwTick
 *(COMMON)
                0x0000000020000264                . = ALIGN (0x4)
                0x0000000020000264                _ebss = .
                0x0000000020000264                __bss_end__ = _ebss

._user_heap_stack
                0x0000000020000264      0x604
                0x0000000020000268                . = ALIGN (0x8)
 *fill*         0x0000000020000264        0x4 
                [!provide]                        PROVIDE (end = .)
                0x0000000020000268                PROVIDE (_end = .)
                0x0000000020000468                . = (. + _Min_Heap_Size)
 *fill*         0x0000000020000268      0x200 
                0x0000000020000868                . = (. + _Min_Stack_Size)
 *fill*         0x0000000020000468      0x400 
                0x0000000020000868                . = ALIGN (0x8)

/DISCARD/
 libc.a(*)
 libm.a(*)
 libgcc.a(*)

.ARM.attributes
                0x0000000000000000       0x30
 *(.ARM.attributes)
 .ARM.attributes
                0x0000000000000000       0x1e /opt/st/stm32cubeide_1.9.0/plugins/com.st.stm32cube.ide.mcu.externaltools.gnu-tools-for-stm32.10.3-2021.10.linux64_1.0.0.202111181127/tools/bin/../lib/gcc/arm-none-eabi/10.3.1/thumb/v7e-m+fp/hard/crti.o
 .ARM.attributes
                0x000000000000001e       0x34 /opt/st/stm32cubeide_1.9.0/plugins/com.st.stm32cube.ide.mcu.externaltools.gnu-tools-for-stm32.10.3-2021.10.linux64_1.0.0.202111181127/tools/bin/../lib/gcc/arm-none-eabi/10.3.1/thumb/v7e-m+fp/hard/crtbegin.o
 .ARM.attributes
                0x0000000000000052       0x34 ./Core/Src/gpio.o
 .ARM.attributes
                0x0000000000000086       0x34 ./Core/Src/lcd16x2.o
 .ARM.attributes
                0x00000000000000ba       0x34 ./Core/Src/main.o
 .ARM.attributes
                0x00000000000000ee       0x34 ./Core/Src/stm32f4xx_hal_msp.o
 .ARM.attributes
                0x0000000000000122       0x34 ./Core/Src/stm32f4xx_it.o
 .ARM.attributes
                0x0000000000000156       0x34 ./Core/Src/system_stm32f4xx.o
 .ARM.attributes
                0x000000000000018a       0x34 ./Core/Src/tim.o
 .ARM.attributes
                0x00000000000001be       0x34 ./Core/Src/usart.o
 .ARM.attributes
                0x00000000000001f2       0x21 ./Core/Startup/startup_stm32f429zitx.o
 .ARM.attributes
                0x0000000000000213       0x34 ./Drivers/STM32F4xx_HAL_Driver/Src/stm32f4xx_hal.o
 .ARM.attributes
                0x0000000000000247       0x34 ./Drivers/STM32F4xx_HAL_Driver/Src/stm32f4xx_hal_cortex.o
 .ARM.attributes
                0x000000000000027b       0x34 ./Drivers/STM32F4xx_HAL_Driver/Src/stm32f4xx_hal_dma.o
 .ARM.attributes
                0x00000000000002af       0x34 ./Drivers/STM32F4xx_HAL_Driver/Src/stm32f4xx_hal_gpio.o
 .ARM.attributes
                0x00000000000002e3       0x34 ./Drivers/STM32F4xx_HAL_Driver/Src/stm32f4xx_hal_rcc.o
 .ARM.attributes
                0x0000000000000317       0x34 ./Drivers/STM32F4xx_HAL_Driver/Src/stm32f4xx_hal_tim.o
 .ARM.attributes
                0x000000000000034b       0x34 ./Drivers/STM32F4xx_HAL_Driver/Src/stm32f4xx_hal_tim_ex.o
 .ARM.attributes
                0x000000000000037f       0x34 ./Drivers/STM32F4xx_HAL_Driver/Src/stm32f4xx_hal_uart.o
 .ARM.attributes
                0x00000000000003b3       0x34 /opt/st/stm32cubeide_1.9.0/plugins/com.st.stm32cube.ide.mcu.externaltools.gnu-tools-for-stm32.10.3-2021.10.linux64_1.0.0.202111181127/tools/bin/../lib/gcc/arm-none-eabi/10.3.1/../../../../arm-none-eabi/lib/thumb/v7e-m+fp/hard/libc_nano.a(lib_a-init.o)
 .ARM.attributes
                0x00000000000003e7       0x34 /opt/st/stm32cubeide_1.9.0/plugins/com.st.stm32cube.ide.mcu.externaltools.gnu-tools-for-stm32.10.3-2021.10.linux64_1.0.0.202111181127/tools/bin/../lib/gcc/arm-none-eabi/10.3.1/../../../../arm-none-eabi/lib/thumb/v7e-m+fp/hard/libc_nano.a(lib_a-memset.o)
 .ARM.attributes
                0x000000000000041b       0x1e /opt/st/stm32cubeide_1.9.0/plugins/com.st.stm32cube.ide.mcu.externaltools.gnu-tools-for-stm32.10.3-2021.10.linux64_1.0.0.202111181127/tools/bin/../lib/gcc/arm-none-eabi/10.3.1/thumb/v7e-m+fp/hard/libgcc.a(_aeabi_uldivmod.o)
 .ARM.attributes
                0x0000000000000439       0x34 /opt/st/stm32cubeide_1.9.0/plugins/com.st.stm32cube.ide.mcu.externaltools.gnu-tools-for-stm32.10.3-2021.10.linux64_1.0.0.202111181127/tools/bin/../lib/gcc/arm-none-eabi/10.3.1/thumb/v7e-m+fp/hard/libgcc.a(_udivmoddi4.o)
 .ARM.attributes
                0x000000000000046d       0x1e /opt/st/stm32cubeide_1.9.0/plugins/com.st.stm32cube.ide.mcu.externaltools.gnu-tools-for-stm32.10.3-2021.10.linux64_1.0.0.202111181127/tools/bin/../lib/gcc/arm-none-eabi/10.3.1/thumb/v7e-m+fp/hard/libgcc.a(_dvmd_tls.o)
 .ARM.attributes
                0x000000000000048b       0x1e /opt/st/stm32cubeide_1.9.0/plugins/com.st.stm32cube.ide.mcu.externaltools.gnu-tools-for-stm32.10.3-2021.10.linux64_1.0.0.202111181127/tools/bin/../lib/gcc/arm-none-eabi/10.3.1/thumb/v7e-m+fp/hard/crtn.o
OUTPUT(UART_7SEGMENT_RS485.elf elf32-littlearm)
LOAD linker stubs
LOAD /opt/st/stm32cubeide_1.9.0/plugins/com.st.stm32cube.ide.mcu.externaltools.gnu-tools-for-stm32.10.3-2021.10.linux64_1.0.0.202111181127/tools/bin/../lib/gcc/arm-none-eabi/10.3.1/../../../../arm-none-eabi/lib/thumb/v7e-m+fp/hard/libc.a
LOAD /opt/st/stm32cubeide_1.9.0/plugins/com.st.stm32cube.ide.mcu.externaltools.gnu-tools-for-stm32.10.3-2021.10.linux64_1.0.0.202111181127/tools/bin/../lib/gcc/arm-none-eabi/10.3.1/../../../../arm-none-eabi/lib/thumb/v7e-m+fp/hard/libm.a
LOAD /opt/st/stm32cubeide_1.9.0/plugins/com.st.stm32cube.ide.mcu.externaltools.gnu-tools-for-stm32.10.3-2021.10.linux64_1.0.0.202111181127/tools/bin/../lib/gcc/arm-none-eabi/10.3.1/thumb/v7e-m+fp/hard/libgcc.a

.debug_info     0x0000000000000000     0xef12
 .debug_info    0x0000000000000000      0x4e4 ./Core/Src/gpio.o
 .debug_info    0x00000000000004e4      0x2c1 ./Core/Src/lcd16x2.o
 .debug_info    0x00000000000007a5     0x1558 ./Core/Src/main.o
 .debug_info    0x0000000000001cfd      0x2d7 ./Core/Src/stm32f4xx_hal_msp.o
 .debug_info    0x0000000000001fd4      0xa11 ./Core/Src/stm32f4xx_it.o
 .debug_info    0x00000000000029e5      0x53f ./Core/Src/system_stm32f4xx.o
 .debug_info    0x0000000000002f24      0xd18 ./Core/Src/tim.o
 .debug_info    0x0000000000003c3c      0xcde ./Core/Src/usart.o
 .debug_info    0x000000000000491a       0x22 ./Core/Startup/startup_stm32f429zitx.o
 .debug_info    0x000000000000493c      0x9f4 ./Drivers/STM32F4xx_HAL_Driver/Src/stm32f4xx_hal.o
 .debug_info    0x0000000000005330      0xe51 ./Drivers/STM32F4xx_HAL_Driver/Src/stm32f4xx_hal_cortex.o
 .debug_info    0x0000000000006181      0x94f ./Drivers/STM32F4xx_HAL_Driver/Src/stm32f4xx_hal_dma.o
 .debug_info    0x0000000000006ad0      0x786 ./Drivers/STM32F4xx_HAL_Driver/Src/stm32f4xx_hal_gpio.o
 .debug_info    0x0000000000007256      0x982 ./Drivers/STM32F4xx_HAL_Driver/Src/stm32f4xx_hal_rcc.o
 .debug_info    0x0000000000007bd8     0x2bbf ./Drivers/STM32F4xx_HAL_Driver/Src/stm32f4xx_hal_tim.o
 .debug_info    0x000000000000a797     0x15e0 ./Drivers/STM32F4xx_HAL_Driver/Src/stm32f4xx_hal_tim_ex.o
 .debug_info    0x000000000000bd77     0x319b ./Drivers/STM32F4xx_HAL_Driver/Src/stm32f4xx_hal_uart.o

.debug_abbrev   0x0000000000000000     0x20b7
 .debug_abbrev  0x0000000000000000      0x146 ./Core/Src/gpio.o
 .debug_abbrev  0x0000000000000146      0x162 ./Core/Src/lcd16x2.o
 .debug_abbrev  0x00000000000002a8      0x2ef ./Core/Src/main.o
 .debug_abbrev  0x0000000000000597       0xf0 ./Core/Src/stm32f4xx_hal_msp.o
 .debug_abbrev  0x0000000000000687      0x184 ./Core/Src/stm32f4xx_it.o
 .debug_abbrev  0x000000000000080b      0x116 ./Core/Src/system_stm32f4xx.o
 .debug_abbrev  0x0000000000000921      0x1eb ./Core/Src/tim.o
 .debug_abbrev  0x0000000000000b0c      0x1fe ./Core/Src/usart.o
 .debug_abbrev  0x0000000000000d0a       0x12 ./Core/Startup/startup_stm32f429zitx.o
 .debug_abbrev  0x0000000000000d1c      0x20d ./Drivers/STM32F4xx_HAL_Driver/Src/stm32f4xx_hal.o
 .debug_abbrev  0x0000000000000f29      0x316 ./Drivers/STM32F4xx_HAL_Driver/Src/stm32f4xx_hal_cortex.o
 .debug_abbrev  0x000000000000123f      0x25b ./Drivers/STM32F4xx_HAL_Driver/Src/stm32f4xx_hal_dma.o
 .debug_abbrev  0x000000000000149a      0x1c4 ./Drivers/STM32F4xx_HAL_Driver/Src/stm32f4xx_hal_gpio.o
 .debug_abbrev  0x000000000000165e      0x2aa ./Drivers/STM32F4xx_HAL_Driver/Src/stm32f4xx_hal_rcc.o
 .debug_abbrev  0x0000000000001908      0x25d ./Drivers/STM32F4xx_HAL_Driver/Src/stm32f4xx_hal_tim.o
 .debug_abbrev  0x0000000000001b65      0x265 ./Drivers/STM32F4xx_HAL_Driver/Src/stm32f4xx_hal_tim_ex.o
 .debug_abbrev  0x0000000000001dca      0x2ed ./Drivers/STM32F4xx_HAL_Driver/Src/stm32f4xx_hal_uart.o

.debug_aranges  0x0000000000000000      0xd68
 .debug_aranges
                0x0000000000000000       0x20 ./Core/Src/gpio.o
 .debug_aranges
                0x0000000000000020       0x50 ./Core/Src/lcd16x2.o
 .debug_aranges
                0x0000000000000070       0xd8 ./Core/Src/main.o
 .debug_aranges
                0x0000000000000148       0x20 ./Core/Src/stm32f4xx_hal_msp.o
 .debug_aranges
                0x0000000000000168       0x80 ./Core/Src/stm32f4xx_it.o
 .debug_aranges
                0x00000000000001e8       0x28 ./Core/Src/system_stm32f4xx.o
 .debug_aranges
                0x0000000000000210       0x38 ./Core/Src/tim.o
 .debug_aranges
                0x0000000000000248       0x38 ./Core/Src/usart.o
 .debug_aranges
                0x0000000000000280       0x28 ./Core/Startup/startup_stm32f429zitx.o
 .debug_aranges
                0x00000000000002a8      0x100 ./Drivers/STM32F4xx_HAL_Driver/Src/stm32f4xx_hal.o
 .debug_aranges
                0x00000000000003a8      0x118 ./Drivers/STM32F4xx_HAL_Driver/Src/stm32f4xx_hal_cortex.o
 .debug_aranges
                0x00000000000004c0       0x90 ./Drivers/STM32F4xx_HAL_Driver/Src/stm32f4xx_hal_dma.o
 .debug_aranges
                0x0000000000000550       0x58 ./Drivers/STM32F4xx_HAL_Driver/Src/stm32f4xx_hal_gpio.o
 .debug_aranges
                0x00000000000005a8       0x88 ./Drivers/STM32F4xx_HAL_Driver/Src/stm32f4xx_hal_rcc.o
 .debug_aranges
                0x0000000000000630      0x3d0 ./Drivers/STM32F4xx_HAL_Driver/Src/stm32f4xx_hal_tim.o
 .debug_aranges
                0x0000000000000a00      0x168 ./Drivers/STM32F4xx_HAL_Driver/Src/stm32f4xx_hal_tim_ex.o
 .debug_aranges
                0x0000000000000b68      0x200 ./Drivers/STM32F4xx_HAL_Driver/Src/stm32f4xx_hal_uart.o

.debug_ranges   0x0000000000000000      0xc90
 .debug_ranges  0x0000000000000000       0x10 ./Core/Src/gpio.o
 .debug_ranges  0x0000000000000010       0x40 ./Core/Src/lcd16x2.o
 .debug_ranges  0x0000000000000050       0xc8 ./Core/Src/main.o
 .debug_ranges  0x0000000000000118       0x10 ./Core/Src/stm32f4xx_hal_msp.o
 .debug_ranges  0x0000000000000128       0x70 ./Core/Src/stm32f4xx_it.o
 .debug_ranges  0x0000000000000198       0x18 ./Core/Src/system_stm32f4xx.o
 .debug_ranges  0x00000000000001b0       0x28 ./Core/Src/tim.o
 .debug_ranges  0x00000000000001d8       0x28 ./Core/Src/usart.o
 .debug_ranges  0x0000000000000200       0x20 ./Core/Startup/startup_stm32f429zitx.o
 .debug_ranges  0x0000000000000220       0xf0 ./Drivers/STM32F4xx_HAL_Driver/Src/stm32f4xx_hal.o
 .debug_ranges  0x0000000000000310      0x108 ./Drivers/STM32F4xx_HAL_Driver/Src/stm32f4xx_hal_cortex.o
 .debug_ranges  0x0000000000000418       0x80 ./Drivers/STM32F4xx_HAL_Driver/Src/stm32f4xx_hal_dma.o
 .debug_ranges  0x0000000000000498       0x48 ./Drivers/STM32F4xx_HAL_Driver/Src/stm32f4xx_hal_gpio.o
 .debug_ranges  0x00000000000004e0       0x78 ./Drivers/STM32F4xx_HAL_Driver/Src/stm32f4xx_hal_rcc.o
 .debug_ranges  0x0000000000000558      0x3c0 ./Drivers/STM32F4xx_HAL_Driver/Src/stm32f4xx_hal_tim.o
 .debug_ranges  0x0000000000000918      0x158 ./Drivers/STM32F4xx_HAL_Driver/Src/stm32f4xx_hal_tim_ex.o
 .debug_ranges  0x0000000000000a70      0x220 ./Drivers/STM32F4xx_HAL_Driver/Src/stm32f4xx_hal_uart.o

.debug_macro    0x0000000000000000    0x2318d
 .debug_macro   0x0000000000000000      0x1e7 ./Core/Src/gpio.o
 .debug_macro   0x00000000000001e7      0xa78 ./Core/Src/gpio.o
 .debug_macro   0x0000000000000c5f      0x29b ./Core/Src/gpio.o
 .debug_macro   0x0000000000000efa       0x2e ./Core/Src/gpio.o
 .debug_macro   0x0000000000000f28       0x28 ./Core/Src/gpio.o
 .debug_macro   0x0000000000000f50       0x22 ./Core/Src/gpio.o
 .debug_macro   0x0000000000000f72       0x8e ./Core/Src/gpio.o
 .debug_macro   0x0000000000001000       0x51 ./Core/Src/gpio.o
 .debug_macro   0x0000000000001051      0x103 ./Core/Src/gpio.o
 .debug_macro   0x0000000000001154       0x6a ./Core/Src/gpio.o
 .debug_macro   0x00000000000011be      0x1df ./Core/Src/gpio.o
 .debug_macro   0x000000000000139d       0x1c ./Core/Src/gpio.o
 .debug_macro   0x00000000000013b9       0x22 ./Core/Src/gpio.o
 .debug_macro   0x00000000000013db       0xd9 ./Core/Src/gpio.o
 .debug_macro   0x00000000000014b4     0x102d ./Core/Src/gpio.o
 .debug_macro   0x00000000000024e1      0x11f ./Core/Src/gpio.o
 .debug_macro   0x0000000000002600    0x17f91 ./Core/Src/gpio.o
 .debug_macro   0x000000000001a591       0x6d ./Core/Src/gpio.o
 .debug_macro   0x000000000001a5fe     0x36dd ./Core/Src/gpio.o
 .debug_macro   0x000000000001dcdb      0x174 ./Core/Src/gpio.o
 .debug_macro   0x000000000001de4f       0x5c ./Core/Src/gpio.o
 .debug_macro   0x000000000001deab      0xca5 ./Core/Src/gpio.o
 .debug_macro   0x000000000001eb50      0x9fe ./Core/Src/gpio.o
 .debug_macro   0x000000000001f54e      0x116 ./Core/Src/gpio.o
 .debug_macro   0x000000000001f664      0x157 ./Core/Src/gpio.o
 .debug_macro   0x000000000001f7bb       0xa5 ./Core/Src/gpio.o
 .debug_macro   0x000000000001f860      0x182 ./Core/Src/gpio.o
 .debug_macro   0x000000000001f9e2      0x287 ./Core/Src/gpio.o
 .debug_macro   0x000000000001fc69       0x5f ./Core/Src/gpio.o
 .debug_macro   0x000000000001fcc8      0x236 ./Core/Src/gpio.o
 .debug_macro   0x000000000001fefe      0x132 ./Core/Src/gpio.o
 .debug_macro   0x0000000000020030      0x41d ./Core/Src/gpio.o
 .debug_macro   0x000000000002044d       0x2e ./Core/Src/gpio.o
 .debug_macro   0x000000000002047b      0x11a ./Core/Src/gpio.o
 .debug_macro   0x0000000000020595       0xe2 ./Core/Src/gpio.o
 .debug_macro   0x0000000000020677       0x89 ./Core/Src/gpio.o
 .debug_macro   0x0000000000020700      0x8d1 ./Core/Src/gpio.o
 .debug_macro   0x0000000000020fd1       0x47 ./Core/Src/gpio.o
 .debug_macro   0x0000000000021018      0x295 ./Core/Src/gpio.o
 .debug_macro   0x00000000000212ad      0x134 ./Core/Src/gpio.o
 .debug_macro   0x00000000000213e1      0x15a ./Core/Src/gpio.o
 .debug_macro   0x000000000002153b      0x1e7 ./Core/Src/lcd16x2.o
 .debug_macro   0x0000000000021722      0x209 ./Core/Src/main.o
 .debug_macro   0x000000000002192b      0x1dd ./Core/Src/stm32f4xx_hal_msp.o
 .debug_macro   0x0000000000021b08      0x1e7 ./Core/Src/stm32f4xx_it.o
 .debug_macro   0x0000000000021cef      0x1ce ./Core/Src/system_stm32f4xx.o
 .debug_macro   0x0000000000021ebd      0x1e7 ./Core/Src/tim.o
 .debug_macro   0x00000000000220a4      0x1e7 ./Core/Src/usart.o
 .debug_macro   0x000000000002228b      0x22e ./Drivers/STM32F4xx_HAL_Driver/Src/stm32f4xx_hal.o
 .debug_macro   0x00000000000224b9      0x1ce ./Drivers/STM32F4xx_HAL_Driver/Src/stm32f4xx_hal_cortex.o
 .debug_macro   0x0000000000022687      0x1d4 ./Drivers/STM32F4xx_HAL_Driver/Src/stm32f4xx_hal_dma.o
 .debug_macro   0x000000000002285b      0x1d4 ./Drivers/STM32F4xx_HAL_Driver/Src/stm32f4xx_hal_gpio.o
 .debug_macro   0x0000000000022a2f      0x1f2 ./Drivers/STM32F4xx_HAL_Driver/Src/stm32f4xx_hal_rcc.o
 .debug_macro   0x0000000000022c21      0x1cf ./Drivers/STM32F4xx_HAL_Driver/Src/stm32f4xx_hal_tim.o
 .debug_macro   0x0000000000022df0      0x1ce ./Drivers/STM32F4xx_HAL_Driver/Src/stm32f4xx_hal_tim_ex.o
 .debug_macro   0x0000000000022fbe      0x1cf ./Drivers/STM32F4xx_HAL_Driver/Src/stm32f4xx_hal_uart.o

.debug_line     0x0000000000000000     0xf640
 .debug_line    0x0000000000000000      0x6d9 ./Core/Src/gpio.o
 .debug_line    0x00000000000006d9      0x775 ./Core/Src/lcd16x2.o
 .debug_line    0x0000000000000e4e      0xc55 ./Core/Src/main.o
 .debug_line    0x0000000000001aa3      0x694 ./Core/Src/stm32f4xx_hal_msp.o
 .debug_line    0x0000000000002137      0x7b6 ./Core/Src/stm32f4xx_it.o
 .debug_line    0x00000000000028ed      0x715 ./Core/Src/system_stm32f4xx.o
 .debug_line    0x0000000000003002      0x775 ./Core/Src/tim.o
 .debug_line    0x0000000000003777      0x77f ./Core/Src/usart.o
 .debug_line    0x0000000000003ef6       0x88 ./Core/Startup/startup_stm32f429zitx.o
 .debug_line    0x0000000000003f7e      0x9b1 ./Drivers/STM32F4xx_HAL_Driver/Src/stm32f4xx_hal.o
 .debug_line    0x000000000000492f      0xc2a ./Drivers/STM32F4xx_HAL_Driver/Src/stm32f4xx_hal_cortex.o
 .debug_line    0x0000000000005559      0xee2 ./Drivers/STM32F4xx_HAL_Driver/Src/stm32f4xx_hal_dma.o
 .debug_line    0x000000000000643b      0xb19 ./Drivers/STM32F4xx_HAL_Driver/Src/stm32f4xx_hal_gpio.o
 .debug_line    0x0000000000006f54      0xcf7 ./Drivers/STM32F4xx_HAL_Driver/Src/stm32f4xx_hal_rcc.o
 .debug_line    0x0000000000007c4b     0x367b ./Drivers/STM32F4xx_HAL_Driver/Src/stm32f4xx_hal_tim.o
 .debug_line    0x000000000000b2c6     0x1978 ./Drivers/STM32F4xx_HAL_Driver/Src/stm32f4xx_hal_tim_ex.o
 .debug_line    0x000000000000cc3e     0x2a02 ./Drivers/STM32F4xx_HAL_Driver/Src/stm32f4xx_hal_uart.o

.debug_str      0x0000000000000000    0xd64fd
 .debug_str     0x0000000000000000    0xd2712 ./Core/Src/gpio.o
                                      0xd2985 (size before relaxing)
 .debug_str     0x00000000000d2712       0x70 ./Core/Src/lcd16x2.o
                                      0xd287b (size before relaxing)
 .debug_str     0x00000000000d2782      0xc1d ./Core/Src/main.o
                                      0xd3654 (size before relaxing)
 .debug_str     0x00000000000d339f       0x49 ./Core/Src/stm32f4xx_hal_msp.o
                                      0xd28d7 (size before relaxing)
 .debug_str     0x00000000000d33e8      0x132 ./Core/Src/stm32f4xx_it.o
                                      0xd2fe0 (size before relaxing)
 .debug_str     0x00000000000d351a       0xdb ./Core/Src/system_stm32f4xx.o
                                      0xd2530 (size before relaxing)
 .debug_str     0x00000000000d35f5      0x6c1 ./Core/Src/tim.o
                                      0xd3506 (size before relaxing)
 .debug_str     0x00000000000d3cb6       0x61 ./Core/Src/usart.o
                                      0xd33c1 (size before relaxing)
 .debug_str     0x00000000000d3d17       0x36 ./Core/Startup/startup_stm32f429zitx.o
                                         0x77 (size before relaxing)
 .debug_str     0x00000000000d3d4d      0x62b ./Drivers/STM32F4xx_HAL_Driver/Src/stm32f4xx_hal.o
                                      0xd3153 (size before relaxing)
 .debug_str     0x00000000000d4378      0x32d ./Drivers/STM32F4xx_HAL_Driver/Src/stm32f4xx_hal_cortex.o
                                      0xd2e38 (size before relaxing)
 .debug_str     0x00000000000d46a5      0x323 ./Drivers/STM32F4xx_HAL_Driver/Src/stm32f4xx_hal_dma.o
                                      0xd2937 (size before relaxing)
 .debug_str     0x00000000000d49c8      0x121 ./Drivers/STM32F4xx_HAL_Driver/Src/stm32f4xx_hal_gpio.o
                                      0xd26ab (size before relaxing)
 .debug_str     0x00000000000d4ae9      0x233 ./Drivers/STM32F4xx_HAL_Driver/Src/stm32f4xx_hal_rcc.o
                                      0xd2964 (size before relaxing)
 .debug_str     0x00000000000d4d1c      0xda3 ./Drivers/STM32F4xx_HAL_Driver/Src/stm32f4xx_hal_tim.o
                                      0xd3897 (size before relaxing)
 .debug_str     0x00000000000d5abf      0x493 ./Drivers/STM32F4xx_HAL_Driver/Src/stm32f4xx_hal_tim_ex.o
                                      0xd30b3 (size before relaxing)
 .debug_str     0x00000000000d5f52      0x5ab ./Drivers/STM32F4xx_HAL_Driver/Src/stm32f4xx_hal_uart.o
                                      0xd2ef0 (size before relaxing)

.comment        0x0000000000000000       0x50
 .comment       0x0000000000000000       0x50 ./Core/Src/gpio.o
                                         0x51 (size before relaxing)
 .comment       0x0000000000000050       0x51 ./Core/Src/lcd16x2.o
 .comment       0x0000000000000050       0x51 ./Core/Src/main.o
 .comment       0x0000000000000050       0x51 ./Core/Src/stm32f4xx_hal_msp.o
 .comment       0x0000000000000050       0x51 ./Core/Src/stm32f4xx_it.o
 .comment       0x0000000000000050       0x51 ./Core/Src/system_stm32f4xx.o
 .comment       0x0000000000000050       0x51 ./Core/Src/tim.o
 .comment       0x0000000000000050       0x51 ./Core/Src/usart.o
 .comment       0x0000000000000050       0x51 ./Drivers/STM32F4xx_HAL_Driver/Src/stm32f4xx_hal.o
 .comment       0x0000000000000050       0x51 ./Drivers/STM32F4xx_HAL_Driver/Src/stm32f4xx_hal_cortex.o
 .comment       0x0000000000000050       0x51 ./Drivers/STM32F4xx_HAL_Driver/Src/stm32f4xx_hal_dma.o
 .comment       0x0000000000000050       0x51 ./Drivers/STM32F4xx_HAL_Driver/Src/stm32f4xx_hal_gpio.o
 .comment       0x0000000000000050       0x51 ./Drivers/STM32F4xx_HAL_Driver/Src/stm32f4xx_hal_rcc.o
 .comment       0x0000000000000050       0x51 ./Drivers/STM32F4xx_HAL_Driver/Src/stm32f4xx_hal_tim.o
 .comment       0x0000000000000050       0x51 ./Drivers/STM32F4xx_HAL_Driver/Src/stm32f4xx_hal_tim_ex.o
 .comment       0x0000000000000050       0x51 ./Drivers/STM32F4xx_HAL_Driver/Src/stm32f4xx_hal_uart.o

.debug_frame    0x0000000000000000     0x371c
 .debug_frame   0x0000000000000000       0x34 ./Core/Src/gpio.o
 .debug_frame   0x0000000000000034       0xfc ./Core/Src/lcd16x2.o
 .debug_frame   0x0000000000000130      0x30c ./Core/Src/main.o
 .debug_frame   0x000000000000043c       0x34 ./Core/Src/stm32f4xx_hal_msp.o
 .debug_frame   0x0000000000000470      0x174 ./Core/Src/stm32f4xx_it.o
 .debug_frame   0x00000000000005e4       0x58 ./Core/Src/system_stm32f4xx.o
 .debug_frame   0x000000000000063c       0xa0 ./Core/Src/tim.o
 .debug_frame   0x00000000000006dc       0x90 ./Core/Src/usart.o
 .debug_frame   0x000000000000076c      0x3b4 ./Drivers/STM32F4xx_HAL_Driver/Src/stm32f4xx_hal.o
 .debug_frame   0x0000000000000b20      0x498 ./Drivers/STM32F4xx_HAL_Driver/Src/stm32f4xx_hal_cortex.o
 .debug_frame   0x0000000000000fb8      0x250 ./Drivers/STM32F4xx_HAL_Driver/Src/stm32f4xx_hal_dma.o
 .debug_frame   0x0000000000001208      0x14c ./Drivers/STM32F4xx_HAL_Driver/Src/stm32f4xx_hal_gpio.o
 .debug_frame   0x0000000000001354      0x1f4 ./Drivers/STM32F4xx_HAL_Driver/Src/stm32f4xx_hal_rcc.o
 .debug_frame   0x0000000000001548     0x11c4 ./Drivers/STM32F4xx_HAL_Driver/Src/stm32f4xx_hal_tim.o
 .debug_frame   0x000000000000270c      0x638 ./Drivers/STM32F4xx_HAL_Driver/Src/stm32f4xx_hal_tim_ex.o
 .debug_frame   0x0000000000002d44      0x92c ./Drivers/STM32F4xx_HAL_Driver/Src/stm32f4xx_hal_uart.o
 .debug_frame   0x0000000000003670       0x2c /opt/st/stm32cubeide_1.9.0/plugins/com.st.stm32cube.ide.mcu.externaltools.gnu-tools-for-stm32.10.3-2021.10.linux64_1.0.0.202111181127/tools/bin/../lib/gcc/arm-none-eabi/10.3.1/../../../../arm-none-eabi/lib/thumb/v7e-m+fp/hard/libc_nano.a(lib_a-init.o)
 .debug_frame   0x000000000000369c       0x20 /opt/st/stm32cubeide_1.9.0/plugins/com.st.stm32cube.ide.mcu.externaltools.gnu-tools-for-stm32.10.3-2021.10.linux64_1.0.0.202111181127/tools/bin/../lib/gcc/arm-none-eabi/10.3.1/../../../../arm-none-eabi/lib/thumb/v7e-m+fp/hard/libc_nano.a(lib_a-memset.o)
 .debug_frame   0x00000000000036bc       0x2c /opt/st/stm32cubeide_1.9.0/plugins/com.st.stm32cube.ide.mcu.externaltools.gnu-tools-for-stm32.10.3-2021.10.linux64_1.0.0.202111181127/tools/bin/../lib/gcc/arm-none-eabi/10.3.1/thumb/v7e-m+fp/hard/libgcc.a(_aeabi_uldivmod.o)
 .debug_frame   0x00000000000036e8       0x34 /opt/st/stm32cubeide_1.9.0/plugins/com.st.stm32cube.ide.mcu.externaltools.gnu-tools-for-stm32.10.3-2021.10.linux64_1.0.0.202111181127/tools/bin/../lib/gcc/arm-none-eabi/10.3.1/thumb/v7e-m+fp/hard/libgcc.a(_udivmoddi4.o)
