../Core/Src/main.c:151:5:main	8	static
../Core/Src/main.c:230:6:SystemClock_Config	88	static
../Core/Src/main.c:272:6:uart_RX2_task	4	static
../Core/Src/main.c:309:6:uart_RX1_task	4	static
../Core/Src/main.c:357:6:segment_display_task	8	static
../Core/Src/main.c:374:6:lcd_display_task	8	static
../Core/Src/main.c:410:6:m_send_to_lcd	16	static
../Core/Src/main.c:436:6:task_timer	8	static
../Core/Src/main.c:476:6:key_read_task	16	static
../Core/Src/main.c:516:6:main_task	8	static
../Core/Src/main.c:628:6:TX1_delay_update	4	static
../Core/Src/main.c:635:6:TX2_delay_update	4	static
../Core/Src/main.c:642:6:Set_Trasnmitter_TX1	8	static
../Core/Src/main.c:648:6:Set_Receiver_TX1	8	static
../Core/Src/main.c:654:6:Set_Trasnmitter_TX2	8	static
../Core/Src/main.c:660:6:Set_Receiver_TX2	8	static
../Core/Src/main.c:667:6:uart_TX1_task	8	static
../Core/Src/main.c:678:6:uart_TX2_task	8	static
../Core/Src/main.c:689:6:setEvent	16	static
../Core/Src/main.c:700:15:getEvent	16	static
../Core/Src/main.c:711:6:seven_segment_driver	24	static
../Core/Src/main.c:729:6:HAL_TIM_PeriodElapsedCallback	16	static
../Core/Src/main.c:745:6:HAL_UART_RxCpltCallback	16	static
../Core/Src/main.c:773:6:Error_Handler	4	static,ignoring_inline_asm
