Archive member included to satisfy reference by file (symbol)

/usr/lib64/gcc/arm-none-eabi/11/../../../../arm-none-eabi/lib/thumb/v7e-m+fp/hard/libc_nano.a(lib_a-atexit.o)
                              /usr/lib64/gcc/arm-none-eabi/11/../../../../arm-none-eabi/lib/thumb/v7e-m+fp/hard/crt0.o (atexit)
/usr/lib64/gcc/arm-none-eabi/11/../../../../arm-none-eabi/lib/thumb/v7e-m+fp/hard/libc_nano.a(lib_a-exit.o)
                              /usr/lib64/gcc/arm-none-eabi/11/../../../../arm-none-eabi/lib/thumb/v7e-m+fp/hard/crt0.o (exit)
/usr/lib64/gcc/arm-none-eabi/11/../../../../arm-none-eabi/lib/thumb/v7e-m+fp/hard/libc_nano.a(lib_a-fini.o)
                              /usr/lib64/gcc/arm-none-eabi/11/../../../../arm-none-eabi/lib/thumb/v7e-m+fp/hard/crt0.o (__libc_fini_array)
/usr/lib64/gcc/arm-none-eabi/11/../../../../arm-none-eabi/lib/thumb/v7e-m+fp/hard/libc_nano.a(lib_a-impure.o)
                              /usr/lib64/gcc/arm-none-eabi/11/../../../../arm-none-eabi/lib/thumb/v7e-m+fp/hard/libc_nano.a(lib_a-exit.o) (_global_impure_ptr)
/usr/lib64/gcc/arm-none-eabi/11/../../../../arm-none-eabi/lib/thumb/v7e-m+fp/hard/libc_nano.a(lib_a-init.o)
                              /usr/lib64/gcc/arm-none-eabi/11/../../../../arm-none-eabi/lib/thumb/v7e-m+fp/hard/crt0.o (__libc_init_array)
/usr/lib64/gcc/arm-none-eabi/11/../../../../arm-none-eabi/lib/thumb/v7e-m+fp/hard/libc_nano.a(lib_a-memset.o)
                              /usr/lib64/gcc/arm-none-eabi/11/../../../../arm-none-eabi/lib/thumb/v7e-m+fp/hard/crt0.o (memset)
/usr/lib64/gcc/arm-none-eabi/11/../../../../arm-none-eabi/lib/thumb/v7e-m+fp/hard/libc_nano.a(lib_a-__atexit.o)
                              /usr/lib64/gcc/arm-none-eabi/11/../../../../arm-none-eabi/lib/thumb/v7e-m+fp/hard/libc_nano.a(lib_a-atexit.o) (__register_exitproc)
/usr/lib64/gcc/arm-none-eabi/11/../../../../arm-none-eabi/lib/thumb/v7e-m+fp/hard/libc_nano.a(lib_a-__call_atexit.o)
                              /usr/lib64/gcc/arm-none-eabi/11/../../../../arm-none-eabi/lib/thumb/v7e-m+fp/hard/libc_nano.a(lib_a-__atexit.o) (__call_exitprocs)
/usr/lib64/gcc/arm-none-eabi/11/../../../../arm-none-eabi/lib/thumb/v7e-m+fp/hard/libnosys.a(_exit.o)
                              /usr/lib64/gcc/arm-none-eabi/11/../../../../arm-none-eabi/lib/thumb/v7e-m+fp/hard/libc_nano.a(lib_a-exit.o) (_exit)
/usr/lib64/gcc/arm-none-eabi/11/thumb/v7e-m+fp/hard/libgcc.a(_aeabi_uldivmod.o)
                              build/stm32f4xx_hal_rcc.o (__aeabi_uldivmod)
/usr/lib64/gcc/arm-none-eabi/11/thumb/v7e-m+fp/hard/libgcc.a(_udivmoddi4.o)
                              /usr/lib64/gcc/arm-none-eabi/11/thumb/v7e-m+fp/hard/libgcc.a(_aeabi_uldivmod.o) (__udivmoddi4)
/usr/lib64/gcc/arm-none-eabi/11/thumb/v7e-m+fp/hard/libgcc.a(_dvmd_tls.o)
                              /usr/lib64/gcc/arm-none-eabi/11/thumb/v7e-m+fp/hard/libgcc.a(_aeabi_uldivmod.o) (__aeabi_ldiv0)
/usr/lib64/gcc/arm-none-eabi/11/../../../../arm-none-eabi/lib/thumb/v7e-m+fp/hard/libc.a(lib_a-syscalls.o)
                              /usr/lib64/gcc/arm-none-eabi/11/../../../../arm-none-eabi/lib/thumb/v7e-m+fp/hard/crt0.o (initialise_monitor_handles)
/usr/lib64/gcc/arm-none-eabi/11/../../../../arm-none-eabi/lib/thumb/v7e-m+fp/hard/libc.a(lib_a-errno.o)
                              /usr/lib64/gcc/arm-none-eabi/11/../../../../arm-none-eabi/lib/thumb/v7e-m+fp/hard/libc.a(lib_a-syscalls.o) (__errno)
/usr/lib64/gcc/arm-none-eabi/11/../../../../arm-none-eabi/lib/thumb/v7e-m+fp/hard/libc.a(lib_a-findfp.o)
                              /usr/lib64/gcc/arm-none-eabi/11/../../../../arm-none-eabi/lib/thumb/v7e-m+fp/hard/libc.a(lib_a-syscalls.o) (__sinit)
/usr/lib64/gcc/arm-none-eabi/11/../../../../arm-none-eabi/lib/thumb/v7e-m+fp/hard/libc.a(lib_a-fwalk.o)
                              /usr/lib64/gcc/arm-none-eabi/11/../../../../arm-none-eabi/lib/thumb/v7e-m+fp/hard/libc.a(lib_a-findfp.o) (_fwalk)
/usr/lib64/gcc/arm-none-eabi/11/../../../../arm-none-eabi/lib/thumb/v7e-m+fp/hard/libc.a(lib_a-mallocr.o)
                              /usr/lib64/gcc/arm-none-eabi/11/../../../../arm-none-eabi/lib/thumb/v7e-m+fp/hard/libc.a(lib_a-findfp.o) (_malloc_r)
/usr/lib64/gcc/arm-none-eabi/11/../../../../arm-none-eabi/lib/thumb/v7e-m+fp/hard/libc.a(lib_a-mlock.o)
                              /usr/lib64/gcc/arm-none-eabi/11/../../../../arm-none-eabi/lib/thumb/v7e-m+fp/hard/libc.a(lib_a-mallocr.o) (__malloc_lock)
/usr/lib64/gcc/arm-none-eabi/11/../../../../arm-none-eabi/lib/thumb/v7e-m+fp/hard/libc.a(lib_a-sbrkr.o)
                              /usr/lib64/gcc/arm-none-eabi/11/../../../../arm-none-eabi/lib/thumb/v7e-m+fp/hard/libc.a(lib_a-mallocr.o) (_sbrk_r)
/usr/lib64/gcc/arm-none-eabi/11/../../../../arm-none-eabi/lib/thumb/v7e-m+fp/hard/libc.a(lib_a-stdio.o)
                              /usr/lib64/gcc/arm-none-eabi/11/../../../../arm-none-eabi/lib/thumb/v7e-m+fp/hard/libc.a(lib_a-findfp.o) (__sread)
[...]
Memory Configuration

Name             Origin             Length             Attributes
RAM              0x0000000020000000 0x0000000000030000 xrw
CCMRAM           0x0000000010000000 0x0000000000010000 xrw
FLASH            0x0000000008000000 0x0000000000200000 xr
*default*        0x0000000000000000 0xffffffffffffffff

Linker script and memory map

LOAD /usr/lib64/gcc/arm-none-eabi/11/thumb/v7e-m+fp/hard/crti.o
LOAD /usr/lib64/gcc/arm-none-eabi/11/thumb/v7e-m+fp/hard/crtbegin.o
LOAD /usr/lib64/gcc/arm-none-eabi/11/../../../../arm-none-eabi/lib/thumb/v7e-m+fp/hard/crt0.o
LOAD build/main.o
LOAD build/gpio.o
LOAD build/buffer.o
LOAD build/message.o
LOAD build/lcd16x2.o
LOAD build/tim.o
LOAD build/usart.o
LOAD build/stm32f4xx_it.o
LOAD build/stm32f4xx_hal_msp.o
LOAD build/stm32f4xx_hal_tim.o
LOAD build/stm32f4xx_hal_tim_ex.o
LOAD build/stm32f4xx_hal_rcc.o
LOAD build/stm32f4xx_hal_rcc_ex.o
LOAD build/stm32f4xx_hal_flash.o
LOAD build/stm32f4xx_hal_flash_ex.o
LOAD build/stm32f4xx_hal_flash_ramfunc.o
LOAD build/stm32f4xx_hal_gpio.o
LOAD build/stm32f4xx_hal_dma_ex.o
LOAD build/stm32f4xx_hal_dma.o
LOAD build/stm32f4xx_hal_pwr.o
LOAD build/stm32f4xx_hal_pwr_ex.o
LOAD build/stm32f4xx_hal_cortex.o
LOAD build/stm32f4xx_hal.o
LOAD build/stm32f4xx_hal_exti.o
LOAD build/stm32f4xx_hal_uart.o
LOAD build/system_stm32f4xx.o
LOAD build/startup_stm32f429xx.o
LOAD /usr/lib64/gcc/arm-none-eabi/11/../../../../arm-none-eabi/lib/thumb/v7e-m+fp/hard/libc_nano.a
LOAD /usr/lib64/gcc/arm-none-eabi/11/../../../../arm-none-eabi/lib/thumb/v7e-m+fp/hard/libm.a
LOAD /usr/lib64/gcc/arm-none-eabi/11/../../../../arm-none-eabi/lib/thumb/v7e-m+fp/hard/libnosys.a
START GROUP
LOAD /usr/lib64/gcc/arm-none-eabi/11/thumb/v7e-m+fp/hard/libgcc.a
LOAD /usr/lib64/gcc/arm-none-eabi/11/../../../../arm-none-eabi/lib/thumb/v7e-m+fp/hard/libc_nano.a
END GROUP
START GROUP
LOAD /usr/lib64/gcc/arm-none-eabi/11/thumb/v7e-m+fp/hard/libgcc.a
LOAD /usr/lib64/gcc/arm-none-eabi/11/../../../../arm-none-eabi/lib/thumb/v7e-m+fp/hard/libc_nano.a
END GROUP
LOAD /usr/lib64/gcc/arm-none-eabi/11/thumb/v7e-m+fp/hard/crtend.o
LOAD /usr/lib64/gcc/arm-none-eabi/11/thumb/v7e-m+fp/hard/crtn.o
                0x0000000020030000                _estack = (ORIGIN (RAM) + LENGTH (RAM))
                0x0000000000000200                _Min_Heap_Size = 0x200
                0x0000000000000400                _Min_Stack_Size = 0x400

.isr_vector     0x0000000008000000      0x1ac
                0x0000000008000000                . = ALIGN (0x4)
 *(.isr_vector)
 .isr_vector    0x0000000008000000      0x1ac build/startup_stm32f429xx.o
                0x0000000008000000                g_pfnVectors
                0x00000000080001ac                . = ALIGN (0x4)

.text           0x00000000080001ac     0x2a3c
                0x00000000080001ac                . = ALIGN (0x4)
 *(.text)
 .text          0x00000000080001ac       0x88 /usr/lib64/gcc/arm-none-eabi/11/thumb/v7e-m+fp/hard/crtbegin.o
 .text          0x0000000008000234       0x48 /usr/lib64/gcc/arm-none-eabi/11/../../../../arm-none-eabi/lib/thumb/v7e-m+fp/hard/libc_nano.a(lib_a-init.o)
                0x0000000008000234                __libc_init_array
 .text          0x000000000800027c       0x10 /usr/lib64/gcc/arm-none-eabi/11/../../../../arm-none-eabi/lib/thumb/v7e-m+fp/hard/libc_nano.a(lib_a-memset.o)
                0x000000000800027c                memset
 .text          0x000000000800028c       0x30 /usr/lib64/gcc/arm-none-eabi/11/thumb/v7e-m+fp/hard/libgcc.a(_aeabi_uldivmod.o)
                0x000000000800028c                __aeabi_uldivmod
 .text          0x00000000080002bc      0x2d8 /usr/lib64/gcc/arm-none-eabi/11/thumb/v7e-m+fp/hard/libgcc.a(_udivmoddi4.o)
                0x00000000080002bc                __udivmoddi4
 .text          0x0000000008000594        0x4 /usr/lib64/gcc/arm-none-eabi/11/thumb/v7e-m+fp/hard/libgcc.a(_dvmd_tls.o)
                0x0000000008000594                __aeabi_ldiv0
                0x0000000008000594                __aeabi_idiv0
 *(.text*)
 .text.update_lcd
                0x0000000008000598       0x68 build/main.o
                0x0000000008000598                update_lcd
 .text.task_timer
                0x0000000008000600       0x7c build/main.o
                0x0000000008000600                task_timer
 .text.key_read_task
                0x000000000800067c       0xb0 build/main.o
                0x000000000800067c                key_read_task
 .text.RS485_RX_Task
                0x000000000800072c       0x74 build/main.o
                0x000000000800072c                RS485_RX_Task
 .text.display_state_slave
                0x00000000080007a0      0x1d0 build/main.o
                0x00000000080007a0                display_state_slave
 .text.RS485_Read_Message
                0x0000000008000970       0xd0 build/main.o
                0x0000000008000970                RS485_Read_Message
 .text.RS485_Send_Message
                0x0000000008000a40       0x4c build/main.o
                0x0000000008000a40                RS485_Send_Message
 .text.main_task
                0x0000000008000a8c      0x214 build/main.o
                0x0000000008000a8c                main_task
 .text.HAL_TIM_PeriodElapsedCallback
                0x0000000008000ca0       0x18 build/main.o
                0x0000000008000ca0                HAL_TIM_PeriodElapsedCallback
 .text.HAL_UART_RxCpltCallback
                0x0000000008000cb8       0x2c build/main.o
                0x0000000008000cb8                HAL_UART_RxCpltCallback
 .text.Error_Handler
                0x0000000008000ce4        0x4 build/main.o
                0x0000000008000ce4                Error_Handler
 .text.SystemClock_Config
                0x0000000008000ce8       0xa8 build/main.o
                0x0000000008000ce8                SystemClock_Config
 .text.main     0x0000000008000d90      0x128 build/main.o
                0x0000000008000d90                main
 .text.MX_GPIO_Init
                0x0000000008000eb8      0x118 build/gpio.o
                0x0000000008000eb8                MX_GPIO_Init
 .text.buffer_push
                0x0000000008000fd0       0x1a build/buffer.o
                0x0000000008000fd0                buffer_push
 .text.buffer_pop
                0x0000000008000fea       0x1c build/buffer.o
                0x0000000008000fea                buffer_pop
 *fill*         0x0000000008001006        0x2 
 .text.send_to_lcd
                0x0000000008001008       0x34 build/lcd16x2.o
                0x0000000008001008                send_to_lcd
 .text.lcd_cmd  0x000000000800103c       0x24 build/lcd16x2.o
                0x000000000800103c                lcd_cmd
 .text.lcd_data
                0x0000000008001060       0x24 build/lcd16x2.o
                0x0000000008001060                lcd_data
 .text.lcd_write_string
                0x0000000008001084       0x16 build/lcd16x2.o
                0x0000000008001084                lcd_write_string
 .text.lcd_init
                0x000000000800109a       0x46 build/lcd16x2.o
                0x000000000800109a                lcd_init
 .text.lcd_set_pos
                0x00000000080010e0       0x16 build/lcd16x2.o
                0x00000000080010e0                lcd_set_pos
 .text.lcd_clear
                0x00000000080010f6        0xa build/lcd16x2.o
                0x00000000080010f6                lcd_clear
 .text.MX_TIM4_Init
                0x0000000008001100       0x74 build/tim.o
                0x0000000008001100                MX_TIM4_Init
 .text.HAL_TIM_Base_MspInit
                0x0000000008001174       0x40 build/tim.o
                0x0000000008001174                HAL_TIM_Base_MspInit
 .text.MX_UART4_Init
                0x00000000080011b4       0x34 build/usart.o
                0x00000000080011b4                MX_UART4_Init
 .text.MX_UART5_Init
                0x00000000080011e8       0x34 build/usart.o
                0x00000000080011e8                MX_UART5_Init
 .text.HAL_UART_MspInit
                0x000000000800121c      0x110 build/usart.o
                0x000000000800121c                HAL_UART_MspInit
 .text.NMI_Handler
                0x000000000800132c        0x2 build/stm32f4xx_it.o
                0x000000000800132c                NMI_Handler
 .text.HardFault_Handler
                0x000000000800132e        0x2 build/stm32f4xx_it.o
                0x000000000800132e                HardFault_Handler
 .text.MemManage_Handler
                0x0000000008001330        0x2 build/stm32f4xx_it.o
                0x0000000008001330                MemManage_Handler
 .text.BusFault_Handler
                0x0000000008001332        0x2 build/stm32f4xx_it.o
                0x0000000008001332                BusFault_Handler
 .text.UsageFault_Handler
                0x0000000008001334        0x2 build/stm32f4xx_it.o
                0x0000000008001334                UsageFault_Handler
 .text.SVC_Handler
                0x0000000008001336        0x2 build/stm32f4xx_it.o
                0x0000000008001336                SVC_Handler
 .text.DebugMon_Handler
                0x0000000008001338        0x2 build/stm32f4xx_it.o
                0x0000000008001338                DebugMon_Handler
 .text.PendSV_Handler
                0x000000000800133a        0x2 build/stm32f4xx_it.o
                0x000000000800133a                PendSV_Handler
 .text.SysTick_Handler
                0x000000000800133c        0x8 build/stm32f4xx_it.o
                0x000000000800133c                SysTick_Handler
 .text.TIM4_IRQHandler
                0x0000000008001344       0x10 build/stm32f4xx_it.o
                0x0000000008001344                TIM4_IRQHandler
 .text.UART4_IRQHandler
                0x0000000008001354       0x10 build/stm32f4xx_it.o
                0x0000000008001354                UART4_IRQHandler
 .text.UART5_IRQHandler
                0x0000000008001364       0x10 build/stm32f4xx_it.o
                0x0000000008001364                UART5_IRQHandler
 .text.HAL_MspInit
                0x0000000008001374       0x40 build/stm32f4xx_hal_msp.o
                0x0000000008001374                HAL_MspInit
 .text.TIM_TI1_ConfigInputStage
                0x00000000080013b4       0x26 build/stm32f4xx_hal_tim.o
 .text.TIM_TI2_ConfigInputStage
                0x00000000080013da       0x28 build/stm32f4xx_hal_tim.o
 .text.TIM_ITRx_SetConfig
                0x0000000008001402       0x10 build/stm32f4xx_hal_tim.o
 *fill*         0x0000000008001412        0x2 
 .text.HAL_TIM_Base_Start_IT
                0x0000000008001414       0x88 build/stm32f4xx_hal_tim.o
                0x0000000008001414                HAL_TIM_Base_Start_IT
 .text.HAL_TIM_OC_DelayElapsedCallback
                0x000000000800149c        0x2 build/stm32f4xx_hal_tim.o
                0x000000000800149c                HAL_TIM_OC_DelayElapsedCallback
 .text.HAL_TIM_IC_CaptureCallback
                0x000000000800149e        0x2 build/stm32f4xx_hal_tim.o
                0x000000000800149e                HAL_TIM_IC_CaptureCallback
 .text.HAL_TIM_PWM_PulseFinishedCallback
                0x00000000080014a0        0x2 build/stm32f4xx_hal_tim.o
                0x00000000080014a0                HAL_TIM_PWM_PulseFinishedCallback
 .text.HAL_TIM_TriggerCallback
                0x00000000080014a2        0x2 build/stm32f4xx_hal_tim.o
                0x00000000080014a2                HAL_TIM_TriggerCallback
 .text.HAL_TIM_IRQHandler
                0x00000000080014a4      0x17a build/stm32f4xx_hal_tim.o
                0x00000000080014a4                HAL_TIM_IRQHandler
 *fill*         0x000000000800161e        0x2 
 .text.TIM_Base_SetConfig
                0x0000000008001620       0xc8 build/stm32f4xx_hal_tim.o
                0x0000000008001620                TIM_Base_SetConfig
 .text.HAL_TIM_Base_Init
                0x00000000080016e8       0x58 build/stm32f4xx_hal_tim.o
                0x00000000080016e8                HAL_TIM_Base_Init
 .text.TIM_ETR_SetConfig
                0x0000000008001740       0x1a build/stm32f4xx_hal_tim.o
                0x0000000008001740                TIM_ETR_SetConfig
 .text.HAL_TIM_ConfigClockSource
                0x000000000800175a       0xfe build/stm32f4xx_hal_tim.o
                0x000000000800175a                HAL_TIM_ConfigClockSource
 .text.HAL_TIMEx_MasterConfigSynchronization
                0x0000000008001858       0x8c build/stm32f4xx_hal_tim_ex.o
                0x0000000008001858                HAL_TIMEx_MasterConfigSynchronization
 .text.HAL_TIMEx_CommutCallback
                0x00000000080018e4        0x2 build/stm32f4xx_hal_tim_ex.o
                0x00000000080018e4                HAL_TIMEx_CommutCallback
 .text.HAL_TIMEx_BreakCallback
                0x00000000080018e6        0x2 build/stm32f4xx_hal_tim_ex.o
                0x00000000080018e6                HAL_TIMEx_BreakCallback
 .text.HAL_RCC_OscConfig
                0x00000000080018e8      0x3f8 build/stm32f4xx_hal_rcc.o
                0x00000000080018e8                HAL_RCC_OscConfig
 .text.HAL_RCC_GetSysClockFreq
                0x0000000008001ce0       0xdc build/stm32f4xx_hal_rcc.o
                0x0000000008001ce0                HAL_RCC_GetSysClockFreq
 .text.HAL_RCC_ClockConfig
                0x0000000008001dbc      0x160 build/stm32f4xx_hal_rcc.o
                0x0000000008001dbc                HAL_RCC_ClockConfig
 .text.HAL_RCC_GetHCLKFreq
                0x0000000008001f1c        0xc build/stm32f4xx_hal_rcc.o
                0x0000000008001f1c                HAL_RCC_GetHCLKFreq
 .text.HAL_RCC_GetPCLK1Freq
                0x0000000008001f28       0x20 build/stm32f4xx_hal_rcc.o
                0x0000000008001f28                HAL_RCC_GetPCLK1Freq
 .text.HAL_RCC_GetPCLK2Freq
                0x0000000008001f48       0x20 build/stm32f4xx_hal_rcc.o
                0x0000000008001f48                HAL_RCC_GetPCLK2Freq
 .text.HAL_GPIO_Init
                0x0000000008001f68      0x208 build/stm32f4xx_hal_gpio.o
                0x0000000008001f68                HAL_GPIO_Init
 .text.HAL_GPIO_WritePin
                0x0000000008002170        0xc build/stm32f4xx_hal_gpio.o
                0x0000000008002170                HAL_GPIO_WritePin
 .text.HAL_DMA_Abort
                0x000000000800217c       0x94 build/stm32f4xx_hal_dma.o
                0x000000000800217c                HAL_DMA_Abort
 .text.HAL_DMA_Abort_IT
                0x0000000008002210       0x26 build/stm32f4xx_hal_dma.o
                0x0000000008002210                HAL_DMA_Abort_IT
 *fill*         0x0000000008002236        0x2 
 .text.HAL_NVIC_SetPriorityGrouping
                0x0000000008002238       0x24 build/stm32f4xx_hal_cortex.o
                0x0000000008002238                HAL_NVIC_SetPriorityGrouping
 .text.HAL_NVIC_SetPriority
                0x000000000800225c       0x70 build/stm32f4xx_hal_cortex.o
                0x000000000800225c                HAL_NVIC_SetPriority
 .text.HAL_NVIC_EnableIRQ
                0x00000000080022cc       0x1c build/stm32f4xx_hal_cortex.o
                0x00000000080022cc                HAL_NVIC_EnableIRQ
 .text.HAL_SYSTICK_Config
                0x00000000080022e8       0x28 build/stm32f4xx_hal_cortex.o
                0x00000000080022e8                HAL_SYSTICK_Config
 .text.HAL_InitTick
                0x0000000008002310       0x4c build/stm32f4xx_hal.o
                0x0000000008002310                HAL_InitTick
 .text.HAL_Init
                0x000000000800235c       0x34 build/stm32f4xx_hal.o
                0x000000000800235c                HAL_Init
 .text.HAL_IncTick
                0x0000000008002390       0x18 build/stm32f4xx_hal.o
                0x0000000008002390                HAL_IncTick
 .text.HAL_GetTick
                0x00000000080023a8        0xc build/stm32f4xx_hal.o
                0x00000000080023a8                HAL_GetTick
 .text.HAL_Delay
                0x00000000080023b4       0x28 build/stm32f4xx_hal.o
                0x00000000080023b4                HAL_Delay
 .text.UART_EndRxTransfer
                0x00000000080023dc       0x5c build/stm32f4xx_hal_uart.o
 .text.UART_Transmit_IT
                0x0000000008002438       0x60 build/stm32f4xx_hal_uart.o
 .text.UART_SetConfig
                0x0000000008002498      0x110 build/stm32f4xx_hal_uart.o
 .text.UART_WaitOnFlagUntilTimeout
                0x00000000080025a8       0x84 build/stm32f4xx_hal_uart.o
 .text.HAL_UART_Init
                0x000000000800262c       0x5e build/stm32f4xx_hal_uart.o
                0x000000000800262c                HAL_UART_Init
 .text.HAL_UART_Transmit
                0x000000000800268a       0xd8 build/stm32f4xx_hal_uart.o
                0x000000000800268a                HAL_UART_Transmit
 .text.HAL_UART_TxCpltCallback
                0x0000000008002762        0x2 build/stm32f4xx_hal_uart.o
                0x0000000008002762                HAL_UART_TxCpltCallback
 .text.UART_EndTransmit_IT
                0x0000000008002764       0x1a build/stm32f4xx_hal_uart.o
 .text.HAL_UART_ErrorCallback
                0x000000000800277e        0x2 build/stm32f4xx_hal_uart.o
                0x000000000800277e                HAL_UART_ErrorCallback
 .text.UART_DMAAbortOnError
                0x0000000008002780       0x10 build/stm32f4xx_hal_uart.o
 .text.HAL_UARTEx_RxEventCallback
                0x0000000008002790        0x2 build/stm32f4xx_hal_uart.o
                0x0000000008002790                HAL_UARTEx_RxEventCallback
 .text.UART_Receive_IT
                0x0000000008002792       0xe2 build/stm32f4xx_hal_uart.o
 .text.HAL_UART_IRQHandler
                0x0000000008002874      0x280 build/stm32f4xx_hal_uart.o
                0x0000000008002874                HAL_UART_IRQHandler
 .text.UART_Start_Receive_IT
                0x0000000008002af4       0x3a build/stm32f4xx_hal_uart.o
                0x0000000008002af4                UART_Start_Receive_IT
 .text.HAL_UART_Receive_IT
                0x0000000008002b2e       0x38 build/stm32f4xx_hal_uart.o
                0x0000000008002b2e                HAL_UART_Receive_IT
 *fill*         0x0000000008002b66        0x2 
 .text.SystemInit
                0x0000000008002b68       0x14 build/system_stm32f4xx.o
                0x0000000008002b68                SystemInit
 .text.Reset_Handler
                0x0000000008002b7c       0x50 build/startup_stm32f429xx.o
                0x0000000008002b7c                Reset_Handler
 .text.Default_Handler
                0x0000000008002bcc        0x2 build/startup_stm32f429xx.o
                0x0000000008002bcc                RTC_Alarm_IRQHandler
                0x0000000008002bcc                HASH_RNG_IRQHandler
                0x0000000008002bcc                EXTI2_IRQHandler
                0x0000000008002bcc                TIM8_CC_IRQHandler
                0x0000000008002bcc                UART8_IRQHandler
                0x0000000008002bcc                SPI4_IRQHandler
                0x0000000008002bcc                TIM1_CC_IRQHandler
                0x0000000008002bcc                DMA2_Stream5_IRQHandler
                0x0000000008002bcc                DMA1_Stream5_IRQHandler
                0x0000000008002bcc                PVD_IRQHandler
                0x0000000008002bcc                SDIO_IRQHandler
                0x0000000008002bcc                TAMP_STAMP_IRQHandler
                0x0000000008002bcc                CAN2_RX1_IRQHandler
                0x0000000008002bcc                EXTI3_IRQHandler
                0x0000000008002bcc                TIM8_TRG_COM_TIM14_IRQHandler
                0x0000000008002bcc                TIM1_UP_TIM10_IRQHandler
                0x0000000008002bcc                TIM8_UP_TIM13_IRQHandler
                0x0000000008002bcc                I2C3_ER_IRQHandler
                0x0000000008002bcc                EXTI0_IRQHandler
                0x0000000008002bcc                I2C2_EV_IRQHandler
                0x0000000008002bcc                DMA1_Stream2_IRQHandler
                0x0000000008002bcc                CAN1_RX0_IRQHandler
                0x0000000008002bcc                FPU_IRQHandler
                0x0000000008002bcc                OTG_HS_WKUP_IRQHandler
                0x0000000008002bcc                LTDC_ER_IRQHandler
                0x0000000008002bcc                CAN2_SCE_IRQHandler
                0x0000000008002bcc                DMA2_Stream2_IRQHandler
                0x0000000008002bcc                SPI1_IRQHandler
                0x0000000008002bcc                TIM6_DAC_IRQHandler
                0x0000000008002bcc                TIM1_BRK_TIM9_IRQHandler
                0x0000000008002bcc                DCMI_IRQHandler
                0x0000000008002bcc                CAN2_RX0_IRQHandler
                0x0000000008002bcc                DMA2_Stream3_IRQHandler
                0x0000000008002bcc                USART6_IRQHandler
                0x0000000008002bcc                USART3_IRQHandler
                0x0000000008002bcc                CAN1_RX1_IRQHandler
                0x0000000008002bcc                DMA2_Stream0_IRQHandler
                0x0000000008002bcc                I2C1_EV_IRQHandler
                0x0000000008002bcc                DMA1_Stream6_IRQHandler
                0x0000000008002bcc                DMA1_Stream1_IRQHandler
                0x0000000008002bcc                TIM3_IRQHandler
                0x0000000008002bcc                RCC_IRQHandler
                0x0000000008002bcc                TIM8_BRK_TIM12_IRQHandler
                0x0000000008002bcc                Default_Handler
                0x0000000008002bcc                EXTI15_10_IRQHandler
                0x0000000008002bcc                ADC_IRQHandler
                0x0000000008002bcc                DMA1_Stream7_IRQHandler
                0x0000000008002bcc                SPI5_IRQHandler
                0x0000000008002bcc                TIM7_IRQHandler
                0x0000000008002bcc                CAN2_TX_IRQHandler
                0x0000000008002bcc                TIM5_IRQHandler
                0x0000000008002bcc                DMA2_Stream7_IRQHandler
                0x0000000008002bcc                I2C3_EV_IRQHandler
                0x0000000008002bcc                EXTI9_5_IRQHandler
                0x0000000008002bcc                RTC_WKUP_IRQHandler
                0x0000000008002bcc                LTDC_IRQHandler
                0x0000000008002bcc                ETH_WKUP_IRQHandler
                0x0000000008002bcc                SPI2_IRQHandler
                0x0000000008002bcc                OTG_HS_EP1_IN_IRQHandler
                0x0000000008002bcc                DMA1_Stream0_IRQHandler
                0x0000000008002bcc                CAN1_TX_IRQHandler
                0x0000000008002bcc                EXTI4_IRQHandler
                0x0000000008002bcc                ETH_IRQHandler
                0x0000000008002bcc                OTG_HS_EP1_OUT_IRQHandler
                0x0000000008002bcc                WWDG_IRQHandler
                0x0000000008002bcc                SPI6_IRQHandler
                0x0000000008002bcc                TIM2_IRQHandler
                0x0000000008002bcc                OTG_FS_WKUP_IRQHandler
                0x0000000008002bcc                TIM1_TRG_COM_TIM11_IRQHandler
                0x0000000008002bcc                OTG_HS_IRQHandler
                0x0000000008002bcc                DMA2D_IRQHandler
                0x0000000008002bcc                EXTI1_IRQHandler
                0x0000000008002bcc                UART7_IRQHandler
                0x0000000008002bcc                USART2_IRQHandler
                0x0000000008002bcc                I2C2_ER_IRQHandler
                0x0000000008002bcc                DMA2_Stream1_IRQHandler
                0x0000000008002bcc                CAN1_SCE_IRQHandler
                0x0000000008002bcc                FLASH_IRQHandler
                0x0000000008002bcc                DMA2_Stream4_IRQHandler
                0x0000000008002bcc                USART1_IRQHandler
                0x0000000008002bcc                OTG_FS_IRQHandler
                0x0000000008002bcc                SPI3_IRQHandler
                0x0000000008002bcc                DMA1_Stream4_IRQHandler
                0x0000000008002bcc                I2C1_ER_IRQHandler
                0x0000000008002bcc                FMC_IRQHandler
                0x0000000008002bcc                DMA2_Stream6_IRQHandler
                0x0000000008002bcc                SAI1_IRQHandler
                0x0000000008002bcc                DMA1_Stream3_IRQHandler
 *(.glue_7)
 .glue_7        0x0000000008002bce        0x0 linker stubs
 *(.glue_7t)
 .glue_7t       0x0000000008002bce        0x0 linker stubs
 *(.eh_frame)
 *fill*         0x0000000008002bce        0x2 
 .eh_frame      0x0000000008002bd0        0x0 /usr/lib64/gcc/arm-none-eabi/11/thumb/v7e-m+fp/hard/crtbegin.o
 *(.init)
 .init          0x0000000008002bd0        0x4 /usr/lib64/gcc/arm-none-eabi/11/thumb/v7e-m+fp/hard/crti.o
                0x0000000008002bd0                _init
 .init          0x0000000008002bd4        0x8 /usr/lib64/gcc/arm-none-eabi/11/thumb/v7e-m+fp/hard/crtn.o
 *(.fini)
 .fini          0x0000000008002bdc        0x4 /usr/lib64/gcc/arm-none-eabi/11/thumb/v7e-m+fp/hard/crti.o
                0x0000000008002bdc                _fini
 .fini          0x0000000008002be0        0x8 /usr/lib64/gcc/arm-none-eabi/11/thumb/v7e-m+fp/hard/crtn.o
                0x0000000008002be8                . = ALIGN (0x4)
                0x0000000008002be8                _etext = .

.vfp11_veneer   0x0000000008002be8        0x0
 .vfp11_veneer  0x0000000008002be8        0x0 linker stubs

.v4_bx          0x0000000008002be8        0x0
 .v4_bx         0x0000000008002be8        0x0 linker stubs

.iplt           0x0000000008002be8        0x0
 .iplt          0x0000000008002be8        0x0 /usr/lib64/gcc/arm-none-eabi/11/thumb/v7e-m+fp/hard/crtbegin.o

.rodata         0x0000000008002be8       0x70
                0x0000000008002be8                . = ALIGN (0x4)
 *(.rodata)
 *(.rodata*)
 .rodata.display_state_slave.str1.4
                0x0000000008002be8       0x48 build/main.o
 .rodata.main.str1.4
                0x0000000008002c30        0xf build/main.o
 *fill*         0x0000000008002c3f        0x1 
 .rodata.AHBPrescTable
                0x0000000008002c40       0x10 build/system_stm32f4xx.o
                0x0000000008002c40                AHBPrescTable
 .rodata.APBPrescTable
                0x0000000008002c50        0x8 build/system_stm32f4xx.o
                0x0000000008002c50                APBPrescTable
                0x0000000008002c58                . = ALIGN (0x4)

.ARM.extab
 *(.ARM.extab* .gnu.linkonce.armextab.*)

.ARM            0x0000000008002c58        0x8
                0x0000000008002c58                __exidx_start = .
 *(.ARM.exidx*)
 .ARM.exidx     0x0000000008002c58        0x8 /usr/lib64/gcc/arm-none-eabi/11/thumb/v7e-m+fp/hard/libgcc.a(_udivmoddi4.o)
                0x0000000008002c60                __exidx_end = .

.rel.dyn        0x0000000008002c60        0x0
 .rel.iplt      0x0000000008002c60        0x0 /usr/lib64/gcc/arm-none-eabi/11/thumb/v7e-m+fp/hard/crtbegin.o

.preinit_array  0x0000000008002c60        0x0
                0x0000000008002c60                PROVIDE (__preinit_array_start = .)
 *(.preinit_array*)
                0x0000000008002c60                PROVIDE (__preinit_array_end = .)

.init_array     0x0000000008002c60        0x4
                0x0000000008002c60                PROVIDE (__init_array_start = .)
 *(SORT_BY_NAME(.init_array.*))
 *(.init_array*)
 .init_array    0x0000000008002c60        0x4 /usr/lib64/gcc/arm-none-eabi/11/thumb/v7e-m+fp/hard/crtbegin.o
                0x0000000008002c64                PROVIDE (__init_array_end = .)

.fini_array     0x0000000008002c64        0x4
                0x0000000008002c64                PROVIDE (__fini_array_start = .)
 *(SORT_BY_NAME(.fini_array.*))
 *(.fini_array*)
 .fini_array    0x0000000008002c64        0x4 /usr/lib64/gcc/arm-none-eabi/11/thumb/v7e-m+fp/hard/crtbegin.o
                0x0000000008002c68                PROVIDE (__fini_array_end = .)
                0x0000000008002c68                _sidata = LOADADDR (.data)

.data           0x0000000020000000       0x1c load address 0x0000000008002c68
                0x0000000020000000                . = ALIGN (0x4)
                0x0000000020000000                _sdata = .
 *(.data)
 *(.data*)
 .data.digit_table
                0x0000000020000000       0x11 build/main.o
                0x0000000020000000                digit_table
 .data.uwTickFreq
                0x0000000020000011        0x1 build/stm32f4xx_hal.o
                0x0000000020000011                uwTickFreq
 *fill*         0x0000000020000012        0x2 
 .data.uwTickPrio
                0x0000000020000014        0x4 build/stm32f4xx_hal.o
                0x0000000020000014                uwTickPrio
 .data.SystemCoreClock
                0x0000000020000018        0x4 build/system_stm32f4xx.o
                0x0000000020000018                SystemCoreClock
                0x000000002000001c                . = ALIGN (0x4)
                0x000000002000001c                _edata = .
                0x0000000008002c84                _siccmram = LOADADDR (.ccmram)

.tm_clone_table
                0x000000002000001c        0x0 load address 0x0000000008002c84
 .tm_clone_table
                0x000000002000001c        0x0 /usr/lib64/gcc/arm-none-eabi/11/thumb/v7e-m+fp/hard/crtbegin.o
 .tm_clone_table
                0x000000002000001c        0x0 /usr/lib64/gcc/arm-none-eabi/11/thumb/v7e-m+fp/hard/crtend.o

.igot.plt       0x000000002000001c        0x0 load address 0x0000000008002c84
 .igot.plt      0x000000002000001c        0x0 /usr/lib64/gcc/arm-none-eabi/11/thumb/v7e-m+fp/hard/crtbegin.o

.ccmram         0x0000000010000000        0x0 load address 0x0000000008002c84
                0x0000000010000000                . = ALIGN (0x4)
                0x0000000010000000                _sccmram = .
 *(.ccmram)
 *(.ccmram*)
                0x0000000010000000                . = ALIGN (0x4)
                0x0000000010000000                _eccmram = .
                0x0000000010000000                . = ALIGN (0x4)

.bss            0x000000002000001c      0x1ac
                0x000000002000001c                _sbss = .
                0x000000002000001c                __bss_start__ = _sbss
 *(.bss)
 .bss           0x000000002000001c       0x1c /usr/lib64/gcc/arm-none-eabi/11/thumb/v7e-m+fp/hard/crtbegin.o
 *(.bss*)
 .bss.ID        0x0000000020000038        0x1 build/main.o
                0x0000000020000038                ID
 *fill*         0x0000000020000039        0x3 
 .bss.ID_list   0x000000002000003c        0xa build/main.o
                0x000000002000003c                ID_list
 *fill*         0x0000000020000046        0x2 
 .bss.RX_msg    0x0000000020000048        0x4 build/main.o
                0x0000000020000048                RX_msg
 .bss.TX_msg    0x000000002000004c        0x6 build/main.o
                0x000000002000004c                TX_msg
 .bss.d_timer_30ms
                0x0000000020000052        0x1 build/main.o
                0x0000000020000052                d_timer_30ms
 .bss.d_timer_50ms
                0x0000000020000053        0x1 build/main.o
                0x0000000020000053                d_timer_50ms
 .bss.d_timer_update_digit
                0x0000000020000054        0x1 build/main.o
                0x0000000020000054                d_timer_update_digit
 .bss.digit1    0x0000000020000055        0x1 build/main.o
                0x0000000020000055                digit1
 .bss.digit2    0x0000000020000056        0x1 build/main.o
                0x0000000020000056                digit2
 .bss.event     0x0000000020000057        0x1 build/main.o
                0x0000000020000057                event
 .bss.event_buffer
                0x0000000020000058       0x42 build/main.o
                0x0000000020000058                event_buffer
 .bss.f_TX_ID   0x000000002000009a        0x1 build/main.o
                0x000000002000009a                f_TX_ID
 .bss.f_querry  0x000000002000009b        0x1 build/main.o
                0x000000002000009b                f_querry
 .bss.f_read_msg
                0x000000002000009c        0x1 build/main.o
                0x000000002000009c                f_read_msg
 .bss.f_timer_10ms
                0x000000002000009d        0x1 build/main.o
                0x000000002000009d                f_timer_10ms
 .bss.f_timer_30ms
                0x000000002000009e        0x1 build/main.o
                0x000000002000009e                f_timer_30ms
 .bss.f_timer_update_digit
                0x000000002000009f        0x1 build/main.o
                0x000000002000009f                f_timer_update_digit
 .bss.key1_data
                0x00000000200000a0        0x1 build/main.o
                0x00000000200000a0                key1_data
 .bss.key2_data
                0x00000000200000a1        0x1 build/main.o
                0x00000000200000a1                key2_data
 .bss.num_slave
                0x00000000200000a2        0x1 build/main.o
                0x00000000200000a2                num_slave
 .bss.old_digit1
                0x00000000200000a3        0x1 build/main.o
                0x00000000200000a3                old_digit1
 .bss.old_digit2
                0x00000000200000a4        0x1 build/main.o
                0x00000000200000a4                old_digit2
 .bss.old_num_slave
                0x00000000200000a5        0x1 build/main.o
                0x00000000200000a5                old_num_slave
 .bss.old_state
                0x00000000200000a6        0x1 build/main.o
                0x00000000200000a6                old_state
 *fill*         0x00000000200000a7        0x1 
 .bss.pRX_msg   0x00000000200000a8        0x4 build/main.o
                0x00000000200000a8                pRX_msg
 .bss.rx_buffer
                0x00000000200000ac       0x42 build/main.o
                0x00000000200000ac                rx_buffer
 .bss.rx_temp   0x00000000200000ee        0x1 build/main.o
                0x00000000200000ee                rx_temp
 .bss.state     0x00000000200000ef        0x1 build/main.o
                0x00000000200000ef                state
 .bss.temp      0x00000000200000f0        0x1 build/main.o
                0x00000000200000f0                temp
 .bss.tx_timeout
                0x00000000200000f1        0x1 build/main.o
                0x00000000200000f1                tx_timeout
 *fill*         0x00000000200000f2        0x2 
 .bss.htim4     0x00000000200000f4       0x48 build/tim.o
                0x00000000200000f4                htim4
 .bss.huart4    0x000000002000013c       0x44 build/usart.o
                0x000000002000013c                huart4
 .bss.huart5    0x0000000020000180       0x44 build/usart.o
                0x0000000020000180                huart5
 .bss.uwTick    0x00000000200001c4        0x4 build/stm32f4xx_hal.o
                0x00000000200001c4                uwTick
 *(COMMON)
                0x00000000200001c8                . = ALIGN (0x4)
                0x00000000200001c8                _ebss = .
                0x00000000200001c8                __bss_end__ = _ebss

._user_heap_stack
                0x00000000200001c8      0x600
                0x00000000200001c8                . = ALIGN (0x8)
                0x00000000200001c8                PROVIDE (end = .)
                [!provide]                        PROVIDE (_end = .)
                0x00000000200003c8                . = (. + _Min_Heap_Size)
 *fill*         0x00000000200001c8      0x200 
                0x00000000200007c8                . = (. + _Min_Stack_Size)
 *fill*         0x00000000200003c8      0x400 
                0x00000000200007c8                . = ALIGN (0x8)

/DISCARD/
 libc.a(*)
 libm.a(*)
 libgcc.a(*)

.ARM.attributes
                0x0000000000000000       0x30
 *(.ARM.attributes)
 .ARM.attributes
                0x0000000000000000       0x1e /usr/lib64/gcc/arm-none-eabi/11/thumb/v7e-m+fp/hard/crti.o
 .ARM.attributes
                0x000000000000001e       0x34 /usr/lib64/gcc/arm-none-eabi/11/thumb/v7e-m+fp/hard/crtbegin.o
 .ARM.attributes
                0x0000000000000052       0x34 build/main.o
 .ARM.attributes
                0x0000000000000086       0x34 build/gpio.o
 .ARM.attributes
                0x00000000000000ba       0x34 build/buffer.o
 .ARM.attributes
                0x00000000000000ee       0x34 build/lcd16x2.o
 .ARM.attributes
                0x0000000000000122       0x34 build/tim.o
 .ARM.attributes
                0x0000000000000156       0x34 build/usart.o
 .ARM.attributes
                0x000000000000018a       0x34 build/stm32f4xx_it.o
 .ARM.attributes
                0x00000000000001be       0x34 build/stm32f4xx_hal_msp.o
 .ARM.attributes
                0x00000000000001f2       0x34 build/stm32f4xx_hal_tim.o
 .ARM.attributes
                0x0000000000000226       0x34 build/stm32f4xx_hal_tim_ex.o
 .ARM.attributes
                0x000000000000025a       0x34 build/stm32f4xx_hal_rcc.o
 .ARM.attributes
                0x000000000000028e       0x34 build/stm32f4xx_hal_gpio.o
 .ARM.attributes
                0x00000000000002c2       0x34 build/stm32f4xx_hal_dma.o
 .ARM.attributes
                0x00000000000002f6       0x34 build/stm32f4xx_hal_cortex.o
 .ARM.attributes
                0x000000000000032a       0x34 build/stm32f4xx_hal.o
 .ARM.attributes
                0x000000000000035e       0x34 build/stm32f4xx_hal_uart.o
 .ARM.attributes
                0x0000000000000392       0x34 build/system_stm32f4xx.o
 .ARM.attributes
                0x00000000000003c6       0x21 build/startup_stm32f429xx.o
 .ARM.attributes
                0x00000000000003e7       0x34 /usr/lib64/gcc/arm-none-eabi/11/../../../../arm-none-eabi/lib/thumb/v7e-m+fp/hard/libc_nano.a(lib_a-init.o)
 .ARM.attributes
                0x000000000000041b       0x34 /usr/lib64/gcc/arm-none-eabi/11/../../../../arm-none-eabi/lib/thumb/v7e-m+fp/hard/libc_nano.a(lib_a-memset.o)
 .ARM.attributes
                0x000000000000044f       0x1e /usr/lib64/gcc/arm-none-eabi/11/thumb/v7e-m+fp/hard/libgcc.a(_aeabi_uldivmod.o)
 .ARM.attributes
                0x000000000000046d       0x34 /usr/lib64/gcc/arm-none-eabi/11/thumb/v7e-m+fp/hard/libgcc.a(_udivmoddi4.o)
 .ARM.attributes
                0x00000000000004a1       0x1e /usr/lib64/gcc/arm-none-eabi/11/thumb/v7e-m+fp/hard/libgcc.a(_dvmd_tls.o)
 .ARM.attributes
                0x00000000000004bf       0x34 /usr/lib64/gcc/arm-none-eabi/11/thumb/v7e-m+fp/hard/crtend.o
 .ARM.attributes
                0x00000000000004f3       0x1e /usr/lib64/gcc/arm-none-eabi/11/thumb/v7e-m+fp/hard/crtn.o
OUTPUT(build/UART_7SEGMENT_RS485.elf elf32-littlearm)
LOAD linker stubs
LOAD /usr/lib64/gcc/arm-none-eabi/11/../../../../arm-none-eabi/lib/thumb/v7e-m+fp/hard/libc.a
LOAD /usr/lib64/gcc/arm-none-eabi/11/../../../../arm-none-eabi/lib/thumb/v7e-m+fp/hard/libm.a
LOAD /usr/lib64/gcc/arm-none-eabi/11/thumb/v7e-m+fp/hard/libgcc.a

.debug_info     0x0000000000000000    0x147d3
 .debug_info    0x0000000000000000     0x203c build/main.o
 .debug_info    0x000000000000203c      0x5fe build/gpio.o
 .debug_info    0x000000000000263a      0x166 build/buffer.o
 .debug_info    0x00000000000027a0      0x50b build/lcd16x2.o
 .debug_info    0x0000000000002cab      0xe60 build/tim.o
 .debug_info    0x0000000000003b0b      0xf7c build/usart.o
 .debug_info    0x0000000000004a87      0xb3c build/stm32f4xx_it.o
 .debug_info    0x00000000000055c3      0x336 build/stm32f4xx_hal_msp.o
 .debug_info    0x00000000000058f9     0x40c2 build/stm32f4xx_hal_tim.o
 .debug_info    0x00000000000099bb     0x1d52 build/stm32f4xx_hal_tim_ex.o
 .debug_info    0x000000000000b70d      0xc2c build/stm32f4xx_hal_rcc.o
 .debug_info    0x000000000000c339      0x86a build/stm32f4xx_hal_gpio.o
 .debug_info    0x000000000000cba3      0xbce build/stm32f4xx_hal_dma.o
 .debug_info    0x000000000000d771     0x11b0 build/stm32f4xx_hal_cortex.o
 .debug_info    0x000000000000e921      0xb80 build/stm32f4xx_hal.o
 .debug_info    0x000000000000f4a1     0x4425 build/stm32f4xx_hal_uart.o
 .debug_info    0x00000000000138c6      0x5d5 build/system_stm32f4xx.o
 .debug_info    0x0000000000013e9b       0x22 build/startup_stm32f429xx.o
 .debug_info    0x0000000000013ebd      0x10b /usr/lib64/gcc/arm-none-eabi/11/../../../../arm-none-eabi/lib/thumb/v7e-m+fp/hard/libc_nano.a(lib_a-init.o)
 .debug_info    0x0000000000013fc8       0xe0 /usr/lib64/gcc/arm-none-eabi/11/../../../../arm-none-eabi/lib/thumb/v7e-m+fp/hard/libc_nano.a(lib_a-memset.o)
 .debug_info    0x00000000000140a8       0x24 /usr/lib64/gcc/arm-none-eabi/11/thumb/v7e-m+fp/hard/libgcc.a(_aeabi_uldivmod.o)
 .debug_info    0x00000000000140cc      0x6e3 /usr/lib64/gcc/arm-none-eabi/11/thumb/v7e-m+fp/hard/libgcc.a(_udivmoddi4.o)
 .debug_info    0x00000000000147af       0x24 /usr/lib64/gcc/arm-none-eabi/11/thumb/v7e-m+fp/hard/libgcc.a(_dvmd_tls.o)

.debug_abbrev   0x0000000000000000     0x2891
 .debug_abbrev  0x0000000000000000      0x33e build/main.o
 .debug_abbrev  0x000000000000033e      0x160 build/gpio.o
 .debug_abbrev  0x000000000000049e       0xe9 build/buffer.o
 .debug_abbrev  0x0000000000000587      0x17f build/lcd16x2.o
 .debug_abbrev  0x0000000000000706      0x213 build/tim.o
 .debug_abbrev  0x0000000000000919      0x22d build/usart.o
 .debug_abbrev  0x0000000000000b46      0x197 build/stm32f4xx_it.o
 .debug_abbrev  0x0000000000000cdd       0xfd build/stm32f4xx_hal_msp.o
 .debug_abbrev  0x0000000000000dda      0x2b6 build/stm32f4xx_hal_tim.o
 .debug_abbrev  0x0000000000001090      0x2b0 build/stm32f4xx_hal_tim_ex.o
 .debug_abbrev  0x0000000000001340      0x2de build/stm32f4xx_hal_rcc.o
 .debug_abbrev  0x000000000000161e      0x22b build/stm32f4xx_hal_gpio.o
 .debug_abbrev  0x0000000000001849      0x2fe build/stm32f4xx_hal_dma.o
 .debug_abbrev  0x0000000000001b47      0x371 build/stm32f4xx_hal_cortex.o
 .debug_abbrev  0x0000000000001eb8      0x244 build/stm32f4xx_hal.o
 .debug_abbrev  0x00000000000020fc      0x36f build/stm32f4xx_hal_uart.o
 .debug_abbrev  0x000000000000246b      0x11b build/system_stm32f4xx.o
 .debug_abbrev  0x0000000000002586       0x12 build/startup_stm32f429xx.o
 .debug_abbrev  0x0000000000002598       0xc9 /usr/lib64/gcc/arm-none-eabi/11/../../../../arm-none-eabi/lib/thumb/v7e-m+fp/hard/libc_nano.a(lib_a-init.o)
 .debug_abbrev  0x0000000000002661       0x9e /usr/lib64/gcc/arm-none-eabi/11/../../../../arm-none-eabi/lib/thumb/v7e-m+fp/hard/libc_nano.a(lib_a-memset.o)
 .debug_abbrev  0x00000000000026ff       0x14 /usr/lib64/gcc/arm-none-eabi/11/thumb/v7e-m+fp/hard/libgcc.a(_aeabi_uldivmod.o)
 .debug_abbrev  0x0000000000002713      0x16a /usr/lib64/gcc/arm-none-eabi/11/thumb/v7e-m+fp/hard/libgcc.a(_udivmoddi4.o)
 .debug_abbrev  0x000000000000287d       0x14 /usr/lib64/gcc/arm-none-eabi/11/thumb/v7e-m+fp/hard/libgcc.a(_dvmd_tls.o)

.debug_loc      0x0000000000000000     0xfcb4
 .debug_loc     0x0000000000000000      0x477 build/main.o
 .debug_loc     0x0000000000000477       0x39 build/gpio.o
 .debug_loc     0x00000000000004b0       0x63 build/buffer.o
 .debug_loc     0x0000000000000513      0x212 build/lcd16x2.o
 .debug_loc     0x0000000000000725      0x103 build/tim.o
 .debug_loc     0x0000000000000828      0x164 build/usart.o
 .debug_loc     0x000000000000098c       0x80 build/stm32f4xx_it.o
 .debug_loc     0x0000000000000a0c       0x38 build/stm32f4xx_hal_msp.o
 .debug_loc     0x0000000000000a44     0x5be0 build/stm32f4xx_hal_tim.o
 .debug_loc     0x0000000000006624     0x2161 build/stm32f4xx_hal_tim_ex.o
 .debug_loc     0x0000000000008785      0x6e4 build/stm32f4xx_hal_rcc.o
 .debug_loc     0x0000000000008e69      0x5db build/stm32f4xx_hal_gpio.o
 .debug_loc     0x0000000000009444      0xd6d build/stm32f4xx_hal_dma.o
 .debug_loc     0x000000000000a1b1      0x831 build/stm32f4xx_hal_cortex.o
 .debug_loc     0x000000000000a9e2      0x1e1 build/stm32f4xx_hal.o
 .debug_loc     0x000000000000abc3     0x4f99 build/stm32f4xx_hal_uart.o
 .debug_loc     0x000000000000fb5c      0x158 build/system_stm32f4xx.o

.debug_aranges  0x0000000000000000      0xd60
 .debug_aranges
                0x0000000000000000       0x88 build/main.o
 .debug_aranges
                0x0000000000000088       0x20 build/gpio.o
 .debug_aranges
                0x00000000000000a8       0x28 build/buffer.o
 .debug_aranges
                0x00000000000000d0       0x50 build/lcd16x2.o
 .debug_aranges
                0x0000000000000120       0x30 build/tim.o
 .debug_aranges
                0x0000000000000150       0x38 build/usart.o
 .debug_aranges
                0x0000000000000188       0x78 build/stm32f4xx_it.o
 .debug_aranges
                0x0000000000000200       0x20 build/stm32f4xx_hal_msp.o
 .debug_aranges
                0x0000000000000220      0x3d0 build/stm32f4xx_hal_tim.o
 .debug_aranges
                0x00000000000005f0      0x168 build/stm32f4xx_hal_tim_ex.o
 .debug_aranges
                0x0000000000000758       0x88 build/stm32f4xx_hal_rcc.o
 .debug_aranges
                0x00000000000007e0       0x58 build/stm32f4xx_hal_gpio.o
 .debug_aranges
                0x0000000000000838       0x90 build/stm32f4xx_hal_dma.o
 .debug_aranges
                0x00000000000008c8       0xa8 build/stm32f4xx_hal_cortex.o
 .debug_aranges
                0x0000000000000970      0x100 build/stm32f4xx_hal.o
 .debug_aranges
                0x0000000000000a70      0x200 build/stm32f4xx_hal_uart.o
 .debug_aranges
                0x0000000000000c70       0x28 build/system_stm32f4xx.o
 .debug_aranges
                0x0000000000000c98       0x28 build/startup_stm32f429xx.o
 .debug_aranges
                0x0000000000000cc0       0x20 /usr/lib64/gcc/arm-none-eabi/11/../../../../arm-none-eabi/lib/thumb/v7e-m+fp/hard/libc_nano.a(lib_a-init.o)
 .debug_aranges
                0x0000000000000ce0       0x20 /usr/lib64/gcc/arm-none-eabi/11/../../../../arm-none-eabi/lib/thumb/v7e-m+fp/hard/libc_nano.a(lib_a-memset.o)
 .debug_aranges
                0x0000000000000d00       0x20 /usr/lib64/gcc/arm-none-eabi/11/thumb/v7e-m+fp/hard/libgcc.a(_aeabi_uldivmod.o)
 .debug_aranges
                0x0000000000000d20       0x20 /usr/lib64/gcc/arm-none-eabi/11/thumb/v7e-m+fp/hard/libgcc.a(_udivmoddi4.o)
 .debug_aranges
                0x0000000000000d40       0x20 /usr/lib64/gcc/arm-none-eabi/11/thumb/v7e-m+fp/hard/libgcc.a(_dvmd_tls.o)

.debug_ranges   0x0000000000000000      0xc38
 .debug_ranges  0x0000000000000000       0x78 build/main.o
 .debug_ranges  0x0000000000000078       0x10 build/gpio.o
 .debug_ranges  0x0000000000000088       0x18 build/buffer.o
 .debug_ranges  0x00000000000000a0       0x40 build/lcd16x2.o
 .debug_ranges  0x00000000000000e0       0x20 build/tim.o
 .debug_ranges  0x0000000000000100       0x28 build/usart.o
 .debug_ranges  0x0000000000000128       0x68 build/stm32f4xx_it.o
 .debug_ranges  0x0000000000000190       0x10 build/stm32f4xx_hal_msp.o
 .debug_ranges  0x00000000000001a0      0x3c0 build/stm32f4xx_hal_tim.o
 .debug_ranges  0x0000000000000560      0x158 build/stm32f4xx_hal_tim_ex.o
 .debug_ranges  0x00000000000006b8       0x90 build/stm32f4xx_hal_rcc.o
 .debug_ranges  0x0000000000000748       0x48 build/stm32f4xx_hal_gpio.o
 .debug_ranges  0x0000000000000790       0x80 build/stm32f4xx_hal_dma.o
 .debug_ranges  0x0000000000000810       0xf8 build/stm32f4xx_hal_cortex.o
 .debug_ranges  0x0000000000000908       0xf0 build/stm32f4xx_hal.o
 .debug_ranges  0x00000000000009f8      0x208 build/stm32f4xx_hal_uart.o
 .debug_ranges  0x0000000000000c00       0x18 build/system_stm32f4xx.o
 .debug_ranges  0x0000000000000c18       0x20 build/startup_stm32f429xx.o

.debug_line     0x0000000000000000     0xfbf6
 .debug_line    0x0000000000000000      0xad5 build/main.o
 .debug_line    0x0000000000000ad5      0x1c9 build/gpio.o
 .debug_line    0x0000000000000c9e      0x10a build/buffer.o
 .debug_line    0x0000000000000da8      0x249 build/lcd16x2.o
 .debug_line    0x0000000000000ff1      0x27c build/tim.o
 .debug_line    0x000000000000126d      0x376 build/usart.o
 .debug_line    0x00000000000015e3      0x2bd build/stm32f4xx_it.o
 .debug_line    0x00000000000018a0      0x13a build/stm32f4xx_hal_msp.o
 .debug_line    0x00000000000019da     0x4a3f build/stm32f4xx_hal_tim.o
 .debug_line    0x0000000000006419     0x1c65 build/stm32f4xx_hal_tim_ex.o
 .debug_line    0x000000000000807e      0xaac build/stm32f4xx_hal_rcc.o
 .debug_line    0x0000000000008b2a      0x663 build/stm32f4xx_hal_gpio.o
 .debug_line    0x000000000000918d      0xdcd build/stm32f4xx_hal_dma.o
 .debug_line    0x0000000000009f5a      0x71b build/stm32f4xx_hal_cortex.o
 .debug_line    0x000000000000a675      0x541 build/stm32f4xx_hal.o
 .debug_line    0x000000000000abb6     0x4575 build/stm32f4xx_hal_uart.o
 .debug_line    0x000000000000f12b      0x1f4 build/system_stm32f4xx.o
 .debug_line    0x000000000000f31f       0x76 build/startup_stm32f429xx.o
 .debug_line    0x000000000000f395      0x123 /usr/lib64/gcc/arm-none-eabi/11/../../../../arm-none-eabi/lib/thumb/v7e-m+fp/hard/libc_nano.a(lib_a-init.o)
 .debug_line    0x000000000000f4b8      0x104 /usr/lib64/gcc/arm-none-eabi/11/../../../../arm-none-eabi/lib/thumb/v7e-m+fp/hard/libc_nano.a(lib_a-memset.o)
 .debug_line    0x000000000000f5bc       0x4e /usr/lib64/gcc/arm-none-eabi/11/thumb/v7e-m+fp/hard/libgcc.a(_aeabi_uldivmod.o)
 .debug_line    0x000000000000f60a      0x5a2 /usr/lib64/gcc/arm-none-eabi/11/thumb/v7e-m+fp/hard/libgcc.a(_udivmoddi4.o)
 .debug_line    0x000000000000fbac       0x4a /usr/lib64/gcc/arm-none-eabi/11/thumb/v7e-m+fp/hard/libgcc.a(_dvmd_tls.o)

.debug_str      0x0000000000000000     0x47af
 .debug_str     0x0000000000000000      0xf2c build/main.o
                                       0x1045 (size before relaxing)
 .debug_str     0x0000000000000f2c       0x54 build/gpio.o
                                        0x398 (size before relaxing)
 .debug_str     0x0000000000000f80       0x21 build/buffer.o
                                        0x1f6 (size before relaxing)
 .debug_str     0x0000000000000fa1       0x27 build/lcd16x2.o
                                        0x290 (size before relaxing)
 .debug_str     0x0000000000000fc8      0x6d1 build/tim.o
                                        0xf07 (size before relaxing)
 .debug_str     0x0000000000001699       0x65 build/usart.o
                                        0xdd3 (size before relaxing)
 .debug_str     0x00000000000016fe      0x10d build/stm32f4xx_it.o
                                        0x9d7 (size before relaxing)
 .debug_str     0x000000000000180b       0x46 build/stm32f4xx_hal_msp.o
                                        0x2f6 (size before relaxing)
 .debug_str     0x0000000000001851      0xe7d build/stm32f4xx_hal_tim.o
                                       0x16fa (size before relaxing)
 .debug_str     0x00000000000026ce      0x4eb build/stm32f4xx_hal_tim_ex.o
                                        0xf16 (size before relaxing)
 .debug_str     0x0000000000002bb9      0x22f build/stm32f4xx_hal_rcc.o
                                        0x724 (size before relaxing)
 .debug_str     0x0000000000002de8      0x112 build/stm32f4xx_hal_gpio.o
                                        0x4fe (size before relaxing)
 .debug_str     0x0000000000002efa      0x2dc build/stm32f4xx_hal_dma.o
                                        0x781 (size before relaxing)
 .debug_str     0x00000000000031d6      0x4ae build/stm32f4xx_hal_cortex.o
                                        0xc9b (size before relaxing)
 .debug_str     0x0000000000003684      0x2d0 build/stm32f4xx_hal.o
                                        0xc21 (size before relaxing)
 .debug_str     0x0000000000003954      0x5a3 build/stm32f4xx_hal_uart.o
                                        0xd64 (size before relaxing)
 .debug_str     0x0000000000003ef7       0x47 build/system_stm32f4xx.o
                                        0x393 (size before relaxing)
 .debug_str     0x0000000000003f3e       0x22 build/startup_stm32f429xx.o
                                         0x49 (size before relaxing)
 .debug_str     0x0000000000003f60      0x162 /usr/lib64/gcc/arm-none-eabi/11/../../../../arm-none-eabi/lib/thumb/v7e-m+fp/hard/libc_nano.a(lib_a-init.o)
                                        0x203 (size before relaxing)
 .debug_str     0x00000000000040c2       0xa1 /usr/lib64/gcc/arm-none-eabi/11/../../../../arm-none-eabi/lib/thumb/v7e-m+fp/hard/libc_nano.a(lib_a-memset.o)
                                        0x1a4 (size before relaxing)
 .debug_str     0x0000000000004163       0x9a /usr/lib64/gcc/arm-none-eabi/11/thumb/v7e-m+fp/hard/libgcc.a(_aeabi_uldivmod.o)
                                         0xa6 (size before relaxing)
 .debug_str     0x00000000000041fd      0x582 /usr/lib64/gcc/arm-none-eabi/11/thumb/v7e-m+fp/hard/libgcc.a(_udivmoddi4.o)
                                        0x685 (size before relaxing)
 .debug_str     0x000000000000477f       0x30 /usr/lib64/gcc/arm-none-eabi/11/thumb/v7e-m+fp/hard/libgcc.a(_dvmd_tls.o)
                                         0xaa (size before relaxing)

.comment        0x0000000000000000       0x6f
 .comment       0x0000000000000000       0x56 build/main.o
                                         0x57 (size before relaxing)
 .comment       0x0000000000000056       0x57 build/gpio.o
 .comment       0x0000000000000056       0x57 build/buffer.o
 .comment       0x0000000000000056       0x57 build/lcd16x2.o
 .comment       0x0000000000000056       0x57 build/tim.o
 .comment       0x0000000000000056       0x57 build/usart.o
 .comment       0x0000000000000056       0x57 build/stm32f4xx_it.o
 .comment       0x0000000000000056       0x57 build/stm32f4xx_hal_msp.o
 .comment       0x0000000000000056       0x57 build/stm32f4xx_hal_tim.o
 .comment       0x0000000000000056       0x57 build/stm32f4xx_hal_tim_ex.o
 .comment       0x0000000000000056       0x57 build/stm32f4xx_hal_rcc.o
 .comment       0x0000000000000056       0x57 build/stm32f4xx_hal_gpio.o
 .comment       0x0000000000000056       0x57 build/stm32f4xx_hal_dma.o
 .comment       0x0000000000000056       0x57 build/stm32f4xx_hal_cortex.o
 .comment       0x0000000000000056       0x57 build/stm32f4xx_hal.o
 .comment       0x0000000000000056       0x57 build/stm32f4xx_hal_uart.o
 .comment       0x0000000000000056       0x57 build/system_stm32f4xx.o
 .comment       0x0000000000000056       0x19 /usr/lib64/gcc/arm-none-eabi/11/../../../../arm-none-eabi/lib/thumb/v7e-m+fp/hard/libc_nano.a(lib_a-init.o)
                                         0x1a (size before relaxing)
 .comment       0x000000000000006f       0x1a /usr/lib64/gcc/arm-none-eabi/11/../../../../arm-none-eabi/lib/thumb/v7e-m+fp/hard/libc_nano.a(lib_a-memset.o)

.debug_frame    0x0000000000000000     0x2160
 .debug_frame   0x0000000000000000      0x160 build/main.o
 .debug_frame   0x0000000000000160       0x38 build/gpio.o
 .debug_frame   0x0000000000000198       0x30 build/buffer.o
 .debug_frame   0x00000000000001c8       0xbc build/lcd16x2.o
 .debug_frame   0x0000000000000284       0x64 build/tim.o
 .debug_frame   0x00000000000002e8       0x80 build/usart.o
 .debug_frame   0x0000000000000368       0xf0 build/stm32f4xx_it.o
 .debug_frame   0x0000000000000458       0x2c build/stm32f4xx_hal_msp.o
 .debug_frame   0x0000000000000484      0xb0c build/stm32f4xx_hal_tim.o
 .debug_frame   0x0000000000000f90      0x40c build/stm32f4xx_hal_tim_ex.o
 .debug_frame   0x000000000000139c      0x16c build/stm32f4xx_hal_rcc.o
 .debug_frame   0x0000000000001508       0xd8 build/stm32f4xx_hal_gpio.o
 .debug_frame   0x00000000000015e0      0x188 build/stm32f4xx_hal_dma.o
 .debug_frame   0x0000000000001768      0x148 build/stm32f4xx_hal_cortex.o
 .debug_frame   0x00000000000018b0      0x20c build/stm32f4xx_hal.o
 .debug_frame   0x0000000000001abc      0x5c8 build/stm32f4xx_hal_uart.o
 .debug_frame   0x0000000000002084       0x30 build/system_stm32f4xx.o
 .debug_frame   0x00000000000020b4       0x2c /usr/lib64/gcc/arm-none-eabi/11/../../../../arm-none-eabi/lib/thumb/v7e-m+fp/hard/libc_nano.a(lib_a-init.o)
 .debug_frame   0x00000000000020e0       0x20 /usr/lib64/gcc/arm-none-eabi/11/../../../../arm-none-eabi/lib/thumb/v7e-m+fp/hard/libc_nano.a(lib_a-memset.o)
 .debug_frame   0x0000000000002100       0x2c /usr/lib64/gcc/arm-none-eabi/11/thumb/v7e-m+fp/hard/libgcc.a(_aeabi_uldivmod.o)
 .debug_frame   0x000000000000212c       0x34 /usr/lib64/gcc/arm-none-eabi/11/thumb/v7e-m+fp/hard/libgcc.a(_udivmoddi4.o)

.debug_loclists
                0x0000000000000000      0xb92
 .debug_loclists
                0x0000000000000000       0x3a /usr/lib64/gcc/arm-none-eabi/11/../../../../arm-none-eabi/lib/thumb/v7e-m+fp/hard/libc_nano.a(lib_a-init.o)
 .debug_loclists
                0x000000000000003a       0x3d /usr/lib64/gcc/arm-none-eabi/11/../../../../arm-none-eabi/lib/thumb/v7e-m+fp/hard/libc_nano.a(lib_a-memset.o)
 .debug_loclists
                0x0000000000000077      0xb1b /usr/lib64/gcc/arm-none-eabi/11/thumb/v7e-m+fp/hard/libgcc.a(_udivmoddi4.o)

.debug_line_str
                0x0000000000000000       0xa6
 .debug_line_str
                0x0000000000000000       0x9a /usr/lib64/gcc/arm-none-eabi/11/thumb/v7e-m+fp/hard/libgcc.a(_aeabi_uldivmod.o)
                                         0xa2 (size before relaxing)
 .debug_line_str
                0x000000000000009a        0xc /usr/lib64/gcc/arm-none-eabi/11/thumb/v7e-m+fp/hard/libgcc.a(_dvmd_tls.o)
                                         0xaa (size before relaxing)

.debug_rnglists
                0x0000000000000000       0x75
 .debug_rnglists
                0x0000000000000000       0x75 /usr/lib64/gcc/arm-none-eabi/11/thumb/v7e-m+fp/hard/libgcc.a(_udivmoddi4.o)

Cross Reference Table

Symbol                                            File
ADC_IRQHandler                                    build/startup_stm32f429xx.o
AHBPrescTable                                     build/system_stm32f4xx.o
                                                  build/stm32f4xx_hal_rcc.o
APBPrescTable                                     build/system_stm32f4xx.o
                                                  build/stm32f4xx_hal_rcc.o
BusFault_Handler                                  build/stm32f4xx_it.o
CAN1_RX0_IRQHandler                               build/startup_stm32f429xx.o
CAN1_RX1_IRQHandler                               build/startup_stm32f429xx.o
CAN1_SCE_IRQHandler                               build/startup_stm32f429xx.o
CAN1_TX_IRQHandler                                build/startup_stm32f429xx.o
CAN2_RX0_IRQHandler                               build/startup_stm32f429xx.o
CAN2_RX1_IRQHandler                               build/startup_stm32f429xx.o
CAN2_SCE_IRQHandler                               build/startup_stm32f429xx.o
CAN2_TX_IRQHandler                                build/startup_stm32f429xx.o
DCMI_IRQHandler                                   build/startup_stm32f429xx.o
DMA1_Stream0_IRQHandler                           build/startup_stm32f429xx.o
DMA1_Stream1_IRQHandler                           build/startup_stm32f429xx.o
DMA1_Stream2_IRQHandler                           build/startup_stm32f429xx.o
DMA1_Stream3_IRQHandler                           build/startup_stm32f429xx.o
DMA1_Stream4_IRQHandler                           build/startup_stm32f429xx.o
DMA1_Stream5_IRQHandler                           build/startup_stm32f429xx.o
DMA1_Stream6_IRQHandler                           build/startup_stm32f429xx.o
DMA1_Stream7_IRQHandler                           build/startup_stm32f429xx.o
DMA2D_IRQHandler                                  build/startup_stm32f429xx.o
DMA2_Stream0_IRQHandler                           build/startup_stm32f429xx.o
DMA2_Stream1_IRQHandler                           build/startup_stm32f429xx.o
DMA2_Stream2_IRQHandler                           build/startup_stm32f429xx.o
DMA2_Stream3_IRQHandler                           build/startup_stm32f429xx.o
DMA2_Stream4_IRQHandler                           build/startup_stm32f429xx.o
DMA2_Stream5_IRQHandler                           build/startup_stm32f429xx.o
DMA2_Stream6_IRQHandler                           build/startup_stm32f429xx.o
DMA2_Stream7_IRQHandler                           build/startup_stm32f429xx.o
DebugMon_Handler                                  build/stm32f4xx_it.o
Default_Handler                                   build/startup_stm32f429xx.o
ETH_IRQHandler                                    build/startup_stm32f429xx.o
ETH_WKUP_IRQHandler                               build/startup_stm32f429xx.o
EXTI0_IRQHandler                                  build/startup_stm32f429xx.o
EXTI15_10_IRQHandler                              build/startup_stm32f429xx.o
EXTI1_IRQHandler                                  build/startup_stm32f429xx.o
EXTI2_IRQHandler                                  build/startup_stm32f429xx.o
EXTI3_IRQHandler                                  build/startup_stm32f429xx.o
EXTI4_IRQHandler                                  build/startup_stm32f429xx.o
EXTI9_5_IRQHandler                                build/startup_stm32f429xx.o
Error_Handler                                     build/main.o
                                                  build/usart.o
                                                  build/tim.o
FLASH_Erase_Sector                                build/stm32f4xx_hal_flash_ex.o
                                                  build/stm32f4xx_hal_flash.o
FLASH_FlushCaches                                 build/stm32f4xx_hal_flash_ex.o
                                                  build/stm32f4xx_hal_flash.o
FLASH_IRQHandler                                  build/startup_stm32f429xx.o
FLASH_WaitForLastOperation                        build/stm32f4xx_hal_flash.o
                                                  build/stm32f4xx_hal_flash_ex.o
FMC_IRQHandler                                    build/startup_stm32f429xx.o
FPU_IRQHandler                                    build/startup_stm32f429xx.o
HAL_DBGMCU_DisableDBGSleepMode                    build/stm32f4xx_hal.o
HAL_DBGMCU_DisableDBGStandbyMode                  build/stm32f4xx_hal.o
HAL_DBGMCU_DisableDBGStopMode                     build/stm32f4xx_hal.o
HAL_DBGMCU_EnableDBGSleepMode                     build/stm32f4xx_hal.o
HAL_DBGMCU_EnableDBGStandbyMode                   build/stm32f4xx_hal.o
HAL_DBGMCU_EnableDBGStopMode                      build/stm32f4xx_hal.o
HAL_DMAEx_ChangeMemory                            build/stm32f4xx_hal_dma_ex.o
HAL_DMAEx_MultiBufferStart                        build/stm32f4xx_hal_dma_ex.o
HAL_DMAEx_MultiBufferStart_IT                     build/stm32f4xx_hal_dma_ex.o
HAL_DMA_Abort                                     build/stm32f4xx_hal_dma.o
                                                  build/stm32f4xx_hal_uart.o
HAL_DMA_Abort_IT                                  build/stm32f4xx_hal_dma.o
                                                  build/stm32f4xx_hal_uart.o
                                                  build/stm32f4xx_hal_tim_ex.o
                                                  build/stm32f4xx_hal_tim.o
HAL_DMA_DeInit                                    build/stm32f4xx_hal_dma.o
HAL_DMA_GetError                                  build/stm32f4xx_hal_dma.o
                                                  build/stm32f4xx_hal_uart.o
HAL_DMA_GetState                                  build/stm32f4xx_hal_dma.o
HAL_DMA_IRQHandler                                build/stm32f4xx_hal_dma.o
HAL_DMA_Init                                      build/stm32f4xx_hal_dma.o
HAL_DMA_PollForTransfer                           build/stm32f4xx_hal_dma.o
HAL_DMA_RegisterCallback                          build/stm32f4xx_hal_dma.o
HAL_DMA_Start                                     build/stm32f4xx_hal_dma.o
HAL_DMA_Start_IT                                  build/stm32f4xx_hal_dma.o
                                                  build/stm32f4xx_hal_uart.o
                                                  build/stm32f4xx_hal_tim_ex.o
                                                  build/stm32f4xx_hal_tim.o
HAL_DMA_UnRegisterCallback                        build/stm32f4xx_hal_dma.o
HAL_DeInit                                        build/stm32f4xx_hal.o
HAL_Delay                                         build/stm32f4xx_hal.o
                                                  build/lcd16x2.o
                                                  build/main.o
HAL_DisableCompensationCell                       build/stm32f4xx_hal.o
HAL_DisableMemorySwappingBank                     build/stm32f4xx_hal.o
HAL_EXTI_ClearConfigLine                          build/stm32f4xx_hal_exti.o
HAL_EXTI_ClearPending                             build/stm32f4xx_hal_exti.o
HAL_EXTI_GenerateSWI                              build/stm32f4xx_hal_exti.o
HAL_EXTI_GetConfigLine                            build/stm32f4xx_hal_exti.o
HAL_EXTI_GetHandle                                build/stm32f4xx_hal_exti.o
HAL_EXTI_GetPending                               build/stm32f4xx_hal_exti.o
HAL_EXTI_IRQHandler                               build/stm32f4xx_hal_exti.o
HAL_EXTI_RegisterCallback                         build/stm32f4xx_hal_exti.o
HAL_EXTI_SetConfigLine                            build/stm32f4xx_hal_exti.o
HAL_EnableCompensationCell                        build/stm32f4xx_hal.o
HAL_EnableMemorySwappingBank                      build/stm32f4xx_hal.o
HAL_FLASHEx_AdvOBGetConfig                        build/stm32f4xx_hal_flash_ex.o
HAL_FLASHEx_AdvOBProgram                          build/stm32f4xx_hal_flash_ex.o
HAL_FLASHEx_Erase                                 build/stm32f4xx_hal_flash_ex.o
HAL_FLASHEx_Erase_IT                              build/stm32f4xx_hal_flash_ex.o
HAL_FLASHEx_OBGetConfig                           build/stm32f4xx_hal_flash_ex.o
HAL_FLASHEx_OBProgram                             build/stm32f4xx_hal_flash_ex.o
HAL_FLASHEx_OB_DeSelectPCROP                      build/stm32f4xx_hal_flash_ex.o
HAL_FLASHEx_OB_GetBank2WRP                        build/stm32f4xx_hal_flash_ex.o
HAL_FLASHEx_OB_SelectPCROP                        build/stm32f4xx_hal_flash_ex.o
HAL_FLASH_EndOfOperationCallback                  build/stm32f4xx_hal_flash.o
HAL_FLASH_GetError                                build/stm32f4xx_hal_flash.o
HAL_FLASH_IRQHandler                              build/stm32f4xx_hal_flash.o
HAL_FLASH_Lock                                    build/stm32f4xx_hal_flash.o
HAL_FLASH_OB_Launch                               build/stm32f4xx_hal_flash.o
HAL_FLASH_OB_Lock                                 build/stm32f4xx_hal_flash.o
HAL_FLASH_OB_Unlock                               build/stm32f4xx_hal_flash.o
HAL_FLASH_OperationErrorCallback                  build/stm32f4xx_hal_flash.o
HAL_FLASH_Program                                 build/stm32f4xx_hal_flash.o
HAL_FLASH_Program_IT                              build/stm32f4xx_hal_flash.o
HAL_FLASH_Unlock                                  build/stm32f4xx_hal_flash.o
HAL_GPIO_DeInit                                   build/stm32f4xx_hal_gpio.o
                                                  build/usart.o
HAL_GPIO_EXTI_Callback                            build/stm32f4xx_hal_gpio.o
HAL_GPIO_EXTI_IRQHandler                          build/stm32f4xx_hal_gpio.o
HAL_GPIO_Init                                     build/stm32f4xx_hal_gpio.o
                                                  build/stm32f4xx_hal_rcc.o
                                                  build/usart.o
                                                  build/gpio.o
HAL_GPIO_LockPin                                  build/stm32f4xx_hal_gpio.o
HAL_GPIO_ReadPin                                  build/stm32f4xx_hal_gpio.o
HAL_GPIO_TogglePin                                build/stm32f4xx_hal_gpio.o
HAL_GPIO_WritePin                                 build/stm32f4xx_hal_gpio.o
                                                  build/lcd16x2.o
                                                  build/gpio.o
                                                  build/main.o
HAL_GetDEVID                                      build/stm32f4xx_hal.o
HAL_GetHalVersion                                 build/stm32f4xx_hal.o
HAL_GetREVID                                      build/stm32f4xx_hal.o
HAL_GetTick                                       build/stm32f4xx_hal.o
                                                  build/stm32f4xx_hal_uart.o
                                                  build/stm32f4xx_hal_pwr_ex.o
                                                  build/stm32f4xx_hal_dma.o
                                                  build/stm32f4xx_hal_flash.o
                                                  build/stm32f4xx_hal_rcc_ex.o
                                                  build/stm32f4xx_hal_rcc.o
HAL_GetTickFreq                                   build/stm32f4xx_hal.o
HAL_GetTickPrio                                   build/stm32f4xx_hal.o
HAL_GetUIDw0                                      build/stm32f4xx_hal.o
HAL_GetUIDw1                                      build/stm32f4xx_hal.o
HAL_GetUIDw2                                      build/stm32f4xx_hal.o
HAL_HalfDuplex_EnableReceiver                     build/stm32f4xx_hal_uart.o
HAL_HalfDuplex_EnableTransmitter                  build/stm32f4xx_hal_uart.o
HAL_HalfDuplex_Init                               build/stm32f4xx_hal_uart.o
HAL_IncTick                                       build/stm32f4xx_hal.o
                                                  build/stm32f4xx_it.o
HAL_Init                                          build/stm32f4xx_hal.o
                                                  build/main.o
HAL_InitTick                                      build/stm32f4xx_hal.o
                                                  build/stm32f4xx_hal_rcc_ex.o
                                                  build/stm32f4xx_hal_rcc.o
HAL_LIN_Init                                      build/stm32f4xx_hal_uart.o
HAL_LIN_SendBreak                                 build/stm32f4xx_hal_uart.o
HAL_MPU_ConfigRegion                              build/stm32f4xx_hal_cortex.o
HAL_MPU_Disable                                   build/stm32f4xx_hal_cortex.o
HAL_MPU_Enable                                    build/stm32f4xx_hal_cortex.o
HAL_MspDeInit                                     build/stm32f4xx_hal.o
HAL_MspInit                                       build/stm32f4xx_hal_msp.o
HAL_MultiProcessor_EnterMuteMode                  build/stm32f4xx_hal_uart.o
HAL_MultiProcessor_ExitMuteMode                   build/stm32f4xx_hal_uart.o
HAL_MultiProcessor_Init                           build/stm32f4xx_hal_uart.o
HAL_NVIC_ClearPendingIRQ                          build/stm32f4xx_hal_cortex.o
HAL_NVIC_DisableIRQ                               build/stm32f4xx_hal_cortex.o
                                                  build/usart.o
                                                  build/tim.o
HAL_NVIC_EnableIRQ                                build/stm32f4xx_hal_cortex.o
                                                  build/usart.o
                                                  build/tim.o
HAL_NVIC_GetActive                                build/stm32f4xx_hal_cortex.o
HAL_NVIC_GetPendingIRQ                            build/stm32f4xx_hal_cortex.o
HAL_NVIC_GetPriority                              build/stm32f4xx_hal_cortex.o
HAL_NVIC_GetPriorityGrouping                      build/stm32f4xx_hal_cortex.o
HAL_NVIC_SetPendingIRQ                            build/stm32f4xx_hal_cortex.o
HAL_NVIC_SetPriority                              build/stm32f4xx_hal_cortex.o
                                                  build/stm32f4xx_hal.o
                                                  build/usart.o
                                                  build/tim.o
HAL_NVIC_SetPriorityGrouping                      build/stm32f4xx_hal_cortex.o
                                                  build/stm32f4xx_hal.o
                                                  build/stm32f4xx_hal_msp.o
HAL_NVIC_SystemReset                              build/stm32f4xx_hal_cortex.o
HAL_PWREx_ControlVoltageScaling                   build/stm32f4xx_hal_pwr_ex.o
HAL_PWREx_DisableBkUpReg                          build/stm32f4xx_hal_pwr_ex.o
HAL_PWREx_DisableFlashPowerDown                   build/stm32f4xx_hal_pwr_ex.o
HAL_PWREx_DisableOverDrive                        build/stm32f4xx_hal_pwr_ex.o
HAL_PWREx_EnableBkUpReg                           build/stm32f4xx_hal_pwr_ex.o
HAL_PWREx_EnableFlashPowerDown                    build/stm32f4xx_hal_pwr_ex.o
HAL_PWREx_EnableOverDrive                         build/stm32f4xx_hal_pwr_ex.o
HAL_PWREx_EnterUnderDriveSTOPMode                 build/stm32f4xx_hal_pwr_ex.o
HAL_PWREx_GetVoltageRange                         build/stm32f4xx_hal_pwr_ex.o
HAL_PWR_ConfigPVD                                 build/stm32f4xx_hal_pwr.o
HAL_PWR_DeInit                                    build/stm32f4xx_hal_pwr.o
HAL_PWR_DisableBkUpAccess                         build/stm32f4xx_hal_pwr.o
HAL_PWR_DisablePVD                                build/stm32f4xx_hal_pwr.o
HAL_PWR_DisableSEVOnPend                          build/stm32f4xx_hal_pwr.o
HAL_PWR_DisableSleepOnExit                        build/stm32f4xx_hal_pwr.o
HAL_PWR_DisableWakeUpPin                          build/stm32f4xx_hal_pwr.o
HAL_PWR_EnableBkUpAccess                          build/stm32f4xx_hal_pwr.o
HAL_PWR_EnablePVD                                 build/stm32f4xx_hal_pwr.o
HAL_PWR_EnableSEVOnPend                           build/stm32f4xx_hal_pwr.o
HAL_PWR_EnableSleepOnExit                         build/stm32f4xx_hal_pwr.o
HAL_PWR_EnableWakeUpPin                           build/stm32f4xx_hal_pwr.o
HAL_PWR_EnterSLEEPMode                            build/stm32f4xx_hal_pwr.o
HAL_PWR_EnterSTANDBYMode                          build/stm32f4xx_hal_pwr.o
HAL_PWR_EnterSTOPMode                             build/stm32f4xx_hal_pwr.o
HAL_PWR_PVDCallback                               build/stm32f4xx_hal_pwr.o
HAL_PWR_PVD_IRQHandler                            build/stm32f4xx_hal_pwr.o
HAL_RCCEx_DisablePLLI2S                           build/stm32f4xx_hal_rcc_ex.o
HAL_RCCEx_DisablePLLSAI                           build/stm32f4xx_hal_rcc_ex.o
HAL_RCCEx_EnablePLLI2S                            build/stm32f4xx_hal_rcc_ex.o
HAL_RCCEx_EnablePLLSAI                            build/stm32f4xx_hal_rcc_ex.o
HAL_RCCEx_GetPeriphCLKConfig                      build/stm32f4xx_hal_rcc_ex.o
HAL_RCCEx_GetPeriphCLKFreq                        build/stm32f4xx_hal_rcc_ex.o
HAL_RCCEx_PeriphCLKConfig                         build/stm32f4xx_hal_rcc_ex.o
HAL_RCC_CSSCallback                               build/stm32f4xx_hal_rcc.o
HAL_RCC_ClockConfig                               build/stm32f4xx_hal_rcc.o
                                                  build/main.o
HAL_RCC_DeInit                                    build/stm32f4xx_hal_rcc_ex.o
                                                  build/stm32f4xx_hal_rcc.o
HAL_RCC_DisableCSS                                build/stm32f4xx_hal_rcc.o
HAL_RCC_EnableCSS                                 build/stm32f4xx_hal_rcc.o
HAL_RCC_GetClockConfig                            build/stm32f4xx_hal_rcc.o
HAL_RCC_GetHCLKFreq                               build/stm32f4xx_hal_rcc.o
HAL_RCC_GetOscConfig                              build/stm32f4xx_hal_rcc.o
HAL_RCC_GetPCLK1Freq                              build/stm32f4xx_hal_rcc.o
                                                  build/stm32f4xx_hal_uart.o
HAL_RCC_GetPCLK2Freq                              build/stm32f4xx_hal_rcc.o
                                                  build/stm32f4xx_hal_uart.o
HAL_RCC_GetSysClockFreq                           build/stm32f4xx_hal_rcc.o
HAL_RCC_MCOConfig                                 build/stm32f4xx_hal_rcc.o
HAL_RCC_NMI_IRQHandler                            build/stm32f4xx_hal_rcc.o
HAL_RCC_OscConfig                                 build/stm32f4xx_hal_rcc.o
                                                  build/main.o
HAL_ResumeTick                                    build/stm32f4xx_hal.o
HAL_SYSTICK_CLKSourceConfig                       build/stm32f4xx_hal_cortex.o
HAL_SYSTICK_Callback                              build/stm32f4xx_hal_cortex.o
HAL_SYSTICK_Config                                build/stm32f4xx_hal_cortex.o
                                                  build/stm32f4xx_hal.o
HAL_SYSTICK_IRQHandler                            build/stm32f4xx_hal_cortex.o
HAL_SetTickFreq                                   build/stm32f4xx_hal.o
HAL_SuspendTick                                   build/stm32f4xx_hal.o
HAL_TIMEx_BreakCallback                           build/stm32f4xx_hal_tim_ex.o
                                                  build/stm32f4xx_hal_tim.o
HAL_TIMEx_CommutCallback                          build/stm32f4xx_hal_tim_ex.o
                                                  build/stm32f4xx_hal_tim.o
HAL_TIMEx_CommutHalfCpltCallback                  build/stm32f4xx_hal_tim_ex.o
HAL_TIMEx_ConfigBreakDeadTime                     build/stm32f4xx_hal_tim_ex.o
HAL_TIMEx_ConfigCommutEvent                       build/stm32f4xx_hal_tim_ex.o
HAL_TIMEx_ConfigCommutEvent_DMA                   build/stm32f4xx_hal_tim_ex.o
HAL_TIMEx_ConfigCommutEvent_IT                    build/stm32f4xx_hal_tim_ex.o
HAL_TIMEx_GetChannelNState                        build/stm32f4xx_hal_tim_ex.o
HAL_TIMEx_HallSensor_DeInit                       build/stm32f4xx_hal_tim_ex.o
HAL_TIMEx_HallSensor_GetState                     build/stm32f4xx_hal_tim_ex.o
HAL_TIMEx_HallSensor_Init                         build/stm32f4xx_hal_tim_ex.o
HAL_TIMEx_HallSensor_MspDeInit                    build/stm32f4xx_hal_tim_ex.o
HAL_TIMEx_HallSensor_MspInit                      build/stm32f4xx_hal_tim_ex.o
HAL_TIMEx_HallSensor_Start                        build/stm32f4xx_hal_tim_ex.o
HAL_TIMEx_HallSensor_Start_DMA                    build/stm32f4xx_hal_tim_ex.o
HAL_TIMEx_HallSensor_Start_IT                     build/stm32f4xx_hal_tim_ex.o
HAL_TIMEx_HallSensor_Stop                         build/stm32f4xx_hal_tim_ex.o
HAL_TIMEx_HallSensor_Stop_DMA                     build/stm32f4xx_hal_tim_ex.o
HAL_TIMEx_HallSensor_Stop_IT                      build/stm32f4xx_hal_tim_ex.o
HAL_TIMEx_MasterConfigSynchronization             build/stm32f4xx_hal_tim_ex.o
                                                  build/tim.o
HAL_TIMEx_OCN_Start                               build/stm32f4xx_hal_tim_ex.o
HAL_TIMEx_OCN_Start_DMA                           build/stm32f4xx_hal_tim_ex.o
HAL_TIMEx_OCN_Start_IT                            build/stm32f4xx_hal_tim_ex.o
HAL_TIMEx_OCN_Stop                                build/stm32f4xx_hal_tim_ex.o
HAL_TIMEx_OCN_Stop_DMA                            build/stm32f4xx_hal_tim_ex.o
HAL_TIMEx_OCN_Stop_IT                             build/stm32f4xx_hal_tim_ex.o
HAL_TIMEx_OnePulseN_Start                         build/stm32f4xx_hal_tim_ex.o
HAL_TIMEx_OnePulseN_Start_IT                      build/stm32f4xx_hal_tim_ex.o
HAL_TIMEx_OnePulseN_Stop                          build/stm32f4xx_hal_tim_ex.o
HAL_TIMEx_OnePulseN_Stop_IT                       build/stm32f4xx_hal_tim_ex.o
HAL_TIMEx_PWMN_Start                              build/stm32f4xx_hal_tim_ex.o
HAL_TIMEx_PWMN_Start_DMA                          build/stm32f4xx_hal_tim_ex.o
HAL_TIMEx_PWMN_Start_IT                           build/stm32f4xx_hal_tim_ex.o
HAL_TIMEx_PWMN_Stop                               build/stm32f4xx_hal_tim_ex.o
HAL_TIMEx_PWMN_Stop_DMA                           build/stm32f4xx_hal_tim_ex.o
HAL_TIMEx_PWMN_Stop_IT                            build/stm32f4xx_hal_tim_ex.o
HAL_TIMEx_RemapConfig                             build/stm32f4xx_hal_tim_ex.o
HAL_TIM_Base_DeInit                               build/stm32f4xx_hal_tim.o
HAL_TIM_Base_GetState                             build/stm32f4xx_hal_tim.o
HAL_TIM_Base_Init                                 build/stm32f4xx_hal_tim.o
                                                  build/tim.o
HAL_TIM_Base_MspDeInit                            build/tim.o
HAL_TIM_Base_MspInit                              build/tim.o
HAL_TIM_Base_Start                                build/stm32f4xx_hal_tim.o
HAL_TIM_Base_Start_DMA                            build/stm32f4xx_hal_tim.o
HAL_TIM_Base_Start_IT                             build/stm32f4xx_hal_tim.o
                                                  build/main.o
HAL_TIM_Base_Stop                                 build/stm32f4xx_hal_tim.o
HAL_TIM_Base_Stop_DMA                             build/stm32f4xx_hal_tim.o
HAL_TIM_Base_Stop_IT                              build/stm32f4xx_hal_tim.o
HAL_TIM_ConfigClockSource                         build/stm32f4xx_hal_tim.o
                                                  build/tim.o
HAL_TIM_ConfigOCrefClear                          build/stm32f4xx_hal_tim.o
HAL_TIM_ConfigTI1Input                            build/stm32f4xx_hal_tim.o
HAL_TIM_DMABurstState                             build/stm32f4xx_hal_tim.o
HAL_TIM_DMABurst_MultiReadStart                   build/stm32f4xx_hal_tim.o
HAL_TIM_DMABurst_MultiWriteStart                  build/stm32f4xx_hal_tim.o
HAL_TIM_DMABurst_ReadStart                        build/stm32f4xx_hal_tim.o
HAL_TIM_DMABurst_ReadStop                         build/stm32f4xx_hal_tim.o
HAL_TIM_DMABurst_WriteStart                       build/stm32f4xx_hal_tim.o
HAL_TIM_DMABurst_WriteStop                        build/stm32f4xx_hal_tim.o
HAL_TIM_Encoder_DeInit                            build/stm32f4xx_hal_tim.o
HAL_TIM_Encoder_GetState                          build/stm32f4xx_hal_tim.o
HAL_TIM_Encoder_Init                              build/stm32f4xx_hal_tim.o
HAL_TIM_Encoder_MspDeInit                         build/stm32f4xx_hal_tim.o
HAL_TIM_Encoder_MspInit                           build/stm32f4xx_hal_tim.o
HAL_TIM_Encoder_Start                             build/stm32f4xx_hal_tim.o
HAL_TIM_Encoder_Start_DMA                         build/stm32f4xx_hal_tim.o
HAL_TIM_Encoder_Start_IT                          build/stm32f4xx_hal_tim.o
HAL_TIM_Encoder_Stop                              build/stm32f4xx_hal_tim.o
HAL_TIM_Encoder_Stop_DMA                          build/stm32f4xx_hal_tim.o
HAL_TIM_Encoder_Stop_IT                           build/stm32f4xx_hal_tim.o
HAL_TIM_ErrorCallback                             build/stm32f4xx_hal_tim.o
                                                  build/stm32f4xx_hal_tim_ex.o
HAL_TIM_GenerateEvent                             build/stm32f4xx_hal_tim.o
HAL_TIM_GetActiveChannel                          build/stm32f4xx_hal_tim.o
HAL_TIM_GetChannelState                           build/stm32f4xx_hal_tim.o
HAL_TIM_IC_CaptureCallback                        build/stm32f4xx_hal_tim.o
HAL_TIM_IC_CaptureHalfCpltCallback                build/stm32f4xx_hal_tim.o
HAL_TIM_IC_ConfigChannel                          build/stm32f4xx_hal_tim.o
HAL_TIM_IC_DeInit                                 build/stm32f4xx_hal_tim.o
HAL_TIM_IC_GetState                               build/stm32f4xx_hal_tim.o
HAL_TIM_IC_Init                                   build/stm32f4xx_hal_tim.o
HAL_TIM_IC_MspDeInit                              build/stm32f4xx_hal_tim.o
HAL_TIM_IC_MspInit                                build/stm32f4xx_hal_tim.o
HAL_TIM_IC_Start                                  build/stm32f4xx_hal_tim.o
HAL_TIM_IC_Start_DMA                              build/stm32f4xx_hal_tim.o
HAL_TIM_IC_Start_IT                               build/stm32f4xx_hal_tim.o
HAL_TIM_IC_Stop                                   build/stm32f4xx_hal_tim.o
HAL_TIM_IC_Stop_DMA                               build/stm32f4xx_hal_tim.o
HAL_TIM_IC_Stop_IT                                build/stm32f4xx_hal_tim.o
HAL_TIM_IRQHandler                                build/stm32f4xx_hal_tim.o
                                                  build/stm32f4xx_it.o
HAL_TIM_OC_ConfigChannel                          build/stm32f4xx_hal_tim.o
HAL_TIM_OC_DeInit                                 build/stm32f4xx_hal_tim.o
HAL_TIM_OC_DelayElapsedCallback                   build/stm32f4xx_hal_tim.o
HAL_TIM_OC_GetState                               build/stm32f4xx_hal_tim.o
HAL_TIM_OC_Init                                   build/stm32f4xx_hal_tim.o
HAL_TIM_OC_MspDeInit                              build/stm32f4xx_hal_tim.o
HAL_TIM_OC_MspInit                                build/stm32f4xx_hal_tim.o
HAL_TIM_OC_Start                                  build/stm32f4xx_hal_tim.o
HAL_TIM_OC_Start_DMA                              build/stm32f4xx_hal_tim.o
HAL_TIM_OC_Start_IT                               build/stm32f4xx_hal_tim.o
HAL_TIM_OC_Stop                                   build/stm32f4xx_hal_tim.o
HAL_TIM_OC_Stop_DMA                               build/stm32f4xx_hal_tim.o
HAL_TIM_OC_Stop_IT                                build/stm32f4xx_hal_tim.o
HAL_TIM_OnePulse_ConfigChannel                    build/stm32f4xx_hal_tim.o
HAL_TIM_OnePulse_DeInit                           build/stm32f4xx_hal_tim.o
HAL_TIM_OnePulse_GetState                         build/stm32f4xx_hal_tim.o
HAL_TIM_OnePulse_Init                             build/stm32f4xx_hal_tim.o
HAL_TIM_OnePulse_MspDeInit                        build/stm32f4xx_hal_tim.o
HAL_TIM_OnePulse_MspInit                          build/stm32f4xx_hal_tim.o
HAL_TIM_OnePulse_Start                            build/stm32f4xx_hal_tim.o
HAL_TIM_OnePulse_Start_IT                         build/stm32f4xx_hal_tim.o
HAL_TIM_OnePulse_Stop                             build/stm32f4xx_hal_tim.o
HAL_TIM_OnePulse_Stop_IT                          build/stm32f4xx_hal_tim.o
HAL_TIM_PWM_ConfigChannel                         build/stm32f4xx_hal_tim.o
HAL_TIM_PWM_DeInit                                build/stm32f4xx_hal_tim.o
HAL_TIM_PWM_GetState                              build/stm32f4xx_hal_tim.o
HAL_TIM_PWM_Init                                  build/stm32f4xx_hal_tim.o
HAL_TIM_PWM_MspDeInit                             build/stm32f4xx_hal_tim.o
HAL_TIM_PWM_MspInit                               build/stm32f4xx_hal_tim.o
HAL_TIM_PWM_PulseFinishedCallback                 build/stm32f4xx_hal_tim.o
                                                  build/stm32f4xx_hal_tim_ex.o
HAL_TIM_PWM_PulseFinishedHalfCpltCallback         build/stm32f4xx_hal_tim.o
HAL_TIM_PWM_Start                                 build/stm32f4xx_hal_tim.o
HAL_TIM_PWM_Start_DMA                             build/stm32f4xx_hal_tim.o
HAL_TIM_PWM_Start_IT                              build/stm32f4xx_hal_tim.o
HAL_TIM_PWM_Stop                                  build/stm32f4xx_hal_tim.o
HAL_TIM_PWM_Stop_DMA                              build/stm32f4xx_hal_tim.o
HAL_TIM_PWM_Stop_IT                               build/stm32f4xx_hal_tim.o
HAL_TIM_PeriodElapsedCallback                     build/main.o
HAL_TIM_PeriodElapsedHalfCpltCallback             build/stm32f4xx_hal_tim.o
HAL_TIM_ReadCapturedValue                         build/stm32f4xx_hal_tim.o
HAL_TIM_SlaveConfigSynchro                        build/stm32f4xx_hal_tim.o
HAL_TIM_SlaveConfigSynchro_IT                     build/stm32f4xx_hal_tim.o
HAL_TIM_TriggerCallback                           build/stm32f4xx_hal_tim.o
HAL_TIM_TriggerHalfCpltCallback                   build/stm32f4xx_hal_tim.o
HAL_UARTEx_ReceiveToIdle                          build/stm32f4xx_hal_uart.o
HAL_UARTEx_ReceiveToIdle_DMA                      build/stm32f4xx_hal_uart.o
HAL_UARTEx_ReceiveToIdle_IT                       build/stm32f4xx_hal_uart.o
HAL_UARTEx_RxEventCallback                        build/stm32f4xx_hal_uart.o
HAL_UART_Abort                                    build/stm32f4xx_hal_uart.o
HAL_UART_AbortCpltCallback                        build/stm32f4xx_hal_uart.o
HAL_UART_AbortReceive                             build/stm32f4xx_hal_uart.o
HAL_UART_AbortReceiveCpltCallback                 build/stm32f4xx_hal_uart.o
HAL_UART_AbortReceive_IT                          build/stm32f4xx_hal_uart.o
HAL_UART_AbortTransmit                            build/stm32f4xx_hal_uart.o
HAL_UART_AbortTransmitCpltCallback                build/stm32f4xx_hal_uart.o
HAL_UART_AbortTransmit_IT                         build/stm32f4xx_hal_uart.o
HAL_UART_Abort_IT                                 build/stm32f4xx_hal_uart.o
HAL_UART_DMAPause                                 build/stm32f4xx_hal_uart.o
HAL_UART_DMAResume                                build/stm32f4xx_hal_uart.o
HAL_UART_DMAStop                                  build/stm32f4xx_hal_uart.o
HAL_UART_DeInit                                   build/stm32f4xx_hal_uart.o
HAL_UART_ErrorCallback                            build/stm32f4xx_hal_uart.o
HAL_UART_GetError                                 build/stm32f4xx_hal_uart.o
HAL_UART_GetState                                 build/stm32f4xx_hal_uart.o
HAL_UART_IRQHandler                               build/stm32f4xx_hal_uart.o
                                                  build/stm32f4xx_it.o
HAL_UART_Init                                     build/stm32f4xx_hal_uart.o
                                                  build/usart.o
HAL_UART_MspDeInit                                build/usart.o
HAL_UART_MspInit                                  build/usart.o
HAL_UART_Receive                                  build/stm32f4xx_hal_uart.o
HAL_UART_Receive_DMA                              build/stm32f4xx_hal_uart.o
HAL_UART_Receive_IT                               build/stm32f4xx_hal_uart.o
                                                  build/main.o
HAL_UART_RxCpltCallback                           build/main.o
HAL_UART_RxHalfCpltCallback                       build/stm32f4xx_hal_uart.o
HAL_UART_Transmit                                 build/stm32f4xx_hal_uart.o
                                                  build/main.o
HAL_UART_Transmit_DMA                             build/stm32f4xx_hal_uart.o
HAL_UART_Transmit_IT                              build/stm32f4xx_hal_uart.o
HAL_UART_TxCpltCallback                           build/stm32f4xx_hal_uart.o
HAL_UART_TxHalfCpltCallback                       build/stm32f4xx_hal_uart.o
HASH_RNG_IRQHandler                               build/startup_stm32f429xx.o
HardFault_Handler                                 build/stm32f4xx_it.o
I2C1_ER_IRQHandler                                build/startup_stm32f429xx.o
I2C1_EV_IRQHandler                                build/startup_stm32f429xx.o
I2C2_ER_IRQHandler                                build/startup_stm32f429xx.o
I2C2_EV_IRQHandler                                build/startup_stm32f429xx.o
I2C3_ER_IRQHandler                                build/startup_stm32f429xx.o
I2C3_EV_IRQHandler                                build/startup_stm32f429xx.o
ID                                                build/main.o
ID_list                                           build/main.o
LTDC_ER_IRQHandler                                build/startup_stm32f429xx.o
LTDC_IRQHandler                                   build/startup_stm32f429xx.o
MX_GPIO_Init                                      build/gpio.o
                                                  build/main.o
MX_TIM4_Init                                      build/tim.o
                                                  build/main.o
MX_UART4_Init                                     build/usart.o
                                                  build/main.o
MX_UART5_Init                                     build/usart.o
                                                  build/main.o
MemManage_Handler                                 build/stm32f4xx_it.o
NMI_Handler                                       build/stm32f4xx_it.o
OTG_FS_IRQHandler                                 build/startup_stm32f429xx.o
OTG_FS_WKUP_IRQHandler                            build/startup_stm32f429xx.o
OTG_HS_EP1_IN_IRQHandler                          build/startup_stm32f429xx.o
OTG_HS_EP1_OUT_IRQHandler                         build/startup_stm32f429xx.o
OTG_HS_IRQHandler                                 build/startup_stm32f429xx.o
OTG_HS_WKUP_IRQHandler                            build/startup_stm32f429xx.o
PVD_IRQHandler                                    build/startup_stm32f429xx.o
PendSV_Handler                                    build/stm32f4xx_it.o
RCC_IRQHandler                                    build/startup_stm32f429xx.o
RS485_RX_Task                                     build/main.o
RS485_Read_Message                                build/main.o
RS485_Send_Message                                build/main.o
RTC_Alarm_IRQHandler                              build/startup_stm32f429xx.o
RTC_WKUP_IRQHandler                               build/startup_stm32f429xx.o
RX_msg                                            build/main.o
Reset_Handler                                     build/startup_stm32f429xx.o
SAI1_IRQHandler                                   build/startup_stm32f429xx.o
SDIO_IRQHandler                                   build/startup_stm32f429xx.o
SPI1_IRQHandler                                   build/startup_stm32f429xx.o
SPI2_IRQHandler                                   build/startup_stm32f429xx.o
SPI3_IRQHandler                                   build/startup_stm32f429xx.o
SPI4_IRQHandler                                   build/startup_stm32f429xx.o
SPI5_IRQHandler                                   build/startup_stm32f429xx.o
SPI6_IRQHandler                                   build/startup_stm32f429xx.o
SVC_Handler                                       build/stm32f4xx_it.o
SysTick_Handler                                   build/stm32f4xx_it.o
SystemClock_Config                                build/main.o
SystemCoreClock                                   build/system_stm32f4xx.o
                                                  build/stm32f4xx_hal.o
                                                  build/stm32f4xx_hal_dma.o
                                                  build/stm32f4xx_hal_rcc_ex.o
                                                  build/stm32f4xx_hal_rcc.o
SystemCoreClockUpdate                             build/system_stm32f4xx.o
SystemInit                                        build/system_stm32f4xx.o
                                                  build/startup_stm32f429xx.o