Archive member included to satisfy reference by file (symbol)

/usr/lib/gcc/arm-none-eabi/10.3.1/../../../arm-none-eabi/lib/thumb/v7e-m+fp/hard/libc_nano.a(lib_a-atexit.o)
                              /usr/lib/gcc/arm-none-eabi/10.3.1/../../../arm-none-eabi/lib/thumb/v7e-m+fp/hard/crt0.o (atexit)
/usr/lib/gcc/arm-none-eabi/10.3.1/../../../arm-none-eabi/lib/thumb/v7e-m+fp/hard/libc_nano.a(lib_a-exit.o)
                              /usr/lib/gcc/arm-none-eabi/10.3.1/../../../arm-none-eabi/lib/thumb/v7e-m+fp/hard/crt0.o (exit)
/usr/lib/gcc/arm-none-eabi/10.3.1/../../../arm-none-eabi/lib/thumb/v7e-m+fp/hard/libc_nano.a(lib_a-fini.o)
                              /usr/lib/gcc/arm-none-eabi/10.3.1/../../../arm-none-eabi/lib/thumb/v7e-m+fp/hard/crt0.o (__libc_fini_array)
/usr/lib/gcc/arm-none-eabi/10.3.1/../../../arm-none-eabi/lib/thumb/v7e-m+fp/hard/libc_nano.a(lib_a-impure.o)
                              /usr/lib/gcc/arm-none-eabi/10.3.1/../../../arm-none-eabi/lib/thumb/v7e-m+fp/hard/libc_nano.a(lib_a-exit.o) (_global_impure_ptr)
/usr/lib/gcc/arm-none-eabi/10.3.1/../../../arm-none-eabi/lib/thumb/v7e-m+fp/hard/libc_nano.a(lib_a-init.o)
                              /usr/lib/gcc/arm-none-eabi/10.3.1/../../../arm-none-eabi/lib/thumb/v7e-m+fp/hard/crt0.o (__libc_init_array)
/usr/lib/gcc/arm-none-eabi/10.3.1/../../../arm-none-eabi/lib/thumb/v7e-m+fp/hard/libc_nano.a(lib_a-memset.o)
                              /usr/lib/gcc/arm-none-eabi/10.3.1/../../../arm-none-eabi/lib/thumb/v7e-m+fp/hard/crt0.o (memset)
/usr/lib/gcc/arm-none-eabi/10.3.1/../../../arm-none-eabi/lib/thumb/v7e-m+fp/hard/libc_nano.a(lib_a-__atexit.o)
                              /usr/lib/gcc/arm-none-eabi/10.3.1/../../../arm-none-eabi/lib/thumb/v7e-m+fp/hard/libc_nano.a(lib_a-atexit.o) (__register_exitproc)
/usr/lib/gcc/arm-none-eabi/10.3.1/../../../arm-none-eabi/lib/thumb/v7e-m+fp/hard/libc_nano.a(lib_a-__call_atexit.o)
                              /usr/lib/gcc/arm-none-eabi/10.3.1/../../../arm-none-eabi/lib/thumb/v7e-m+fp/hard/libc_nano.a(lib_a-__atexit.o) (__call_exitprocs)
/usr/lib/gcc/arm-none-eabi/10.3.1/../../../arm-none-eabi/lib/thumb/v7e-m+fp/hard/libnosys.a(_exit.o)
                              /usr/lib/gcc/arm-none-eabi/10.3.1/../../../arm-none-eabi/lib/thumb/v7e-m+fp/hard/libc_nano.a(lib_a-exit.o) (_exit)
/usr/lib/gcc/arm-none-eabi/10.3.1/thumb/v7e-m+fp/hard/libgcc.a(_aeabi_uldivmod.o)
                              build/stm32f4xx_hal_rcc.o (__aeabi_uldivmod)
/usr/lib/gcc/arm-none-eabi/10.3.1/thumb/v7e-m+fp/hard/libgcc.a(_udivmoddi4.o)
                              /usr/lib/gcc/arm-none-eabi/10.3.1/thumb/v7e-m+fp/hard/libgcc.a(_aeabi_uldivmod.o) (__udivmoddi4)
/usr/lib/gcc/arm-none-eabi/10.3.1/thumb/v7e-m+fp/hard/libgcc.a(_dvmd_tls.o)
                              /usr/lib/gcc/arm-none-eabi/10.3.1/thumb/v7e-m+fp/hard/libgcc.a(_aeabi_uldivmod.o) (__aeabi_ldiv0)

Discarded input sections

 .text          0x0000000000000000        0x0 /usr/lib/gcc/arm-none-eabi/10.3.1/thumb/v7e-m+fp/hard/crti.o
 .data          0x0000000000000000        0x0 /usr/lib/gcc/arm-none-eabi/10.3.1/thumb/v7e-m+fp/hard/crti.o
 .bss           0x0000000000000000        0x0 /usr/lib/gcc/arm-none-eabi/10.3.1/thumb/v7e-m+fp/hard/crti.o
 .data          0x0000000000000000        0x4 /usr/lib/gcc/arm-none-eabi/10.3.1/thumb/v7e-m+fp/hard/crtbegin.o
 .rodata        0x0000000000000000       0x24 /usr/lib/gcc/arm-none-eabi/10.3.1/thumb/v7e-m+fp/hard/crtbegin.o
 .text          0x0000000000000000       0x70 /usr/lib/gcc/arm-none-eabi/10.3.1/../../../arm-none-eabi/lib/thumb/v7e-m+fp/hard/crt0.o
 .data          0x0000000000000000        0x0 /usr/lib/gcc/arm-none-eabi/10.3.1/../../../arm-none-eabi/lib/thumb/v7e-m+fp/hard/crt0.o
 .bss           0x0000000000000000        0x0 /usr/lib/gcc/arm-none-eabi/10.3.1/../../../arm-none-eabi/lib/thumb/v7e-m+fp/hard/crt0.o
 .ARM.extab     0x0000000000000000        0x0 /usr/lib/gcc/arm-none-eabi/10.3.1/../../../arm-none-eabi/lib/thumb/v7e-m+fp/hard/crt0.o
 .ARM.exidx     0x0000000000000000       0x10 /usr/lib/gcc/arm-none-eabi/10.3.1/../../../arm-none-eabi/lib/thumb/v7e-m+fp/hard/crt0.o
 .debug_line    0x0000000000000000       0x87 /usr/lib/gcc/arm-none-eabi/10.3.1/../../../arm-none-eabi/lib/thumb/v7e-m+fp/hard/crt0.o
 .debug_info    0x0000000000000000       0x26 /usr/lib/gcc/arm-none-eabi/10.3.1/../../../arm-none-eabi/lib/thumb/v7e-m+fp/hard/crt0.o
 .debug_abbrev  0x0000000000000000       0x14 /usr/lib/gcc/arm-none-eabi/10.3.1/../../../arm-none-eabi/lib/thumb/v7e-m+fp/hard/crt0.o
 .debug_aranges
                0x0000000000000000       0x20 /usr/lib/gcc/arm-none-eabi/10.3.1/../../../arm-none-eabi/lib/thumb/v7e-m+fp/hard/crt0.o
 .debug_str     0x0000000000000000       0x98 /usr/lib/gcc/arm-none-eabi/10.3.1/../../../arm-none-eabi/lib/thumb/v7e-m+fp/hard/crt0.o
 .ARM.attributes
                0x0000000000000000       0x1c /usr/lib/gcc/arm-none-eabi/10.3.1/../../../arm-none-eabi/lib/thumb/v7e-m+fp/hard/crt0.o
[...]
Memory Configuration

Name             Origin             Length             Attributes
RAM              0x0000000020000000 0x0000000000030000 xrw
CCMRAM           0x0000000010000000 0x0000000000010000 xrw
FLASH            0x0000000008000000 0x0000000000200000 xr
*default*        0x0000000000000000 0xffffffffffffffff

Linker script and memory map

LOAD /usr/lib/gcc/arm-none-eabi/10.3.1/thumb/v7e-m+fp/hard/crti.o
LOAD /usr/lib/gcc/arm-none-eabi/10.3.1/thumb/v7e-m+fp/hard/crtbegin.o
LOAD /usr/lib/gcc/arm-none-eabi/10.3.1/../../../arm-none-eabi/lib/thumb/v7e-m+fp/hard/crt0.o
LOAD build/main.o
LOAD build/gpio.o
LOAD build/buffer.o
LOAD build/message.o
LOAD build/lcd16x2.o
LOAD build/tim.o
LOAD build/usart.o
LOAD build/stm32f4xx_it.o
LOAD build/stm32f4xx_hal_msp.o
LOAD build/stm32f4xx_hal_tim.o
LOAD build/stm32f4xx_hal_tim_ex.o
LOAD build/stm32f4xx_hal_rcc.o
LOAD build/stm32f4xx_hal_rcc_ex.o
LOAD build/stm32f4xx_hal_flash.o
LOAD build/stm32f4xx_hal_flash_ex.o
LOAD build/stm32f4xx_hal_flash_ramfunc.o
LOAD build/stm32f4xx_hal_gpio.o
LOAD build/stm32f4xx_hal_dma_ex.o
LOAD build/stm32f4xx_hal_dma.o
LOAD build/stm32f4xx_hal_pwr.o
LOAD build/stm32f4xx_hal_pwr_ex.o
LOAD build/stm32f4xx_hal_cortex.o
LOAD build/stm32f4xx_hal.o
LOAD build/stm32f4xx_hal_exti.o
LOAD build/stm32f4xx_hal_uart.o
LOAD build/system_stm32f4xx.o
LOAD build/startup_stm32f429xx.o
LOAD /usr/lib/gcc/arm-none-eabi/10.3.1/../../../arm-none-eabi/lib/thumb/v7e-m+fp/hard/libc_nano.a
LOAD /usr/lib/gcc/arm-none-eabi/10.3.1/../../../arm-none-eabi/lib/thumb/v7e-m+fp/hard/libm.a
LOAD /usr/lib/gcc/arm-none-eabi/10.3.1/../../../arm-none-eabi/lib/thumb/v7e-m+fp/hard/libnosys.a
START GROUP
LOAD /usr/lib/gcc/arm-none-eabi/10.3.1/thumb/v7e-m+fp/hard/libgcc.a
LOAD /usr/lib/gcc/arm-none-eabi/10.3.1/../../../arm-none-eabi/lib/thumb/v7e-m+fp/hard/libc_nano.a
END GROUP
START GROUP
LOAD /usr/lib/gcc/arm-none-eabi/10.3.1/thumb/v7e-m+fp/hard/libgcc.a
LOAD /usr/lib/gcc/arm-none-eabi/10.3.1/../../../arm-none-eabi/lib/thumb/v7e-m+fp/hard/libc_nano.a
END GROUP
LOAD /usr/lib/gcc/arm-none-eabi/10.3.1/thumb/v7e-m+fp/hard/crtend.o
LOAD /usr/lib/gcc/arm-none-eabi/10.3.1/thumb/v7e-m+fp/hard/crtn.o
                0x0000000020030000                _estack = (ORIGIN (RAM) + LENGTH (RAM))
                0x0000000000000200                _Min_Heap_Size = 0x200
                0x0000000000000400                _Min_Stack_Size = 0x400

.isr_vector     0x0000000008000000      0x1ac
                0x0000000008000000                . = ALIGN (0x4)
 *(.isr_vector)
 .isr_vector    0x0000000008000000      0x1ac build/startup_stm32f429xx.o
                0x0000000008000000                g_pfnVectors
                0x00000000080001ac                . = ALIGN (0x4)

.text           0x00000000080001ac     0x2c68
                0x00000000080001ac                . = ALIGN (0x4)
 *(.text)
 .text          0x00000000080001ac       0x88 /usr/lib/gcc/arm-none-eabi/10.3.1/thumb/v7e-m+fp/hard/crtbegin.o
 .text          0x0000000008000234       0x48 /usr/lib/gcc/arm-none-eabi/10.3.1/../../../arm-none-eabi/lib/thumb/v7e-m+fp/hard/libc_nano.a(lib_a-init.o)
                0x0000000008000234                __libc_init_array
 .text          0x000000000800027c       0xa4 /usr/lib/gcc/arm-none-eabi/10.3.1/../../../arm-none-eabi/lib/thumb/v7e-m+fp/hard/libc_nano.a(lib_a-memset.o)
                0x000000000800027c                memset
 .text          0x0000000008000320       0x30 /usr/lib/gcc/arm-none-eabi/10.3.1/thumb/v7e-m+fp/hard/libgcc.a(_aeabi_uldivmod.o)
                0x0000000008000320                __aeabi_uldivmod
 .text          0x0000000008000350      0x2d0 /usr/lib/gcc/arm-none-eabi/10.3.1/thumb/v7e-m+fp/hard/libgcc.a(_udivmoddi4.o)
                0x0000000008000350                __udivmoddi4
 .text          0x0000000008000620        0x4 /usr/lib/gcc/arm-none-eabi/10.3.1/thumb/v7e-m+fp/hard/libgcc.a(_dvmd_tls.o)
                0x0000000008000620                __aeabi_ldiv0
                0x0000000008000620                __aeabi_idiv0
 *(.text*)
 .text.update_lcd
                0x0000000008000624       0x88 build/main.o
                0x0000000008000624                update_lcd
 .text.m_send_to_lcd
                0x00000000080006ac       0x5c build/main.o
                0x00000000080006ac                m_send_to_lcd
 .text.lcd_display_task
                0x0000000008000708       0x84 build/main.o
                0x0000000008000708                lcd_display_task
 .text.task_timer
                0x000000000800078c       0x80 build/main.o
                0x000000000800078c                task_timer
 .text.key_read_task
                0x000000000800080c       0xf0 build/main.o
                0x000000000800080c                key_read_task
 .text.RS485_RX_Task
                0x00000000080008fc       0x74 build/main.o
                0x00000000080008fc                RS485_RX_Task
 .text.display_connected_slave
                0x0000000008000970      0x140 build/main.o
                0x0000000008000970                display_connected_slave
 .text.RS485_Read_Message
                0x0000000008000ab0       0xcc build/main.o
                0x0000000008000ab0                RS485_Read_Message
 .text.display_disconnected_slave
                0x0000000008000b7c      0x144 build/main.o
                0x0000000008000b7c                display_disconnected_slave
 .text.check_slave
                0x0000000008000cc0       0x6c build/main.o
                0x0000000008000cc0                check_slave
 .text.RS485_Send_Message
                0x0000000008000d2c       0x4c build/main.o
                0x0000000008000d2c                RS485_Send_Message
 .text.main_task
                0x0000000008000d78      0x154 build/main.o
                0x0000000008000d78                main_task
 .text.HAL_TIM_PeriodElapsedCallback
                0x0000000008000ecc       0x18 build/main.o
                0x0000000008000ecc                HAL_TIM_PeriodElapsedCallback
 .text.HAL_UART_RxCpltCallback
                0x0000000008000ee4       0x2c build/main.o
                0x0000000008000ee4                HAL_UART_RxCpltCallback
 .text.Error_Handler
                0x0000000008000f10        0x4 build/main.o
                0x0000000008000f10                Error_Handler
 .text.SystemClock_Config
                0x0000000008000f14       0xa8 build/main.o
                0x0000000008000f14                SystemClock_Config
 .text.main     0x0000000008000fbc      0x138 build/main.o
                0x0000000008000fbc                main
 .text.MX_GPIO_Init
                0x00000000080010f4      0x118 build/gpio.o
                0x00000000080010f4                MX_GPIO_Init
 .text.buffer_push
                0x000000000800120c       0x1a build/buffer.o
                0x000000000800120c                buffer_push
 .text.buffer_pop
                0x0000000008001226       0x1c build/buffer.o
                0x0000000008001226                buffer_pop
 *fill*         0x0000000008001242        0x2 
 .text.send_to_lcd
                0x0000000008001244       0x34 build/lcd16x2.o
                0x0000000008001244                send_to_lcd
 .text.lcd_cmd  0x0000000008001278       0x24 build/lcd16x2.o
                0x0000000008001278                lcd_cmd
 .text.lcd_data
                0x000000000800129c       0x24 build/lcd16x2.o
                0x000000000800129c                lcd_data
 .text.lcd_write_string
                0x00000000080012c0       0x16 build/lcd16x2.o
                0x00000000080012c0                lcd_write_string
 .text.lcd_init
                0x00000000080012d6       0x46 build/lcd16x2.o
                0x00000000080012d6                lcd_init
 .text.lcd_set_pos
                0x000000000800131c       0x16 build/lcd16x2.o
                0x000000000800131c                lcd_set_pos
 .text.lcd_clear
                0x0000000008001332        0xa build/lcd16x2.o
                0x0000000008001332                lcd_clear
 .text.MX_TIM4_Init
                0x000000000800133c       0x74 build/tim.o
                0x000000000800133c                MX_TIM4_Init
 .text.HAL_TIM_Base_MspInit
                0x00000000080013b0       0x40 build/tim.o
                0x00000000080013b0                HAL_TIM_Base_MspInit
 .text.MX_UART4_Init
                0x00000000080013f0       0x34 build/usart.o
                0x00000000080013f0                MX_UART4_Init
 .text.MX_UART5_Init
                0x0000000008001424       0x34 build/usart.o
                0x0000000008001424                MX_UART5_Init
 .text.HAL_UART_MspInit
                0x0000000008001458      0x110 build/usart.o
                0x0000000008001458                HAL_UART_MspInit
 .text.NMI_Handler
                0x0000000008001568        0x2 build/stm32f4xx_it.o
                0x0000000008001568                NMI_Handler
 .text.HardFault_Handler
                0x000000000800156a        0x2 build/stm32f4xx_it.o
                0x000000000800156a                HardFault_Handler
 .text.MemManage_Handler
                0x000000000800156c        0x2 build/stm32f4xx_it.o
                0x000000000800156c                MemManage_Handler
 .text.BusFault_Handler
                0x000000000800156e        0x2 build/stm32f4xx_it.o
                0x000000000800156e                BusFault_Handler
 .text.UsageFault_Handler
                0x0000000008001570        0x2 build/stm32f4xx_it.o
                0x0000000008001570                UsageFault_Handler
 .text.SVC_Handler
                0x0000000008001572        0x2 build/stm32f4xx_it.o
                0x0000000008001572                SVC_Handler
 .text.DebugMon_Handler
                0x0000000008001574        0x2 build/stm32f4xx_it.o
                0x0000000008001574                DebugMon_Handler
 .text.PendSV_Handler
                0x0000000008001576        0x2 build/stm32f4xx_it.o
                0x0000000008001576                PendSV_Handler
 .text.SysTick_Handler
                0x0000000008001578        0x8 build/stm32f4xx_it.o
                0x0000000008001578                SysTick_Handler
 .text.TIM4_IRQHandler
                0x0000000008001580       0x10 build/stm32f4xx_it.o
                0x0000000008001580                TIM4_IRQHandler
 .text.UART4_IRQHandler
                0x0000000008001590       0x10 build/stm32f4xx_it.o
                0x0000000008001590                UART4_IRQHandler
 .text.UART5_IRQHandler
                0x00000000080015a0       0x10 build/stm32f4xx_it.o
                0x00000000080015a0                UART5_IRQHandler
 .text.HAL_MspInit
                0x00000000080015b0       0x40 build/stm32f4xx_hal_msp.o
                0x00000000080015b0                HAL_MspInit
 .text.TIM_TI1_ConfigInputStage
                0x00000000080015f0       0x26 build/stm32f4xx_hal_tim.o
 .text.TIM_TI2_ConfigInputStage
                0x0000000008001616       0x28 build/stm32f4xx_hal_tim.o
 .text.TIM_ITRx_SetConfig
                0x000000000800163e       0x10 build/stm32f4xx_hal_tim.o
 *fill*         0x000000000800164e        0x2 
 .text.HAL_TIM_Base_Start_IT
                0x0000000008001650       0x88 build/stm32f4xx_hal_tim.o
                0x0000000008001650                HAL_TIM_Base_Start_IT
 .text.HAL_TIM_OC_DelayElapsedCallback
                0x00000000080016d8        0x2 build/stm32f4xx_hal_tim.o
                0x00000000080016d8                HAL_TIM_OC_DelayElapsedCallback
 .text.HAL_TIM_IC_CaptureCallback
                0x00000000080016da        0x2 build/stm32f4xx_hal_tim.o
                0x00000000080016da                HAL_TIM_IC_CaptureCallback
 .text.HAL_TIM_PWM_PulseFinishedCallback
                0x00000000080016dc        0x2 build/stm32f4xx_hal_tim.o
                0x00000000080016dc                HAL_TIM_PWM_PulseFinishedCallback
 .text.HAL_TIM_TriggerCallback
                0x00000000080016de        0x2 build/stm32f4xx_hal_tim.o
                0x00000000080016de                HAL_TIM_TriggerCallback
 .text.HAL_TIM_IRQHandler
                0x00000000080016e0      0x17a build/stm32f4xx_hal_tim.o
                0x00000000080016e0                HAL_TIM_IRQHandler
 *fill*         0x000000000800185a        0x2 
 .text.TIM_Base_SetConfig
                0x000000000800185c       0xc8 build/stm32f4xx_hal_tim.o
                0x000000000800185c                TIM_Base_SetConfig
 .text.HAL_TIM_Base_Init
                0x0000000008001924       0x58 build/stm32f4xx_hal_tim.o
                0x0000000008001924                HAL_TIM_Base_Init
 .text.TIM_ETR_SetConfig
                0x000000000800197c       0x1a build/stm32f4xx_hal_tim.o
                0x000000000800197c                TIM_ETR_SetConfig
 .text.HAL_TIM_ConfigClockSource
                0x0000000008001996       0xfe build/stm32f4xx_hal_tim.o
                0x0000000008001996                HAL_TIM_ConfigClockSource
 .text.HAL_TIMEx_MasterConfigSynchronization
                0x0000000008001a94       0x8c build/stm32f4xx_hal_tim_ex.o
                0x0000000008001a94                HAL_TIMEx_MasterConfigSynchronization
 .text.HAL_TIMEx_CommutCallback
                0x0000000008001b20        0x2 build/stm32f4xx_hal_tim_ex.o
                0x0000000008001b20                HAL_TIMEx_CommutCallback
 .text.HAL_TIMEx_BreakCallback
                0x0000000008001b22        0x2 build/stm32f4xx_hal_tim_ex.o
                0x0000000008001b22                HAL_TIMEx_BreakCallback
 .text.HAL_RCC_OscConfig
                0x0000000008001b24      0x3f8 build/stm32f4xx_hal_rcc.o
                0x0000000008001b24                HAL_RCC_OscConfig
 .text.HAL_RCC_GetSysClockFreq
                0x0000000008001f1c       0xd4 build/stm32f4xx_hal_rcc.o
                0x0000000008001f1c                HAL_RCC_GetSysClockFreq
 .text.HAL_RCC_ClockConfig
                0x0000000008001ff0      0x160 build/stm32f4xx_hal_rcc.o
                0x0000000008001ff0                HAL_RCC_ClockConfig
 .text.HAL_RCC_GetHCLKFreq
                0x0000000008002150        0xc build/stm32f4xx_hal_rcc.o
                0x0000000008002150                HAL_RCC_GetHCLKFreq
 .text.HAL_RCC_GetPCLK1Freq
                0x000000000800215c       0x20 build/stm32f4xx_hal_rcc.o
                0x000000000800215c                HAL_RCC_GetPCLK1Freq
 .text.HAL_RCC_GetPCLK2Freq
                0x000000000800217c       0x20 build/stm32f4xx_hal_rcc.o
                0x000000000800217c                HAL_RCC_GetPCLK2Freq
 .text.HAL_GPIO_Init
                0x000000000800219c      0x1fc build/stm32f4xx_hal_gpio.o
                0x000000000800219c                HAL_GPIO_Init
 .text.HAL_GPIO_WritePin
                0x0000000008002398        0xc build/stm32f4xx_hal_gpio.o
                0x0000000008002398                HAL_GPIO_WritePin
 .text.HAL_DMA_Abort
                0x00000000080023a4       0x94 build/stm32f4xx_hal_dma.o
                0x00000000080023a4                HAL_DMA_Abort
 .text.HAL_DMA_Abort_IT
                0x0000000008002438       0x26 build/stm32f4xx_hal_dma.o
                0x0000000008002438                HAL_DMA_Abort_IT
 *fill*         0x000000000800245e        0x2 
 .text.HAL_NVIC_SetPriorityGrouping
                0x0000000008002460       0x24 build/stm32f4xx_hal_cortex.o
                0x0000000008002460                HAL_NVIC_SetPriorityGrouping
 .text.HAL_NVIC_SetPriority
                0x0000000008002484       0x70 build/stm32f4xx_hal_cortex.o
                0x0000000008002484                HAL_NVIC_SetPriority
 .text.HAL_NVIC_EnableIRQ
                0x00000000080024f4       0x1c build/stm32f4xx_hal_cortex.o
                0x00000000080024f4                HAL_NVIC_EnableIRQ
 .text.HAL_SYSTICK_Config
                0x0000000008002510       0x28 build/stm32f4xx_hal_cortex.o
                0x0000000008002510                HAL_SYSTICK_Config
 .text.HAL_InitTick
                0x0000000008002538       0x4c build/stm32f4xx_hal.o
                0x0000000008002538                HAL_InitTick
 .text.HAL_Init
                0x0000000008002584       0x34 build/stm32f4xx_hal.o
                0x0000000008002584                HAL_Init
 .text.HAL_IncTick
                0x00000000080025b8       0x18 build/stm32f4xx_hal.o
                0x00000000080025b8                HAL_IncTick
 .text.HAL_GetTick
                0x00000000080025d0        0xc build/stm32f4xx_hal.o
                0x00000000080025d0                HAL_GetTick
 .text.HAL_Delay
                0x00000000080025dc       0x28 build/stm32f4xx_hal.o
                0x00000000080025dc                HAL_Delay
 .text.UART_EndRxTransfer
                0x0000000008002604       0x5c build/stm32f4xx_hal_uart.o
 .text.UART_Transmit_IT
                0x0000000008002660       0x60 build/stm32f4xx_hal_uart.o
 .text.UART_SetConfig
                0x00000000080026c0      0x110 build/stm32f4xx_hal_uart.o
 .text.UART_WaitOnFlagUntilTimeout
                0x00000000080027d0       0x88 build/stm32f4xx_hal_uart.o
 .text.HAL_UART_Init
                0x0000000008002858       0x5e build/stm32f4xx_hal_uart.o
                0x0000000008002858                HAL_UART_Init
 .text.HAL_UART_Transmit
                0x00000000080028b6       0xd8 build/stm32f4xx_hal_uart.o
                0x00000000080028b6                HAL_UART_Transmit
 .text.HAL_UART_TxCpltCallback
                0x000000000800298e        0x2 build/stm32f4xx_hal_uart.o
                0x000000000800298e                HAL_UART_TxCpltCallback
 .text.UART_EndTransmit_IT
                0x0000000008002990       0x1a build/stm32f4xx_hal_uart.o
 .text.HAL_UART_ErrorCallback
                0x00000000080029aa        0x2 build/stm32f4xx_hal_uart.o
                0x00000000080029aa                HAL_UART_ErrorCallback
 .text.UART_DMAAbortOnError
                0x00000000080029ac       0x10 build/stm32f4xx_hal_uart.o
 .text.HAL_UARTEx_RxEventCallback
                0x00000000080029bc        0x2 build/stm32f4xx_hal_uart.o
                0x00000000080029bc                HAL_UARTEx_RxEventCallback
 .text.UART_Receive_IT
                0x00000000080029be       0xe2 build/stm32f4xx_hal_uart.o
 .text.HAL_UART_IRQHandler
                0x0000000008002aa0      0x280 build/stm32f4xx_hal_uart.o
                0x0000000008002aa0                HAL_UART_IRQHandler
 .text.UART_Start_Receive_IT
                0x0000000008002d20       0x3a build/stm32f4xx_hal_uart.o
                0x0000000008002d20                UART_Start_Receive_IT
 .text.HAL_UART_Receive_IT
                0x0000000008002d5a       0x38 build/stm32f4xx_hal_uart.o
                0x0000000008002d5a                HAL_UART_Receive_IT
 *fill*         0x0000000008002d92        0x2 
 .text.SystemInit
                0x0000000008002d94       0x14 build/system_stm32f4xx.o
                0x0000000008002d94                SystemInit
 .text.Reset_Handler
                0x0000000008002da8       0x50 build/startup_stm32f429xx.o
                0x0000000008002da8                Reset_Handler
 .text.Default_Handler
                0x0000000008002df8        0x2 build/startup_stm32f429xx.o
                0x0000000008002df8                RTC_Alarm_IRQHandler
                0x0000000008002df8                HASH_RNG_IRQHandler
                0x0000000008002df8                EXTI2_IRQHandler
                0x0000000008002df8                TIM8_CC_IRQHandler
                0x0000000008002df8                UART8_IRQHandler
                0x0000000008002df8                SPI4_IRQHandler
                0x0000000008002df8                TIM1_CC_IRQHandler
                0x0000000008002df8                DMA2_Stream5_IRQHandler
                0x0000000008002df8                DMA1_Stream5_IRQHandler
                0x0000000008002df8                PVD_IRQHandler
                0x0000000008002df8                SDIO_IRQHandler
                0x0000000008002df8                TAMP_STAMP_IRQHandler
                0x0000000008002df8                CAN2_RX1_IRQHandler
                0x0000000008002df8                EXTI3_IRQHandler
                0x0000000008002df8                TIM8_TRG_COM_TIM14_IRQHandler
                0x0000000008002df8                TIM1_UP_TIM10_IRQHandler
                0x0000000008002df8                TIM8_UP_TIM13_IRQHandler
                0x0000000008002df8                I2C3_ER_IRQHandler
                0x0000000008002df8                EXTI0_IRQHandler
                0x0000000008002df8                I2C2_EV_IRQHandler
                0x0000000008002df8                DMA1_Stream2_IRQHandler
                0x0000000008002df8                CAN1_RX0_IRQHandler
                0x0000000008002df8                FPU_IRQHandler
                0x0000000008002df8                OTG_HS_WKUP_IRQHandler
                0x0000000008002df8                LTDC_ER_IRQHandler
                0x0000000008002df8                CAN2_SCE_IRQHandler
                0x0000000008002df8                DMA2_Stream2_IRQHandler
                0x0000000008002df8                SPI1_IRQHandler
                0x0000000008002df8                TIM6_DAC_IRQHandler
                0x0000000008002df8                TIM1_BRK_TIM9_IRQHandler
                0x0000000008002df8                DCMI_IRQHandler
                0x0000000008002df8                CAN2_RX0_IRQHandler
                0x0000000008002df8                DMA2_Stream3_IRQHandler
                0x0000000008002df8                USART6_IRQHandler
                0x0000000008002df8                USART3_IRQHandler
                0x0000000008002df8                CAN1_RX1_IRQHandler
                0x0000000008002df8                DMA2_Stream0_IRQHandler
                0x0000000008002df8                I2C1_EV_IRQHandler
                0x0000000008002df8                DMA1_Stream6_IRQHandler
                0x0000000008002df8                DMA1_Stream1_IRQHandler
                0x0000000008002df8                TIM3_IRQHandler
                0x0000000008002df8                RCC_IRQHandler
                0x0000000008002df8                TIM8_BRK_TIM12_IRQHandler
                0x0000000008002df8                Default_Handler
                0x0000000008002df8                EXTI15_10_IRQHandler
                0x0000000008002df8                ADC_IRQHandler
                0x0000000008002df8                DMA1_Stream7_IRQHandler
                0x0000000008002df8                SPI5_IRQHandler
                0x0000000008002df8                TIM7_IRQHandler
                0x0000000008002df8                CAN2_TX_IRQHandler
                0x0000000008002df8                TIM5_IRQHandler
                0x0000000008002df8                DMA2_Stream7_IRQHandler
                0x0000000008002df8                I2C3_EV_IRQHandler
                0x0000000008002df8                EXTI9_5_IRQHandler
                0x0000000008002df8                RTC_WKUP_IRQHandler
                0x0000000008002df8                LTDC_IRQHandler
                0x0000000008002df8                ETH_WKUP_IRQHandler
                0x0000000008002df8                SPI2_IRQHandler
                0x0000000008002df8                OTG_HS_EP1_IN_IRQHandler
                0x0000000008002df8                DMA1_Stream0_IRQHandler
                0x0000000008002df8                CAN1_TX_IRQHandler
                0x0000000008002df8                EXTI4_IRQHandler
                0x0000000008002df8                ETH_IRQHandler
                0x0000000008002df8                OTG_HS_EP1_OUT_IRQHandler
                0x0000000008002df8                WWDG_IRQHandler
                0x0000000008002df8                SPI6_IRQHandler
                0x0000000008002df8                TIM2_IRQHandler
                0x0000000008002df8                OTG_FS_WKUP_IRQHandler
                0x0000000008002df8                TIM1_TRG_COM_TIM11_IRQHandler
                0x0000000008002df8                OTG_HS_IRQHandler
                0x0000000008002df8                DMA2D_IRQHandler
                0x0000000008002df8                EXTI1_IRQHandler
                0x0000000008002df8                UART7_IRQHandler
                0x0000000008002df8                USART2_IRQHandler
                0x0000000008002df8                I2C2_ER_IRQHandler
                0x0000000008002df8                DMA2_Stream1_IRQHandler
                0x0000000008002df8                CAN1_SCE_IRQHandler
                0x0000000008002df8                FLASH_IRQHandler
                0x0000000008002df8                DMA2_Stream4_IRQHandler
                0x0000000008002df8                USART1_IRQHandler
                0x0000000008002df8                OTG_FS_IRQHandler
                0x0000000008002df8                SPI3_IRQHandler
                0x0000000008002df8                DMA1_Stream4_IRQHandler
                0x0000000008002df8                I2C1_ER_IRQHandler
                0x0000000008002df8                FMC_IRQHandler
                0x0000000008002df8                DMA2_Stream6_IRQHandler
                0x0000000008002df8                SAI1_IRQHandler
                0x0000000008002df8                DMA1_Stream3_IRQHandler
 *(.glue_7)
 .glue_7        0x0000000008002dfa        0x0 linker stubs
 *(.glue_7t)
 .glue_7t       0x0000000008002dfa        0x0 linker stubs
 *(.eh_frame)
 *fill*         0x0000000008002dfa        0x2 
 .eh_frame      0x0000000008002dfc        0x0 /usr/lib/gcc/arm-none-eabi/10.3.1/thumb/v7e-m+fp/hard/crtbegin.o
 *(.init)
 .init          0x0000000008002dfc        0x4 /usr/lib/gcc/arm-none-eabi/10.3.1/thumb/v7e-m+fp/hard/crti.o
                0x0000000008002dfc                _init
 .init          0x0000000008002e00        0x8 /usr/lib/gcc/arm-none-eabi/10.3.1/thumb/v7e-m+fp/hard/crtn.o
 *(.fini)
 .fini          0x0000000008002e08        0x4 /usr/lib/gcc/arm-none-eabi/10.3.1/thumb/v7e-m+fp/hard/crti.o
                0x0000000008002e08                _fini
 .fini          0x0000000008002e0c        0x8 /usr/lib/gcc/arm-none-eabi/10.3.1/thumb/v7e-m+fp/hard/crtn.o
                0x0000000008002e14                . = ALIGN (0x4)
                0x0000000008002e14                _etext = .

.vfp11_veneer   0x0000000008002e14        0x0
 .vfp11_veneer  0x0000000008002e14        0x0 linker stubs

.v4_bx          0x0000000008002e14        0x0
 .v4_bx         0x0000000008002e14        0x0 linker stubs

.iplt           0x0000000008002e14        0x0
 .iplt          0x0000000008002e14        0x0 /usr/lib/gcc/arm-none-eabi/10.3.1/thumb/v7e-m+fp/hard/crtbegin.o

.rodata         0x0000000008002e14       0x60
                0x0000000008002e14                . = ALIGN (0x4)
 *(.rodata)
 *(.rodata*)
 .rodata.display_connected_slave.str1.4
                0x0000000008002e14       0x38 build/main.o
 .rodata.display_disconnected_slave.str1.4
                0x0000000008002e4c        0xd build/main.o
 *fill*         0x0000000008002e59        0x3 
 .rodata.AHBPrescTable
                0x0000000008002e5c       0x10 build/system_stm32f4xx.o
                0x0000000008002e5c                AHBPrescTable
 .rodata.APBPrescTable
                0x0000000008002e6c        0x8 build/system_stm32f4xx.o
                0x0000000008002e6c                APBPrescTable
                0x0000000008002e74                . = ALIGN (0x4)

.ARM.extab
 *(.ARM.extab* .gnu.linkonce.armextab.*)

.ARM            0x0000000008002e74        0x8
                0x0000000008002e74                __exidx_start = .
 *(.ARM.exidx*)
 .ARM.exidx     0x0000000008002e74        0x8 /usr/lib/gcc/arm-none-eabi/10.3.1/thumb/v7e-m+fp/hard/libgcc.a(_udivmoddi4.o)
                0x0000000008002e7c                __exidx_end = .

.rel.dyn        0x0000000008002e7c        0x0
 .rel.iplt      0x0000000008002e7c        0x0 /usr/lib/gcc/arm-none-eabi/10.3.1/thumb/v7e-m+fp/hard/crtbegin.o

.preinit_array  0x0000000008002e7c        0x0
                0x0000000008002e7c                PROVIDE (__preinit_array_start = .)
 *(.preinit_array*)
                0x0000000008002e7c                PROVIDE (__preinit_array_end = .)

.init_array     0x0000000008002e7c        0x4
                0x0000000008002e7c                PROVIDE (__init_array_start = .)
 *(SORT_BY_NAME(.init_array.*))
 *(.init_array*)
 .init_array    0x0000000008002e7c        0x4 /usr/lib/gcc/arm-none-eabi/10.3.1/thumb/v7e-m+fp/hard/crtbegin.o
                0x0000000008002e80                PROVIDE (__init_array_end = .)

.fini_array     0x0000000008002e80        0x4
                0x0000000008002e80                PROVIDE (__fini_array_start = .)
 *(SORT_BY_NAME(.fini_array.*))
 *(.fini_array*)
 .fini_array    0x0000000008002e80        0x4 /usr/lib/gcc/arm-none-eabi/10.3.1/thumb/v7e-m+fp/hard/crtbegin.o
                0x0000000008002e84                PROVIDE (__fini_array_end = .)
                0x0000000008002e84                _sidata = LOADADDR (.data)

.data           0x0000000020000000       0x1c load address 0x0000000008002e84
                0x0000000020000000                . = ALIGN (0x4)
                0x0000000020000000                _sdata = .
 *(.data)
 *(.data*)
 .data.digit_table
                0x0000000020000000       0x11 build/main.o
                0x0000000020000000                digit_table
 .data.lcd_process
                0x0000000020000011        0x1 build/main.o
                0x0000000020000011                lcd_process
 .data.uwTickFreq
                0x0000000020000012        0x1 build/stm32f4xx_hal.o
                0x0000000020000012                uwTickFreq
 *fill*         0x0000000020000013        0x1 
 .data.uwTickPrio
                0x0000000020000014        0x4 build/stm32f4xx_hal.o
                0x0000000020000014                uwTickPrio
 .data.SystemCoreClock
                0x0000000020000018        0x4 build/system_stm32f4xx.o
                0x0000000020000018                SystemCoreClock
                0x000000002000001c                . = ALIGN (0x4)
                0x000000002000001c                _edata = .
                0x0000000008002ea0                _siccmram = LOADADDR (.ccmram)

.tm_clone_table
                0x000000002000001c        0x0 load address 0x0000000008002ea0
 .tm_clone_table
                0x000000002000001c        0x0 /usr/lib/gcc/arm-none-eabi/10.3.1/thumb/v7e-m+fp/hard/crtbegin.o
 .tm_clone_table
                0x000000002000001c        0x0 /usr/lib/gcc/arm-none-eabi/10.3.1/thumb/v7e-m+fp/hard/crtend.o

.igot.plt       0x000000002000001c        0x0 load address 0x0000000008002ea0
 .igot.plt      0x000000002000001c        0x0 /usr/lib/gcc/arm-none-eabi/10.3.1/thumb/v7e-m+fp/hard/crtbegin.o

.ccmram         0x0000000010000000        0x0 load address 0x0000000008002ea0
                0x0000000010000000                . = ALIGN (0x4)
                0x0000000010000000                _sccmram = .
 *(.ccmram)
 *(.ccmram*)
                0x0000000010000000                . = ALIGN (0x4)
                0x0000000010000000                _eccmram = .
                0x0000000010000000                . = ALIGN (0x4)

.bss            0x000000002000001c      0x234
                0x000000002000001c                _sbss = .
                0x000000002000001c                __bss_start__ = _sbss
 *(.bss)
 .bss           0x000000002000001c       0x1c /usr/lib/gcc/arm-none-eabi/10.3.1/thumb/v7e-m+fp/hard/crtbegin.o
 *(.bss*)
 .bss.ID        0x0000000020000038        0x1 build/main.o
                0x0000000020000038                ID
 *fill*         0x0000000020000039        0x3 
 .bss.ID_list   0x000000002000003c        0xa build/main.o
                0x000000002000003c                ID_list
 *fill*         0x0000000020000046        0x2 
 .bss.RX_msg    0x0000000020000048        0x4 build/main.o
                0x0000000020000048                RX_msg
 .bss.TX_msg    0x000000002000004c        0x6 build/main.o
                0x000000002000004c                TX_msg
 .bss.cmd       0x0000000020000052        0x1 build/main.o
                0x0000000020000052                cmd
 .bss.d_timer_20ms
                0x0000000020000053        0x1 build/main.o
                0x0000000020000053                d_timer_20ms
 .bss.d_timer_30ms
                0x0000000020000054        0x1 build/main.o
                0x0000000020000054                d_timer_30ms
 .bss.d_timer_50ms
                0x0000000020000055        0x1 build/main.o
                0x0000000020000055                d_timer_50ms
 .bss.data      0x0000000020000056        0x1 build/main.o
                0x0000000020000056                data
 .bss.digit1    0x0000000020000057        0x1 build/main.o
                0x0000000020000057                digit1
 .bss.digit1_buf
                0x0000000020000058       0x42 build/main.o
                0x0000000020000058                digit1_buf
 .bss.digit2    0x000000002000009a        0x1 build/main.o
                0x000000002000009a                digit2
 *fill*         0x000000002000009b        0x1 
 .bss.digit2_buf
                0x000000002000009c       0x42 build/main.o
                0x000000002000009c                digit2_buf
 .bss.event     0x00000000200000de        0x1 build/main.o
                0x00000000200000de                event
 *fill*         0x00000000200000df        0x1 
 .bss.event_buffer
                0x00000000200000e0       0x42 build/main.o
                0x00000000200000e0                event_buffer
 .bss.f_querry  0x0000000020000122        0x1 build/main.o
                0x0000000020000122                f_querry
 .bss.f_read_msg
                0x0000000020000123        0x1 build/main.o
                0x0000000020000123                f_read_msg
 .bss.f_timer_10ms
                0x0000000020000124        0x1 build/main.o
                0x0000000020000124                f_timer_10ms
 .bss.f_timer_20ms
                0x0000000020000125        0x1 build/main.o
                0x0000000020000125                f_timer_20ms
 .bss.f_timer_30ms
                0x0000000020000126        0x1 build/main.o
                0x0000000020000126                f_timer_30ms
 .bss.is_EN     0x0000000020000127        0x1 build/main.o
                0x0000000020000127                is_EN
 .bss.key1_data
                0x0000000020000128        0x1 build/main.o
                0x0000000020000128                key1_data
 .bss.key2_data
                0x0000000020000129        0x1 build/main.o
                0x0000000020000129                key2_data
 .bss.num_slave
                0x000000002000012a        0x1 build/main.o
                0x000000002000012a                num_slave
 .bss.old_digit1
                0x000000002000012b        0x1 build/main.o
                0x000000002000012b                old_digit1
 .bss.old_digit2
                0x000000002000012c        0x1 build/main.o
                0x000000002000012c                old_digit2
 .bss.old_num_slave
                0x000000002000012d        0x1 build/main.o
                0x000000002000012d                old_num_slave
 *fill*         0x000000002000012e        0x2 
 .bss.pRX_msg   0x0000000020000130        0x4 build/main.o
                0x0000000020000130                pRX_msg
 .bss.rx_buffer
                0x0000000020000134       0x42 build/main.o
                0x0000000020000134                rx_buffer
 .bss.rx_temp   0x0000000020000176        0x1 build/main.o
                0x0000000020000176                rx_temp
 .bss.state     0x0000000020000177        0x1 build/main.o
                0x0000000020000177                state
 .bss.temp      0x0000000020000178        0x1 build/main.o
                0x0000000020000178                temp
 .bss.tx_timeout
                0x0000000020000179        0x1 build/main.o
                0x0000000020000179                tx_timeout
 *fill*         0x000000002000017a        0x2 
 .bss.htim4     0x000000002000017c       0x48 build/tim.o
                0x000000002000017c                htim4
 .bss.huart4    0x00000000200001c4       0x44 build/usart.o
                0x00000000200001c4                huart4
 .bss.huart5    0x0000000020000208       0x44 build/usart.o
                0x0000000020000208                huart5
 .bss.uwTick    0x000000002000024c        0x4 build/stm32f4xx_hal.o
                0x000000002000024c                uwTick
 *(COMMON)
                0x0000000020000250                . = ALIGN (0x4)
                0x0000000020000250                _ebss = .
                0x0000000020000250                __bss_end__ = _ebss

._user_heap_stack
                0x0000000020000250      0x600
                0x0000000020000250                . = ALIGN (0x8)
                [!provide]                        PROVIDE (end = .)
                [!provide]                        PROVIDE (_end = .)
                0x0000000020000450                . = (. + _Min_Heap_Size)
 *fill*         0x0000000020000250      0x200 
                0x0000000020000850                . = (. + _Min_Stack_Size)
 *fill*         0x0000000020000450      0x400 
                0x0000000020000850                . = ALIGN (0x8)

/DISCARD/
 libc.a(*)
 libm.a(*)
 libgcc.a(*)

.ARM.attributes
                0x0000000000000000       0x30
 *(.ARM.attributes)
 .ARM.attributes
                0x0000000000000000       0x1e /usr/lib/gcc/arm-none-eabi/10.3.1/thumb/v7e-m+fp/hard/crti.o
 .ARM.attributes
                0x000000000000001e       0x34 /usr/lib/gcc/arm-none-eabi/10.3.1/thumb/v7e-m+fp/hard/crtbegin.o
 .ARM.attributes
                0x0000000000000052       0x34 build/main.o
 .ARM.attributes
                0x0000000000000086       0x34 build/gpio.o
 .ARM.attributes
                0x00000000000000ba       0x34 build/buffer.o
 .ARM.attributes
                0x00000000000000ee       0x34 build/lcd16x2.o
 .ARM.attributes
                0x0000000000000122       0x34 build/tim.o
 .ARM.attributes
                0x0000000000000156       0x34 build/usart.o
 .ARM.attributes
                0x000000000000018a       0x34 build/stm32f4xx_it.o
 .ARM.attributes
                0x00000000000001be       0x34 build/stm32f4xx_hal_msp.o
 .ARM.attributes
                0x00000000000001f2       0x34 build/stm32f4xx_hal_tim.o
 .ARM.attributes
                0x0000000000000226       0x34 build/stm32f4xx_hal_tim_ex.o
 .ARM.attributes
                0x000000000000025a       0x34 build/stm32f4xx_hal_rcc.o
 .ARM.attributes
                0x000000000000028e       0x34 build/stm32f4xx_hal_gpio.o
 .ARM.attributes
                0x00000000000002c2       0x34 build/stm32f4xx_hal_dma.o
 .ARM.attributes
                0x00000000000002f6       0x34 build/stm32f4xx_hal_cortex.o
 .ARM.attributes
                0x000000000000032a       0x34 build/stm32f4xx_hal.o
 .ARM.attributes
                0x000000000000035e       0x34 build/stm32f4xx_hal_uart.o
 .ARM.attributes
                0x0000000000000392       0x34 build/system_stm32f4xx.o
 .ARM.attributes
                0x00000000000003c6       0x21 build/startup_stm32f429xx.o
 .ARM.attributes
                0x00000000000003e7       0x34 /usr/lib/gcc/arm-none-eabi/10.3.1/../../../arm-none-eabi/lib/thumb/v7e-m+fp/hard/libc_nano.a(lib_a-init.o)
 .ARM.attributes
                0x000000000000041b       0x34 /usr/lib/gcc/arm-none-eabi/10.3.1/../../../arm-none-eabi/lib/thumb/v7e-m+fp/hard/libc_nano.a(lib_a-memset.o)
 .ARM.attributes
                0x000000000000044f       0x1e /usr/lib/gcc/arm-none-eabi/10.3.1/thumb/v7e-m+fp/hard/libgcc.a(_aeabi_uldivmod.o)
 .ARM.attributes
                0x000000000000046d       0x34 /usr/lib/gcc/arm-none-eabi/10.3.1/thumb/v7e-m+fp/hard/libgcc.a(_udivmoddi4.o)
 .ARM.attributes
                0x00000000000004a1       0x1e /usr/lib/gcc/arm-none-eabi/10.3.1/thumb/v7e-m+fp/hard/libgcc.a(_dvmd_tls.o)
 .ARM.attributes
                0x00000000000004bf       0x32 /usr/lib/gcc/arm-none-eabi/10.3.1/thumb/v7e-m+fp/hard/crtend.o
 .ARM.attributes
                0x00000000000004f1       0x1e /usr/lib/gcc/arm-none-eabi/10.3.1/thumb/v7e-m+fp/hard/crtn.o
OUTPUT(build/UART_7SEGMENT_RS485.elf elf32-littlearm)
LOAD linker stubs
LOAD /usr/lib/gcc/arm-none-eabi/10.3.1/../../../arm-none-eabi/lib/thumb/v7e-m+fp/hard/libc.a
LOAD /usr/lib/gcc/arm-none-eabi/10.3.1/../../../arm-none-eabi/lib/thumb/v7e-m+fp/hard/libm.a
LOAD /usr/lib/gcc/arm-none-eabi/10.3.1/thumb/v7e-m+fp/hard/libgcc.a

.comment        0x0000000000000000       0x33
 .comment       0x0000000000000000       0x33 /usr/lib/gcc/arm-none-eabi/10.3.1/thumb/v7e-m+fp/hard/crtbegin.o
                                         0x34 (size before relaxing)
 .comment       0x0000000000000033       0x34 build/main.o
 .comment       0x0000000000000033       0x34 build/gpio.o
 .comment       0x0000000000000033       0x34 build/buffer.o
 .comment       0x0000000000000033       0x34 build/lcd16x2.o
 .comment       0x0000000000000033       0x34 build/tim.o
 .comment       0x0000000000000033       0x34 build/usart.o
 .comment       0x0000000000000033       0x34 build/stm32f4xx_it.o
 .comment       0x0000000000000033       0x34 build/stm32f4xx_hal_msp.o
 .comment       0x0000000000000033       0x34 build/stm32f4xx_hal_tim.o
 .comment       0x0000000000000033       0x34 build/stm32f4xx_hal_tim_ex.o
 .comment       0x0000000000000033       0x34 build/stm32f4xx_hal_rcc.o
 .comment       0x0000000000000033       0x34 build/stm32f4xx_hal_gpio.o
 .comment       0x0000000000000033       0x34 build/stm32f4xx_hal_dma.o
 .comment       0x0000000000000033       0x34 build/stm32f4xx_hal_cortex.o
 .comment       0x0000000000000033       0x34 build/stm32f4xx_hal.o
 .comment       0x0000000000000033       0x34 build/stm32f4xx_hal_uart.o
 .comment       0x0000000000000033       0x34 build/system_stm32f4xx.o
 .comment       0x0000000000000033       0x34 /usr/lib/gcc/arm-none-eabi/10.3.1/../../../arm-none-eabi/lib/thumb/v7e-m+fp/hard/libc_nano.a(lib_a-init.o)
 .comment       0x0000000000000033       0x34 /usr/lib/gcc/arm-none-eabi/10.3.1/../../../arm-none-eabi/lib/thumb/v7e-m+fp/hard/libc_nano.a(lib_a-memset.o)
 .comment       0x0000000000000033       0x34 /usr/lib/gcc/arm-none-eabi/10.3.1/thumb/v7e-m+fp/hard/libgcc.a(_udivmoddi4.o)
 .comment       0x0000000000000033       0x34 /usr/lib/gcc/arm-none-eabi/10.3.1/thumb/v7e-m+fp/hard/crtend.o

.debug_info     0x0000000000000000    0x144b0
 .debug_info    0x0000000000000000     0x2156 build/main.o
 .debug_info    0x0000000000002156      0x5b5 build/gpio.o
 .debug_info    0x000000000000270b      0x15a build/buffer.o
 .debug_info    0x0000000000002865      0x4b2 build/lcd16x2.o
 .debug_info    0x0000000000002d17      0xded build/tim.o
 .debug_info    0x0000000000003b04      0xef9 build/usart.o
 .debug_info    0x00000000000049fd      0xb01 build/stm32f4xx_it.o
 .debug_info    0x00000000000054fe      0x327 build/stm32f4xx_hal_msp.o
 .debug_info    0x0000000000005825     0x4049 build/stm32f4xx_hal_tim.o
 .debug_info    0x000000000000986e     0x1c52 build/stm32f4xx_hal_tim_ex.o
 .debug_info    0x000000000000b4c0      0xbd8 build/stm32f4xx_hal_rcc.o
 .debug_info    0x000000000000c098      0x846 build/stm32f4xx_hal_gpio.o
 .debug_info    0x000000000000c8de      0xbb9 build/stm32f4xx_hal_dma.o
 .debug_info    0x000000000000d497     0x1186 build/stm32f4xx_hal_cortex.o
 .debug_info    0x000000000000e61d      0xb49 build/stm32f4xx_hal.o
 .debug_info    0x000000000000f166     0x43b7 build/stm32f4xx_hal_uart.o
 .debug_info    0x000000000001351d      0x5bd build/system_stm32f4xx.o
 .debug_info    0x0000000000013ada       0x22 build/startup_stm32f429xx.o
 .debug_info    0x0000000000013afc      0x11a /usr/lib/gcc/arm-none-eabi/10.3.1/../../../arm-none-eabi/lib/thumb/v7e-m+fp/hard/libc_nano.a(lib_a-init.o)
 .debug_info    0x0000000000013c16      0x137 /usr/lib/gcc/arm-none-eabi/10.3.1/../../../arm-none-eabi/lib/thumb/v7e-m+fp/hard/libc_nano.a(lib_a-memset.o)
 .debug_info    0x0000000000013d4d       0x26 /usr/lib/gcc/arm-none-eabi/10.3.1/thumb/v7e-m+fp/hard/libgcc.a(_aeabi_uldivmod.o)
 .debug_info    0x0000000000013d73      0x717 /usr/lib/gcc/arm-none-eabi/10.3.1/thumb/v7e-m+fp/hard/libgcc.a(_udivmoddi4.o)
 .debug_info    0x000000000001448a       0x26 /usr/lib/gcc/arm-none-eabi/10.3.1/thumb/v7e-m+fp/hard/libgcc.a(_dvmd_tls.o)

.debug_abbrev   0x0000000000000000     0x26d1
 .debug_abbrev  0x0000000000000000      0x2f8 build/main.o
 .debug_abbrev  0x00000000000002f8      0x151 build/gpio.o
 .debug_abbrev  0x0000000000000449       0xe9 build/buffer.o
 .debug_abbrev  0x0000000000000532      0x141 build/lcd16x2.o
 .debug_abbrev  0x0000000000000673      0x1e2 build/tim.o
 .debug_abbrev  0x0000000000000855      0x1e7 build/usart.o
 .debug_abbrev  0x0000000000000a3c      0x197 build/stm32f4xx_it.o
 .debug_abbrev  0x0000000000000bd3       0xf7 build/stm32f4xx_hal_msp.o
 .debug_abbrev  0x0000000000000cca      0x282 build/stm32f4xx_hal_tim.o
 .debug_abbrev  0x0000000000000f4c      0x298 build/stm32f4xx_hal_tim_ex.o
 .debug_abbrev  0x00000000000011e4      0x2aa build/stm32f4xx_hal_rcc.o
 .debug_abbrev  0x000000000000148e      0x22b build/stm32f4xx_hal_gpio.o
 .debug_abbrev  0x00000000000016b9      0x2ff build/stm32f4xx_hal_dma.o
 .debug_abbrev  0x00000000000019b8      0x382 build/stm32f4xx_hal_cortex.o
 .debug_abbrev  0x0000000000001d3a      0x209 build/stm32f4xx_hal.o
 .debug_abbrev  0x0000000000001f43      0x356 build/stm32f4xx_hal_uart.o
 .debug_abbrev  0x0000000000002299      0x11b build/system_stm32f4xx.o
 .debug_abbrev  0x00000000000023b4       0x12 build/startup_stm32f429xx.o
 .debug_abbrev  0x00000000000023c6       0xcc /usr/lib/gcc/arm-none-eabi/10.3.1/../../../arm-none-eabi/lib/thumb/v7e-m+fp/hard/libc_nano.a(lib_a-init.o)
 .debug_abbrev  0x0000000000002492       0xb4 /usr/lib/gcc/arm-none-eabi/10.3.1/../../../arm-none-eabi/lib/thumb/v7e-m+fp/hard/libc_nano.a(lib_a-memset.o)
 .debug_abbrev  0x0000000000002546       0x14 /usr/lib/gcc/arm-none-eabi/10.3.1/thumb/v7e-m+fp/hard/libgcc.a(_aeabi_uldivmod.o)
 .debug_abbrev  0x000000000000255a      0x163 /usr/lib/gcc/arm-none-eabi/10.3.1/thumb/v7e-m+fp/hard/libgcc.a(_udivmoddi4.o)
 .debug_abbrev  0x00000000000026bd       0x14 /usr/lib/gcc/arm-none-eabi/10.3.1/thumb/v7e-m+fp/hard/libgcc.a(_dvmd_tls.o)

.debug_loc      0x0000000000000000    0x10e94
 .debug_loc     0x0000000000000000      0x422 build/main.o
 .debug_loc     0x0000000000000422       0x39 build/gpio.o
 .debug_loc     0x000000000000045b       0x37 build/buffer.o
 .debug_loc     0x0000000000000492      0x212 build/lcd16x2.o
 .debug_loc     0x00000000000006a4      0x103 build/tim.o
 .debug_loc     0x00000000000007a7      0x164 build/usart.o
 .debug_loc     0x000000000000090b       0x80 build/stm32f4xx_it.o
 .debug_loc     0x000000000000098b       0x38 build/stm32f4xx_hal_msp.o
 .debug_loc     0x00000000000009c3     0x5ba0 build/stm32f4xx_hal_tim.o
 .debug_loc     0x0000000000006563     0x2137 build/stm32f4xx_hal_tim_ex.o
 .debug_loc     0x000000000000869a      0x6e4 build/stm32f4xx_hal_rcc.o
 .debug_loc     0x0000000000008d7e      0x5e8 build/stm32f4xx_hal_gpio.o
 .debug_loc     0x0000000000009366      0xd6d build/stm32f4xx_hal_dma.o
 .debug_loc     0x000000000000a0d3      0x7a4 build/stm32f4xx_hal_cortex.o
 .debug_loc     0x000000000000a877      0x1e1 build/stm32f4xx_hal.o
 .debug_loc     0x000000000000aa58     0x4fef build/stm32f4xx_hal_uart.o
 .debug_loc     0x000000000000fa47      0x158 build/system_stm32f4xx.o
 .debug_loc     0x000000000000fb9f       0xba /usr/lib/gcc/arm-none-eabi/10.3.1/../../../arm-none-eabi/lib/thumb/v7e-m+fp/hard/libc_nano.a(lib_a-init.o)
 .debug_loc     0x000000000000fc59      0x22c /usr/lib/gcc/arm-none-eabi/10.3.1/../../../arm-none-eabi/lib/thumb/v7e-m+fp/hard/libc_nano.a(lib_a-memset.o)
 .debug_loc     0x000000000000fe85     0x100f /usr/lib/gcc/arm-none-eabi/10.3.1/thumb/v7e-m+fp/hard/libgcc.a(_udivmoddi4.o)

.debug_aranges  0x0000000000000000      0xd78
 .debug_aranges
                0x0000000000000000       0xa0 build/main.o
 .debug_aranges
                0x00000000000000a0       0x20 build/gpio.o
 .debug_aranges
                0x00000000000000c0       0x28 build/buffer.o
 .debug_aranges
                0x00000000000000e8       0x50 build/lcd16x2.o
 .debug_aranges
                0x0000000000000138       0x30 build/tim.o
 .debug_aranges
                0x0000000000000168       0x38 build/usart.o
 .debug_aranges
                0x00000000000001a0       0x78 build/stm32f4xx_it.o
 .debug_aranges
                0x0000000000000218       0x20 build/stm32f4xx_hal_msp.o
 .debug_aranges
                0x0000000000000238      0x3d0 build/stm32f4xx_hal_tim.o
 .debug_aranges
                0x0000000000000608      0x168 build/stm32f4xx_hal_tim_ex.o
 .debug_aranges
                0x0000000000000770       0x88 build/stm32f4xx_hal_rcc.o
 .debug_aranges
                0x00000000000007f8       0x58 build/stm32f4xx_hal_gpio.o
 .debug_aranges
                0x0000000000000850       0x90 build/stm32f4xx_hal_dma.o
 .debug_aranges
                0x00000000000008e0       0xa8 build/stm32f4xx_hal_cortex.o
 .debug_aranges
                0x0000000000000988      0x100 build/stm32f4xx_hal.o
 .debug_aranges
                0x0000000000000a88      0x200 build/stm32f4xx_hal_uart.o
 .debug_aranges
                0x0000000000000c88       0x28 build/system_stm32f4xx.o
 .debug_aranges
                0x0000000000000cb0       0x28 build/startup_stm32f429xx.o
 .debug_aranges
                0x0000000000000cd8       0x20 /usr/lib/gcc/arm-none-eabi/10.3.1/../../../arm-none-eabi/lib/thumb/v7e-m+fp/hard/libc_nano.a(lib_a-init.o)
 .debug_aranges
                0x0000000000000cf8       0x20 /usr/lib/gcc/arm-none-eabi/10.3.1/../../../arm-none-eabi/lib/thumb/v7e-m+fp/hard/libc_nano.a(lib_a-memset.o)
 .debug_aranges
                0x0000000000000d18       0x20 /usr/lib/gcc/arm-none-eabi/10.3.1/thumb/v7e-m+fp/hard/libgcc.a(_aeabi_uldivmod.o)
 .debug_aranges
                0x0000000000000d38       0x20 /usr/lib/gcc/arm-none-eabi/10.3.1/thumb/v7e-m+fp/hard/libgcc.a(_udivmoddi4.o)
 .debug_aranges
                0x0000000000000d58       0x20 /usr/lib/gcc/arm-none-eabi/10.3.1/thumb/v7e-m+fp/hard/libgcc.a(_dvmd_tls.o)

.debug_ranges   0x0000000000000000      0xd38
 .debug_ranges  0x0000000000000000       0x90 build/main.o
 .debug_ranges  0x0000000000000090       0x10 build/gpio.o
 .debug_ranges  0x00000000000000a0       0x18 build/buffer.o
 .debug_ranges  0x00000000000000b8       0x40 build/lcd16x2.o
 .debug_ranges  0x00000000000000f8       0x20 build/tim.o
 .debug_ranges  0x0000000000000118       0x28 build/usart.o
 .debug_ranges  0x0000000000000140       0x68 build/stm32f4xx_it.o
 .debug_ranges  0x00000000000001a8       0x10 build/stm32f4xx_hal_msp.o
 .debug_ranges  0x00000000000001b8      0x3c0 build/stm32f4xx_hal_tim.o
 .debug_ranges  0x0000000000000578      0x158 build/stm32f4xx_hal_tim_ex.o
 .debug_ranges  0x00000000000006d0       0x90 build/stm32f4xx_hal_rcc.o
 .debug_ranges  0x0000000000000760       0x48 build/stm32f4xx_hal_gpio.o
 .debug_ranges  0x00000000000007a8       0x80 build/stm32f4xx_hal_dma.o
 .debug_ranges  0x0000000000000828       0xf8 build/stm32f4xx_hal_cortex.o
 .debug_ranges  0x0000000000000920       0xf0 build/stm32f4xx_hal.o
 .debug_ranges  0x0000000000000a10      0x208 build/stm32f4xx_hal_uart.o
 .debug_ranges  0x0000000000000c18       0x18 build/system_stm32f4xx.o
 .debug_ranges  0x0000000000000c30       0x20 build/startup_stm32f429xx.o
 .debug_ranges  0x0000000000000c50       0xe8 /usr/lib/gcc/arm-none-eabi/10.3.1/thumb/v7e-m+fp/hard/libgcc.a(_udivmoddi4.o)

.debug_line     0x0000000000000000     0xfafb
 .debug_line    0x0000000000000000      0xb3a build/main.o
 .debug_line    0x0000000000000b3a      0x19c build/gpio.o
 .debug_line    0x0000000000000cd6       0xdb build/buffer.o
 .debug_line    0x0000000000000db1      0x225 build/lcd16x2.o
 .debug_line    0x0000000000000fd6      0x24f build/tim.o
 .debug_line    0x0000000000001225      0x349 build/usart.o
 .debug_line    0x000000000000156e      0x290 build/stm32f4xx_it.o
 .debug_line    0x00000000000017fe      0x10d build/stm32f4xx_hal_msp.o
 .debug_line    0x000000000000190b     0x4a19 build/stm32f4xx_hal_tim.o
 .debug_line    0x0000000000006324     0x1c3d build/stm32f4xx_hal_tim_ex.o
 .debug_line    0x0000000000007f61      0xa87 build/stm32f4xx_hal_rcc.o
 .debug_line    0x00000000000089e8      0x66d build/stm32f4xx_hal_gpio.o
 .debug_line    0x0000000000009055      0xd9c build/stm32f4xx_hal_dma.o
 .debug_line    0x0000000000009df1      0x6ef build/stm32f4xx_hal_cortex.o
 .debug_line    0x000000000000a4e0      0x514 build/stm32f4xx_hal.o
 .debug_line    0x000000000000a9f4     0x4565 build/stm32f4xx_hal_uart.o
 .debug_line    0x000000000000ef59      0x1c7 build/system_stm32f4xx.o
 .debug_line    0x000000000000f120       0x76 build/startup_stm32f429xx.o
 .debug_line    0x000000000000f196      0x138 /usr/lib/gcc/arm-none-eabi/10.3.1/../../../arm-none-eabi/lib/thumb/v7e-m+fp/hard/libc_nano.a(lib_a-init.o)
 .debug_line    0x000000000000f2ce      0x1bf /usr/lib/gcc/arm-none-eabi/10.3.1/../../../arm-none-eabi/lib/thumb/v7e-m+fp/hard/libc_nano.a(lib_a-memset.o)
 .debug_line    0x000000000000f48d       0x60 /usr/lib/gcc/arm-none-eabi/10.3.1/thumb/v7e-m+fp/hard/libgcc.a(_aeabi_uldivmod.o)
 .debug_line    0x000000000000f4ed      0x5ae /usr/lib/gcc/arm-none-eabi/10.3.1/thumb/v7e-m+fp/hard/libgcc.a(_udivmoddi4.o)
 .debug_line    0x000000000000fa9b       0x60 /usr/lib/gcc/arm-none-eabi/10.3.1/thumb/v7e-m+fp/hard/libgcc.a(_dvmd_tls.o)

.debug_str      0x0000000000000000     0x4755
 .debug_str     0x0000000000000000      0xed6 build/main.o
                                        0xfda (size before relaxing)
 .debug_str     0x0000000000000ed6       0x70 build/gpio.o
                                        0x349 (size before relaxing)
 .debug_str     0x0000000000000f46       0x21 build/buffer.o
                                        0x1c1 (size before relaxing)
 .debug_str     0x0000000000000f67       0x1b build/lcd16x2.o
                                        0x225 (size before relaxing)
 .debug_str     0x0000000000000f82      0x6c7 build/tim.o
                                        0xeb5 (size before relaxing)
 .debug_str     0x0000000000001649       0x65 build/usart.o
                                        0xd6c (size before relaxing)
 .debug_str     0x00000000000016ae      0x10d build/stm32f4xx_it.o
                                        0x98c (size before relaxing)
 .debug_str     0x00000000000017bb       0x46 build/stm32f4xx_hal_msp.o
                                        0x2c0 (size before relaxing)
 .debug_str     0x0000000000001801      0xe59 build/stm32f4xx_hal_tim.o
                                       0x1683 (size before relaxing)
 .debug_str     0x000000000000265a      0x521 build/stm32f4xx_hal_tim_ex.o
                                        0xe84 (size before relaxing)
 .debug_str     0x0000000000002b7b      0x22d build/stm32f4xx_hal_rcc.o
                                        0x6ce (size before relaxing)
 .debug_str     0x0000000000002da8      0x120 build/stm32f4xx_hal_gpio.o
                                        0x4b3 (size before relaxing)
 .debug_str     0x0000000000002ec8      0x2dc build/stm32f4xx_hal_dma.o
                                        0x741 (size before relaxing)
 .debug_str     0x00000000000031a4      0x4ae build/stm32f4xx_hal_cortex.o
                                        0xc51 (size before relaxing)
 .debug_str     0x0000000000003652      0x2d0 build/stm32f4xx_hal.o
                                        0xbe1 (size before relaxing)
 .debug_str     0x0000000000003922      0x5a3 build/stm32f4xx_hal_uart.o
                                        0xd0e (size before relaxing)
 .debug_str     0x0000000000003ec5       0x47 build/system_stm32f4xx.o
                                        0x353 (size before relaxing)
 .debug_str     0x0000000000003f0c       0x22 build/startup_stm32f429xx.o
                                         0x48 (size before relaxing)
 .debug_str     0x0000000000003f2e      0x16a /usr/lib/gcc/arm-none-eabi/10.3.1/../../../arm-none-eabi/lib/thumb/v7e-m+fp/hard/libc_nano.a(lib_a-init.o)
                                        0x20b (size before relaxing)
 .debug_str     0x0000000000004098       0xa3 /usr/lib/gcc/arm-none-eabi/10.3.1/../../../arm-none-eabi/lib/thumb/v7e-m+fp/hard/libc_nano.a(lib_a-memset.o)
                                        0x1c0 (size before relaxing)
 .debug_str     0x000000000000413b       0xa6 /usr/lib/gcc/arm-none-eabi/10.3.1/thumb/v7e-m+fp/hard/libgcc.a(_aeabi_uldivmod.o)
 .debug_str     0x00000000000041e1      0x544 /usr/lib/gcc/arm-none-eabi/10.3.1/thumb/v7e-m+fp/hard/libgcc.a(_udivmoddi4.o)
                                        0x647 (size before relaxing)
 .debug_str     0x0000000000004725       0x30 /usr/lib/gcc/arm-none-eabi/10.3.1/thumb/v7e-m+fp/hard/libgcc.a(_dvmd_tls.o)
                                         0xaa (size before relaxing)

.debug_frame    0x0000000000000000     0x21bc
 .debug_frame   0x0000000000000000      0x1ac build/main.o
 .debug_frame   0x00000000000001ac       0x38 build/gpio.o
 .debug_frame   0x00000000000001e4       0x30 build/buffer.o
 .debug_frame   0x0000000000000214       0xbc build/lcd16x2.o
 .debug_frame   0x00000000000002d0       0x64 build/tim.o
 .debug_frame   0x0000000000000334       0x80 build/usart.o
 .debug_frame   0x00000000000003b4       0xf0 build/stm32f4xx_it.o
 .debug_frame   0x00000000000004a4       0x2c build/stm32f4xx_hal_msp.o
 .debug_frame   0x00000000000004d0      0xb0c build/stm32f4xx_hal_tim.o
 .debug_frame   0x0000000000000fdc      0x40c build/stm32f4xx_hal_tim_ex.o
 .debug_frame   0x00000000000013e8      0x16c build/stm32f4xx_hal_rcc.o
 .debug_frame   0x0000000000001554       0xd8 build/stm32f4xx_hal_gpio.o
 .debug_frame   0x000000000000162c      0x188 build/stm32f4xx_hal_dma.o
 .debug_frame   0x00000000000017b4      0x148 build/stm32f4xx_hal_cortex.o
 .debug_frame   0x00000000000018fc      0x20c build/stm32f4xx_hal.o
 .debug_frame   0x0000000000001b08      0x5cc build/stm32f4xx_hal_uart.o
 .debug_frame   0x00000000000020d4       0x30 build/system_stm32f4xx.o
 .debug_frame   0x0000000000002104       0x2c /usr/lib/gcc/arm-none-eabi/10.3.1/../../../arm-none-eabi/lib/thumb/v7e-m+fp/hard/libc_nano.a(lib_a-init.o)
 .debug_frame   0x0000000000002130       0x2c /usr/lib/gcc/arm-none-eabi/10.3.1/../../../arm-none-eabi/lib/thumb/v7e-m+fp/hard/libc_nano.a(lib_a-memset.o)
 .debug_frame   0x000000000000215c       0x2c /usr/lib/gcc/arm-none-eabi/10.3.1/thumb/v7e-m+fp/hard/libgcc.a(_aeabi_uldivmod.o)
 .debug_frame   0x0000000000002188       0x34 /usr/lib/gcc/arm-none-eabi/10.3.1/thumb/v7e-m+fp/hard/libgcc.a(_udivmoddi4.o)

Cross Reference Table

Symbol                                            File
ADC_IRQHandler                                    build/startup_stm32f429xx.o
AHBPrescTable                                     build/system_stm32f4xx.o
                                                  build/stm32f4xx_hal_rcc.o
APBPrescTable                                     build/system_stm32f4xx.o
                                                  build/stm32f4xx_hal_rcc.o
BusFault_Handler                                  build/stm32f4xx_it.o
CAN1_RX0_IRQHandler                               build/startup_stm32f429xx.o
CAN1_RX1_IRQHandler                               build/startup_stm32f429xx.o
CAN1_SCE_IRQHandler                               build/startup_stm32f429xx.o
CAN1_TX_IRQHandler                                build/startup_stm32f429xx.o
CAN2_RX0_IRQHandler                               build/startup_stm32f429xx.o
CAN2_RX1_IRQHandler                               build/startup_stm32f429xx.o
CAN2_SCE_IRQHandler                               build/startup_stm32f429xx.o
CAN2_TX_IRQHandler                                build/startup_stm32f429xx.o
DCMI_IRQHandler                                   build/startup_stm32f429xx.o
DMA1_Stream0_IRQHandler                           build/startup_stm32f429xx.o
DMA1_Stream1_IRQHandler                           build/startup_stm32f429xx.o
DMA1_Stream2_IRQHandler                           build/startup_stm32f429xx.o
DMA1_Stream3_IRQHandler                           build/startup_stm32f429xx.o
DMA1_Stream4_IRQHandler                           build/startup_stm32f429xx.o
DMA1_Stream5_IRQHandler                           build/startup_stm32f429xx.o
DMA1_Stream6_IRQHandler                           build/startup_stm32f429xx.o
DMA1_Stream7_IRQHandler                           build/startup_stm32f429xx.o
DMA2D_IRQHandler                                  build/startup_stm32f429xx.o
DMA2_Stream0_IRQHandler                           build/startup_stm32f429xx.o
DMA2_Stream1_IRQHandler                           build/startup_stm32f429xx.o
DMA2_Stream2_IRQHandler                           build/startup_stm32f429xx.o
DMA2_Stream3_IRQHandler                           build/startup_stm32f429xx.o
DMA2_Stream4_IRQHandler                           build/startup_stm32f429xx.o
DMA2_Stream5_IRQHandler                           build/startup_stm32f429xx.o
DMA2_Stream6_IRQHandler                           build/startup_stm32f429xx.o
DMA2_Stream7_IRQHandler                           build/startup_stm32f429xx.o
DebugMon_Handler                                  build/stm32f4xx_it.o
Default_Handler                                   build/startup_stm32f429xx.o
ETH_IRQHandler                                    build/startup_stm32f429xx.o
ETH_WKUP_IRQHandler                               build/startup_stm32f429xx.o
EXTI0_IRQHandler                                  build/startup_stm32f429xx.o
EXTI15_10_IRQHandler                              build/startup_stm32f429xx.o
EXTI1_IRQHandler                                  build/startup_stm32f429xx.o
EXTI2_IRQHandler                                  build/startup_stm32f429xx.o
EXTI3_IRQHandler                                  build/startup_stm32f429xx.o
EXTI4_IRQHandler                                  build/startup_stm32f429xx.o
EXTI9_5_IRQHandler                                build/startup_stm32f429xx.o
Error_Handler                                     build/main.o
                                                  build/usart.o
                                                  build/tim.o
FLASH_Erase_Sector                                build/stm32f4xx_hal_flash_ex.o
                                                  build/stm32f4xx_hal_flash.o
FLASH_FlushCaches                                 build/stm32f4xx_hal_flash_ex.o
                                                  build/stm32f4xx_hal_flash.o
FLASH_IRQHandler                                  build/startup_stm32f429xx.o
FLASH_WaitForLastOperation                        build/stm32f4xx_hal_flash.o
                                                  build/stm32f4xx_hal_flash_ex.o
FMC_IRQHandler                                    build/startup_stm32f429xx.o
FPU_IRQHandler                                    build/startup_stm32f429xx.o
HAL_DBGMCU_DisableDBGSleepMode                    build/stm32f4xx_hal.o
HAL_DBGMCU_DisableDBGStandbyMode                  build/stm32f4xx_hal.o
HAL_DBGMCU_DisableDBGStopMode                     build/stm32f4xx_hal.o
HAL_DBGMCU_EnableDBGSleepMode                     build/stm32f4xx_hal.o
HAL_DBGMCU_EnableDBGStandbyMode                   build/stm32f4xx_hal.o
HAL_DBGMCU_EnableDBGStopMode                      build/stm32f4xx_hal.o
HAL_DMAEx_ChangeMemory                            build/stm32f4xx_hal_dma_ex.o
HAL_DMAEx_MultiBufferStart                        build/stm32f4xx_hal_dma_ex.o
HAL_DMAEx_MultiBufferStart_IT                     build/stm32f4xx_hal_dma_ex.o
HAL_DMA_Abort                                     build/stm32f4xx_hal_dma.o
                                                  build/stm32f4xx_hal_uart.o
HAL_DMA_Abort_IT                                  build/stm32f4xx_hal_dma.o
                                                  build/stm32f4xx_hal_uart.o
                                                  build/stm32f4xx_hal_tim_ex.o
                                                  build/stm32f4xx_hal_tim.o
HAL_DMA_DeInit                                    build/stm32f4xx_hal_dma.o
HAL_DMA_GetError                                  build/stm32f4xx_hal_dma.o
                                                  build/stm32f4xx_hal_uart.o
HAL_DMA_GetState                                  build/stm32f4xx_hal_dma.o
HAL_DMA_IRQHandler                                build/stm32f4xx_hal_dma.o
HAL_DMA_Init                                      build/stm32f4xx_hal_dma.o
HAL_DMA_PollForTransfer                           build/stm32f4xx_hal_dma.o
HAL_DMA_RegisterCallback                          build/stm32f4xx_hal_dma.o
HAL_DMA_Start                                     build/stm32f4xx_hal_dma.o
HAL_DMA_Start_IT                                  build/stm32f4xx_hal_dma.o
                                                  build/stm32f4xx_hal_uart.o
                                                  build/stm32f4xx_hal_tim_ex.o
                                                  build/stm32f4xx_hal_tim.o
HAL_DMA_UnRegisterCallback                        build/stm32f4xx_hal_dma.o
HAL_DeInit                                        build/stm32f4xx_hal.o
HAL_Delay                                         build/stm32f4xx_hal.o
                                                  build/lcd16x2.o
                                                  build/main.o
HAL_DisableCompensationCell                       build/stm32f4xx_hal.o
HAL_DisableMemorySwappingBank                     build/stm32f4xx_hal.o
HAL_EXTI_ClearConfigLine                          build/stm32f4xx_hal_exti.o
HAL_EXTI_ClearPending                             build/stm32f4xx_hal_exti.o
HAL_EXTI_GenerateSWI                              build/stm32f4xx_hal_exti.o
HAL_EXTI_GetConfigLine                            build/stm32f4xx_hal_exti.o
HAL_EXTI_GetHandle                                build/stm32f4xx_hal_exti.o
HAL_EXTI_GetPending                               build/stm32f4xx_hal_exti.o
HAL_EXTI_IRQHandler                               build/stm32f4xx_hal_exti.o
HAL_EXTI_RegisterCallback                         build/stm32f4xx_hal_exti.o
HAL_EXTI_SetConfigLine                            build/stm32f4xx_hal_exti.o
HAL_EnableCompensationCell                        build/stm32f4xx_hal.o
HAL_EnableMemorySwappingBank                      build/stm32f4xx_hal.o
HAL_FLASHEx_AdvOBGetConfig                        build/stm32f4xx_hal_flash_ex.o
HAL_FLASHEx_AdvOBProgram                          build/stm32f4xx_hal_flash_ex.o
HAL_FLASHEx_Erase                                 build/stm32f4xx_hal_flash_ex.o
HAL_FLASHEx_Erase_IT                              build/stm32f4xx_hal_flash_ex.o
HAL_FLASHEx_OBGetConfig                           build/stm32f4xx_hal_flash_ex.o
HAL_FLASHEx_OBProgram                             build/stm32f4xx_hal_flash_ex.o
HAL_FLASHEx_OB_DeSelectPCROP                      build/stm32f4xx_hal_flash_ex.o
HAL_FLASHEx_OB_GetBank2WRP                        build/stm32f4xx_hal_flash_ex.o
HAL_FLASHEx_OB_SelectPCROP                        build/stm32f4xx_hal_flash_ex.o
HAL_FLASH_EndOfOperationCallback                  build/stm32f4xx_hal_flash.o
HAL_FLASH_GetError                                build/stm32f4xx_hal_flash.o
HAL_FLASH_IRQHandler                              build/stm32f4xx_hal_flash.o
HAL_FLASH_Lock                                    build/stm32f4xx_hal_flash.o
HAL_FLASH_OB_Launch                               build/stm32f4xx_hal_flash.o
HAL_FLASH_OB_Lock                                 build/stm32f4xx_hal_flash.o
HAL_FLASH_OB_Unlock                               build/stm32f4xx_hal_flash.o
HAL_FLASH_OperationErrorCallback                  build/stm32f4xx_hal_flash.o
HAL_FLASH_Program                                 build/stm32f4xx_hal_flash.o
HAL_FLASH_Program_IT                              build/stm32f4xx_hal_flash.o
HAL_FLASH_Unlock                                  build/stm32f4xx_hal_flash.o
HAL_GPIO_DeInit                                   build/stm32f4xx_hal_gpio.o
                                                  build/usart.o
HAL_GPIO_EXTI_Callback                            build/stm32f4xx_hal_gpio.o
HAL_GPIO_EXTI_IRQHandler                          build/stm32f4xx_hal_gpio.o
HAL_GPIO_Init                                     build/stm32f4xx_hal_gpio.o
                                                  build/stm32f4xx_hal_rcc.o
                                                  build/usart.o
                                                  build/gpio.o
HAL_GPIO_LockPin                                  build/stm32f4xx_hal_gpio.o
HAL_GPIO_ReadPin                                  build/stm32f4xx_hal_gpio.o
HAL_GPIO_TogglePin                                build/stm32f4xx_hal_gpio.o
HAL_GPIO_WritePin                                 build/stm32f4xx_hal_gpio.o
                                                  build/lcd16x2.o
                                                  build/gpio.o
                                                  build/main.o
HAL_GetDEVID                                      build/stm32f4xx_hal.o
HAL_GetHalVersion                                 build/stm32f4xx_hal.o
HAL_GetREVID                                      build/stm32f4xx_hal.o
HAL_GetTick                                       build/stm32f4xx_hal.o
                                                  build/stm32f4xx_hal_uart.o
                                                  build/stm32f4xx_hal_pwr_ex.o
                                                  build/stm32f4xx_hal_dma.o
                                                  build/stm32f4xx_hal_flash.o
                                                  build/stm32f4xx_hal_rcc_ex.o
                                                  build/stm32f4xx_hal_rcc.o
HAL_GetTickFreq                                   build/stm32f4xx_hal.o
HAL_GetTickPrio                                   build/stm32f4xx_hal.o
HAL_GetUIDw0                                      build/stm32f4xx_hal.o
HAL_GetUIDw1                                      build/stm32f4xx_hal.o
HAL_GetUIDw2                                      build/stm32f4xx_hal.o
HAL_HalfDuplex_EnableReceiver                     build/stm32f4xx_hal_uart.o
HAL_HalfDuplex_EnableTransmitter                  build/stm32f4xx_hal_uart.o
HAL_HalfDuplex_Init                               build/stm32f4xx_hal_uart.o
HAL_IncTick                                       build/stm32f4xx_hal.o
                                                  build/stm32f4xx_it.o
HAL_Init                                          build/stm32f4xx_hal.o
                                                  build/main.o
HAL_InitTick                                      build/stm32f4xx_hal.o
                                                  build/stm32f4xx_hal_rcc_ex.o
                                                  build/stm32f4xx_hal_rcc.o
HAL_LIN_Init                                      build/stm32f4xx_hal_uart.o
HAL_LIN_SendBreak                                 build/stm32f4xx_hal_uart.o
HAL_MPU_ConfigRegion                              build/stm32f4xx_hal_cortex.o
HAL_MPU_Disable                                   build/stm32f4xx_hal_cortex.o
HAL_MPU_Enable                                    build/stm32f4xx_hal_cortex.o
HAL_MspDeInit                                     build/stm32f4xx_hal.o
HAL_MspInit                                       build/stm32f4xx_hal_msp.o
HAL_MultiProcessor_EnterMuteMode                  build/stm32f4xx_hal_uart.o
HAL_MultiProcessor_ExitMuteMode                   build/stm32f4xx_hal_uart.o
HAL_MultiProcessor_Init                           build/stm32f4xx_hal_uart.o
HAL_NVIC_ClearPendingIRQ                          build/stm32f4xx_hal_cortex.o
HAL_NVIC_DisableIRQ                               build/stm32f4xx_hal_cortex.o
                                                  build/usart.o
                                                  build/tim.o
HAL_NVIC_EnableIRQ                                build/stm32f4xx_hal_cortex.o
                                                  build/usart.o
                                                  build/tim.o
HAL_NVIC_GetActive                                build/stm32f4xx_hal_cortex.o
HAL_NVIC_GetPendingIRQ                            build/stm32f4xx_hal_cortex.o
HAL_NVIC_GetPriority                              build/stm32f4xx_hal_cortex.o
HAL_NVIC_GetPriorityGrouping                      build/stm32f4xx_hal_cortex.o
HAL_NVIC_SetPendingIRQ                            build/stm32f4xx_hal_cortex.o
HAL_NVIC_SetPriority                              build/stm32f4xx_hal_cortex.o
                                                  build/stm32f4xx_hal.o
                                                  build/usart.o
                                                  build/tim.o
HAL_NVIC_SetPriorityGrouping                      build/stm32f4xx_hal_cortex.o
                                                  build/stm32f4xx_hal.o
                                                  build/stm32f4xx_hal_msp.o
HAL_NVIC_SystemReset                              build/stm32f4xx_hal_cortex.o
HAL_PWREx_ControlVoltageScaling                   build/stm32f4xx_hal_pwr_ex.o
HAL_PWREx_DisableBkUpReg                          build/stm32f4xx_hal_pwr_ex.o
HAL_PWREx_DisableFlashPowerDown                   build/stm32f4xx_hal_pwr_ex.o
HAL_PWREx_DisableOverDrive                        build/stm32f4xx_hal_pwr_ex.o
HAL_PWREx_EnableBkUpReg                           build/stm32f4xx_hal_pwr_ex.o
HAL_PWREx_EnableFlashPowerDown                    build/stm32f4xx_hal_pwr_ex.o
HAL_PWREx_EnableOverDrive                         build/stm32f4xx_hal_pwr_ex.o
HAL_PWREx_EnterUnderDriveSTOPMode                 build/stm32f4xx_hal_pwr_ex.o
HAL_PWREx_GetVoltageRange                         build/stm32f4xx_hal_pwr_ex.o
HAL_PWR_ConfigPVD                                 build/stm32f4xx_hal_pwr.o
HAL_PWR_DeInit                                    build/stm32f4xx_hal_pwr.o
HAL_PWR_DisableBkUpAccess                         build/stm32f4xx_hal_pwr.o
HAL_PWR_DisablePVD                                build/stm32f4xx_hal_pwr.o
HAL_PWR_DisableSEVOnPend                          build/stm32f4xx_hal_pwr.o
HAL_PWR_DisableSleepOnExit                        build/stm32f4xx_hal_pwr.o
HAL_PWR_DisableWakeUpPin                          build/stm32f4xx_hal_pwr.o
HAL_PWR_EnableBkUpAccess                          build/stm32f4xx_hal_pwr.o
HAL_PWR_EnablePVD                                 build/stm32f4xx_hal_pwr.o
HAL_PWR_EnableSEVOnPend                           build/stm32f4xx_hal_pwr.o
HAL_PWR_EnableSleepOnExit                         build/stm32f4xx_hal_pwr.o
HAL_PWR_EnableWakeUpPin                           build/stm32f4xx_hal_pwr.o
HAL_PWR_EnterSLEEPMode                            build/stm32f4xx_hal_pwr.o
HAL_PWR_EnterSTANDBYMode                          build/stm32f4xx_hal_pwr.o
HAL_PWR_EnterSTOPMode                             build/stm32f4xx_hal_pwr.o
HAL_PWR_PVDCallback                               build/stm32f4xx_hal_pwr.o
HAL_PWR_PVD_IRQHandler                            build/stm32f4xx_hal_pwr.o
HAL_RCCEx_DisablePLLI2S                           build/stm32f4xx_hal_rcc_ex.o
HAL_RCCEx_DisablePLLSAI                           build/stm32f4xx_hal_rcc_ex.o
HAL_RCCEx_EnablePLLI2S                            build/stm32f4xx_hal_rcc_ex.o
HAL_RCCEx_EnablePLLSAI                            build/stm32f4xx_hal_rcc_ex.o
HAL_RCCEx_GetPeriphCLKConfig                      build/stm32f4xx_hal_rcc_ex.o
HAL_RCCEx_GetPeriphCLKFreq                        build/stm32f4xx_hal_rcc_ex.o
HAL_RCCEx_PeriphCLKConfig                         build/stm32f4xx_hal_rcc_ex.o
HAL_RCC_CSSCallback                               build/stm32f4xx_hal_rcc.o
HAL_RCC_ClockConfig                               build/stm32f4xx_hal_rcc.o
                                                  build/main.o
HAL_RCC_DeInit                                    build/stm32f4xx_hal_rcc_ex.o
                                                  build/stm32f4xx_hal_rcc.o
HAL_RCC_DisableCSS                                build/stm32f4xx_hal_rcc.o
HAL_RCC_EnableCSS                                 build/stm32f4xx_hal_rcc.o
HAL_RCC_GetClockConfig                            build/stm32f4xx_hal_rcc.o
HAL_RCC_GetHCLKFreq                               build/stm32f4xx_hal_rcc.o
HAL_RCC_GetOscConfig                              build/stm32f4xx_hal_rcc.o
HAL_RCC_GetPCLK1Freq                              build/stm32f4xx_hal_rcc.o
                                                  build/stm32f4xx_hal_uart.o
HAL_RCC_GetPCLK2Freq                              build/stm32f4xx_hal_rcc.o
                                                  build/stm32f4xx_hal_uart.o
HAL_RCC_GetSysClockFreq                           build/stm32f4xx_hal_rcc.o
HAL_RCC_MCOConfig                                 build/stm32f4xx_hal_rcc.o
HAL_RCC_NMI_IRQHandler                            build/stm32f4xx_hal_rcc.o
HAL_RCC_OscConfig                                 build/stm32f4xx_hal_rcc.o
                                                  build/main.o
HAL_ResumeTick                                    build/stm32f4xx_hal.o
HAL_SYSTICK_CLKSourceConfig                       build/stm32f4xx_hal_cortex.o
HAL_SYSTICK_Callback                              build/stm32f4xx_hal_cortex.o
HAL_SYSTICK_Config                                build/stm32f4xx_hal_cortex.o
                                                  build/stm32f4xx_hal.o
HAL_SYSTICK_IRQHandler                            build/stm32f4xx_hal_cortex.o
HAL_SetTickFreq                                   build/stm32f4xx_hal.o
HAL_SuspendTick                                   build/stm32f4xx_hal.o
HAL_TIMEx_BreakCallback                           build/stm32f4xx_hal_tim_ex.o
                                                  build/stm32f4xx_hal_tim.o
HAL_TIMEx_CommutCallback                          build/stm32f4xx_hal_tim_ex.o
                                                  build/stm32f4xx_hal_tim.o
HAL_TIMEx_CommutHalfCpltCallback                  build/stm32f4xx_hal_tim_ex.o
HAL_TIMEx_ConfigBreakDeadTime                     build/stm32f4xx_hal_tim_ex.o
HAL_TIMEx_ConfigCommutEvent                       build/stm32f4xx_hal_tim_ex.o
HAL_TIMEx_ConfigCommutEvent_DMA                   build/stm32f4xx_hal_tim_ex.o
HAL_TIMEx_ConfigCommutEvent_IT                    build/stm32f4xx_hal_tim_ex.o
HAL_TIMEx_GetChannelNState                        build/stm32f4xx_hal_tim_ex.o
HAL_TIMEx_HallSensor_DeInit                       build/stm32f4xx_hal_tim_ex.o
HAL_TIMEx_HallSensor_GetState                     build/stm32f4xx_hal_tim_ex.o
HAL_TIMEx_HallSensor_Init                         build/stm32f4xx_hal_tim_ex.o
HAL_TIMEx_HallSensor_MspDeInit                    build/stm32f4xx_hal_tim_ex.o
HAL_TIMEx_HallSensor_MspInit                      build/stm32f4xx_hal_tim_ex.o
HAL_TIMEx_HallSensor_Start                        build/stm32f4xx_hal_tim_ex.o
HAL_TIMEx_HallSensor_Start_DMA                    build/stm32f4xx_hal_tim_ex.o
HAL_TIMEx_HallSensor_Start_IT                     build/stm32f4xx_hal_tim_ex.o
HAL_TIMEx_HallSensor_Stop                         build/stm32f4xx_hal_tim_ex.o
HAL_TIMEx_HallSensor_Stop_DMA                     build/stm32f4xx_hal_tim_ex.o
HAL_TIMEx_HallSensor_Stop_IT                      build/stm32f4xx_hal_tim_ex.o
HAL_TIMEx_MasterConfigSynchronization             build/stm32f4xx_hal_tim_ex.o
                                                  build/tim.o
HAL_TIMEx_OCN_Start                               build/stm32f4xx_hal_tim_ex.o
HAL_TIMEx_OCN_Start_DMA                           build/stm32f4xx_hal_tim_ex.o
HAL_TIMEx_OCN_Start_IT                            build/stm32f4xx_hal_tim_ex.o
HAL_TIMEx_OCN_Stop                                build/stm32f4xx_hal_tim_ex.o
HAL_TIMEx_OCN_Stop_DMA                            build/stm32f4xx_hal_tim_ex.o
HAL_TIMEx_OCN_Stop_IT                             build/stm32f4xx_hal_tim_ex.o
HAL_TIMEx_OnePulseN_Start                         build/stm32f4xx_hal_tim_ex.o
HAL_TIMEx_OnePulseN_Start_IT                      build/stm32f4xx_hal_tim_ex.o
HAL_TIMEx_OnePulseN_Stop                          build/stm32f4xx_hal_tim_ex.o
HAL_TIMEx_OnePulseN_Stop_IT                       build/stm32f4xx_hal_tim_ex.o
HAL_TIMEx_PWMN_Start                              build/stm32f4xx_hal_tim_ex.o
HAL_TIMEx_PWMN_Start_DMA                          build/stm32f4xx_hal_tim_ex.o
HAL_TIMEx_PWMN_Start_IT                           build/stm32f4xx_hal_tim_ex.o
HAL_TIMEx_PWMN_Stop                               build/stm32f4xx_hal_tim_ex.o
HAL_TIMEx_PWMN_Stop_DMA                           build/stm32f4xx_hal_tim_ex.o
HAL_TIMEx_PWMN_Stop_IT                            build/stm32f4xx_hal_tim_ex.o
HAL_TIMEx_RemapConfig                             build/stm32f4xx_hal_tim_ex.o
HAL_TIM_Base_DeInit                               build/stm32f4xx_hal_tim.o
HAL_TIM_Base_GetState                             build/stm32f4xx_hal_tim.o
HAL_TIM_Base_Init                                 build/stm32f4xx_hal_tim.o
                                                  build/tim.o
HAL_TIM_Base_MspDeInit                            build/tim.o
HAL_TIM_Base_MspInit                              build/tim.o
HAL_TIM_Base_Start                                build/stm32f4xx_hal_tim.o
HAL_TIM_Base_Start_DMA                            build/stm32f4xx_hal_tim.o
HAL_TIM_Base_Start_IT                             build/stm32f4xx_hal_tim.o
                                                  build/main.o
HAL_TIM_Base_Stop                                 build/stm32f4xx_hal_tim.o
HAL_TIM_Base_Stop_DMA                             build/stm32f4xx_hal_tim.o
HAL_TIM_Base_Stop_IT                              build/stm32f4xx_hal_tim.o
HAL_TIM_ConfigClockSource                         build/stm32f4xx_hal_tim.o
                                                  build/tim.o
HAL_TIM_ConfigOCrefClear                          build/stm32f4xx_hal_tim.o
HAL_TIM_ConfigTI1Input                            build/stm32f4xx_hal_tim.o
HAL_TIM_DMABurstState                             build/stm32f4xx_hal_tim.o
HAL_TIM_DMABurst_MultiReadStart                   build/stm32f4xx_hal_tim.o
HAL_TIM_DMABurst_MultiWriteStart                  build/stm32f4xx_hal_tim.o
HAL_TIM_DMABurst_ReadStart                        build/stm32f4xx_hal_tim.o
HAL_TIM_DMABurst_ReadStop                         build/stm32f4xx_hal_tim.o
HAL_TIM_DMABurst_WriteStart                       build/stm32f4xx_hal_tim.o
HAL_TIM_DMABurst_WriteStop                        build/stm32f4xx_hal_tim.o
HAL_TIM_Encoder_DeInit                            build/stm32f4xx_hal_tim.o
HAL_TIM_Encoder_GetState                          build/stm32f4xx_hal_tim.o
HAL_TIM_Encoder_Init                              build/stm32f4xx_hal_tim.o
HAL_TIM_Encoder_MspDeInit                         build/stm32f4xx_hal_tim.o
HAL_TIM_Encoder_MspInit                           build/stm32f4xx_hal_tim.o
HAL_TIM_Encoder_Start                             build/stm32f4xx_hal_tim.o
HAL_TIM_Encoder_Start_DMA                         build/stm32f4xx_hal_tim.o
HAL_TIM_Encoder_Start_IT                          build/stm32f4xx_hal_tim.o
HAL_TIM_Encoder_Stop                              build/stm32f4xx_hal_tim.o
HAL_TIM_Encoder_Stop_DMA                          build/stm32f4xx_hal_tim.o
HAL_TIM_Encoder_Stop_IT                           build/stm32f4xx_hal_tim.o
HAL_TIM_ErrorCallback                             build/stm32f4xx_hal_tim.o
                                                  build/stm32f4xx_hal_tim_ex.o
HAL_TIM_GenerateEvent                             build/stm32f4xx_hal_tim.o
HAL_TIM_GetActiveChannel                          build/stm32f4xx_hal_tim.o
HAL_TIM_GetChannelState                           build/stm32f4xx_hal_tim.o
HAL_TIM_IC_CaptureCallback                        build/stm32f4xx_hal_tim.o
HAL_TIM_IC_CaptureHalfCpltCallback                build/stm32f4xx_hal_tim.o
HAL_TIM_IC_ConfigChannel                          build/stm32f4xx_hal_tim.o
HAL_TIM_IC_DeInit                                 build/stm32f4xx_hal_tim.o
HAL_TIM_IC_GetState                               build/stm32f4xx_hal_tim.o
HAL_TIM_IC_Init                                   build/stm32f4xx_hal_tim.o
HAL_TIM_IC_MspDeInit                              build/stm32f4xx_hal_tim.o
HAL_TIM_IC_MspInit                                build/stm32f4xx_hal_tim.o
HAL_TIM_IC_Start                                  build/stm32f4xx_hal_tim.o
HAL_TIM_IC_Start_DMA                              build/stm32f4xx_hal_tim.o
HAL_TIM_IC_Start_IT                               build/stm32f4xx_hal_tim.o
HAL_TIM_IC_Stop                                   build/stm32f4xx_hal_tim.o
HAL_TIM_IC_Stop_DMA                               build/stm32f4xx_hal_tim.o
HAL_TIM_IC_Stop_IT                                build/stm32f4xx_hal_tim.o
HAL_TIM_IRQHandler                                build/stm32f4xx_hal_tim.o
                                                  build/stm32f4xx_it.o
HAL_TIM_OC_ConfigChannel                          build/stm32f4xx_hal_tim.o
HAL_TIM_OC_DeInit                                 build/stm32f4xx_hal_tim.o
HAL_TIM_OC_DelayElapsedCallback                   build/stm32f4xx_hal_tim.o
HAL_TIM_OC_GetState                               build/stm32f4xx_hal_tim.o
HAL_TIM_OC_Init                                   build/stm32f4xx_hal_tim.o
HAL_TIM_OC_MspDeInit                              build/stm32f4xx_hal_tim.o
HAL_TIM_OC_MspInit                                build/stm32f4xx_hal_tim.o
HAL_TIM_OC_Start                                  build/stm32f4xx_hal_tim.o
HAL_TIM_OC_Start_DMA                              build/stm32f4xx_hal_tim.o
HAL_TIM_OC_Start_IT                               build/stm32f4xx_hal_tim.o
HAL_TIM_OC_Stop                                   build/stm32f4xx_hal_tim.o
HAL_TIM_OC_Stop_DMA                               build/stm32f4xx_hal_tim.o
HAL_TIM_OC_Stop_IT                                build/stm32f4xx_hal_tim.o
HAL_TIM_OnePulse_ConfigChannel                    build/stm32f4xx_hal_tim.o
HAL_TIM_OnePulse_DeInit                           build/stm32f4xx_hal_tim.o
HAL_TIM_OnePulse_GetState                         build/stm32f4xx_hal_tim.o
HAL_TIM_OnePulse_Init                             build/stm32f4xx_hal_tim.o
HAL_TIM_OnePulse_MspDeInit                        build/stm32f4xx_hal_tim.o
HAL_TIM_OnePulse_MspInit                          build/stm32f4xx_hal_tim.o
HAL_TIM_OnePulse_Start                            build/stm32f4xx_hal_tim.o
HAL_TIM_OnePulse_Start_IT                         build/stm32f4xx_hal_tim.o
HAL_TIM_OnePulse_Stop                             build/stm32f4xx_hal_tim.o
HAL_TIM_OnePulse_Stop_IT                          build/stm32f4xx_hal_tim.o
HAL_TIM_PWM_ConfigChannel                         build/stm32f4xx_hal_tim.o
HAL_TIM_PWM_DeInit                                build/stm32f4xx_hal_tim.o
HAL_TIM_PWM_GetState                              build/stm32f4xx_hal_tim.o
HAL_TIM_PWM_Init                                  build/stm32f4xx_hal_tim.o
HAL_TIM_PWM_MspDeInit                             build/stm32f4xx_hal_tim.o
HAL_TIM_PWM_MspInit                               build/stm32f4xx_hal_tim.o
HAL_TIM_PWM_PulseFinishedCallback                 build/stm32f4xx_hal_tim.o
                                                  build/stm32f4xx_hal_tim_ex.o
HAL_TIM_PWM_PulseFinishedHalfCpltCallback         build/stm32f4xx_hal_tim.o
HAL_TIM_PWM_Start                                 build/stm32f4xx_hal_tim.o
HAL_TIM_PWM_Start_DMA                             build/stm32f4xx_hal_tim.o
HAL_TIM_PWM_Start_IT                              build/stm32f4xx_hal_tim.o
HAL_TIM_PWM_Stop                                  build/stm32f4xx_hal_tim.o
HAL_TIM_PWM_Stop_DMA                              build/stm32f4xx_hal_tim.o
HAL_TIM_PWM_Stop_IT                               build/stm32f4xx_hal_tim.o
HAL_TIM_PeriodElapsedCallback                     build/main.o
HAL_TIM_PeriodElapsedHalfCpltCallback             build/stm32f4xx_hal_tim.o
HAL_TIM_ReadCapturedValue                         build/stm32f4xx_hal_tim.o
HAL_TIM_SlaveConfigSynchro                        build/stm32f4xx_hal_tim.o
HAL_TIM_SlaveConfigSynchro_IT                     build/stm32f4xx_hal_tim.o
HAL_TIM_TriggerCallback                           build/stm32f4xx_hal_tim.o
HAL_TIM_TriggerHalfCpltCallback                   build/stm32f4xx_hal_tim.o
HAL_UARTEx_ReceiveToIdle                          build/stm32f4xx_hal_uart.o
HAL_UARTEx_ReceiveToIdle_DMA                      build/stm32f4xx_hal_uart.o
HAL_UARTEx_ReceiveToIdle_IT                       build/stm32f4xx_hal_uart.o
HAL_UARTEx_RxEventCallback                        build/stm32f4xx_hal_uart.o
HAL_UART_Abort                                    build/stm32f4xx_hal_uart.o
HAL_UART_AbortCpltCallback                        build/stm32f4xx_hal_uart.o
HAL_UART_AbortReceive                             build/stm32f4xx_hal_uart.o
HAL_UART_AbortReceiveCpltCallback                 build/stm32f4xx_hal_uart.o
HAL_UART_AbortReceive_IT                          build/stm32f4xx_hal_uart.o
HAL_UART_AbortTransmit                            build/stm32f4xx_hal_uart.o
HAL_UART_AbortTransmitCpltCallback                build/stm32f4xx_hal_uart.o
HAL_UART_AbortTransmit_IT                         build/stm32f4xx_hal_uart.o
HAL_UART_Abort_IT                                 build/stm32f4xx_hal_uart.o
HAL_UART_DMAPause                                 build/stm32f4xx_hal_uart.o
HAL_UART_DMAResume                                build/stm32f4xx_hal_uart.o
HAL_UART_DMAStop                                  build/stm32f4xx_hal_uart.o
HAL_UART_DeInit                                   build/stm32f4xx_hal_uart.o
HAL_UART_ErrorCallback                            build/stm32f4xx_hal_uart.o
HAL_UART_GetError                                 build/stm32f4xx_hal_uart.o
HAL_UART_GetState                                 build/stm32f4xx_hal_uart.o
HAL_UART_IRQHandler                               build/stm32f4xx_hal_uart.o
                                                  build/stm32f4xx_it.o
HAL_UART_Init                                     build/stm32f4xx_hal_uart.o
                                                  build/usart.o
HAL_UART_MspDeInit                                build/usart.o
HAL_UART_MspInit                                  build/usart.o
HAL_UART_Receive                                  build/stm32f4xx_hal_uart.o
HAL_UART_Receive_DMA                              build/stm32f4xx_hal_uart.o
HAL_UART_Receive_IT                               build/stm32f4xx_hal_uart.o
                                                  build/main.o
HAL_UART_RxCpltCallback                           build/main.o
HAL_UART_RxHalfCpltCallback                       build/stm32f4xx_hal_uart.o
HAL_UART_Transmit                                 build/stm32f4xx_hal_uart.o
                                                  build/main.o
HAL_UART_Transmit_DMA                             build/stm32f4xx_hal_uart.o
HAL_UART_Transmit_IT                              build/stm32f4xx_hal_uart.o
HAL_UART_TxCpltCallback                           build/stm32f4xx_hal_uart.o
HAL_UART_TxHalfCpltCallback                       build/stm32f4xx_hal_uart.o
HASH_RNG_IRQHandler                               build/startup_stm32f429xx.o
HardFault_Handler                                 build/stm32f4xx_it.o
I2C1_ER_IRQHandler                                build/startup_stm32f429xx.o
I2C1_EV_IRQHandler                                build/startup_stm32f429xx.o
I2C2_ER_IRQHandler                                build/startup_stm32f429xx.o
I2C2_EV_IRQHandler                                build/startup_stm32f429xx.o
I2C3_ER_IRQHandler                                build/startup_stm32f429xx.o
I2C3_EV_IRQHandler                                build/startup_stm32f429xx.o
ID                                                build/main.o
ID_list                                           build/main.o
LTDC_ER_IRQHandler                                build/startup_stm32f429xx.o
LTDC_IRQHandler                                   build/startup_stm32f429xx.o
MX_GPIO_Init                                      build/gpio.o
                                                  build/main.o
MX_TIM4_Init                                      build/tim.o
                                                  build/main.o
MX_UART4_Init                                     build/usart.o
                                                  build/main.o
MX_UART5_Init                                     build/usart.o
                                                  build/main.o
MemManage_Handler                                 build/stm32f4xx_it.o
NMI_Handler                                       build/stm32f4xx_it.o
OTG_FS_IRQHandler                                 build/startup_stm32f429xx.o
OTG_FS_WKUP_IRQHandler                            build/startup_stm32f429xx.o
OTG_HS_EP1_IN_IRQHandler                          build/startup_stm32f429xx.o
OTG_HS_EP1_OUT_IRQHandler                         build/startup_stm32f429xx.o
OTG_HS_IRQHandler                                 build/startup_stm32f429xx.o
OTG_HS_WKUP_IRQHandler                            build/startup_stm32f429xx.o
PVD_IRQHandler                                    build/startup_stm32f429xx.o
PendSV_Handler                                    build/stm32f4xx_it.o
RCC_IRQHandler                                    build/startup_stm32f429xx.o
RS485_RX_Task                                     build/main.o
RS485_Read_Message                                build/main.o
RS485_Send_Message                                build/main.o
RTC_Alarm_IRQHandler                              build/startup_stm32f429xx.o
RTC_WKUP_IRQHandler                               build/startup_stm32f429xx.o
RX_msg                                            build/main.o
Reset_Handler                                     build/startup_stm32f429xx.o
SAI1_IRQHandler                                   build/startup_stm32f429xx.o
SDIO_IRQHandler                                   build/startup_stm32f429xx.o
SPI1_IRQHandler                                   build/startup_stm32f429xx.o
SPI2_IRQHandler                                   build/startup_stm32f429xx.o
SPI3_IRQHandler                                   build/startup_stm32f429xx.o
SPI4_IRQHandler                                   build/startup_stm32f429xx.o
SPI5_IRQHandler                                   build/startup_stm32f429xx.o
SPI6_IRQHandler                                   build/startup_stm32f429xx.o
SVC_Handler                                       build/stm32f4xx_it.o